2026-06-13 16:26:04,304 - INFO - 
--- Preparing Fold 2/5 ---
2026-06-13 16:26:04,304 - INFO - Base True Samples: 200 | Pseudo Samples: 7000
2026-06-13 16:26:04,304 - INFO - Oversampling True Data by factor of 5 to balance Mixed Batch.
2026-06-13 16:26:04,595 - INFO - === Starting Training for Fold 2 ===
2026-06-13 16:27:22,066 - INFO - [Fold 2] Epoch [01/25] | LR: 1.00e-03 | Train Loss: 1.2034 | Val Loss: 1.2678 | F1: 0.5272 | B-Acc: 0.5400
2026-06-13 16:27:22,157 - INFO - [Fold 2] --> Saved new best model (F1: 0.5272)
2026-06-13 16:28:39,005 - INFO - [Fold 2] Epoch [02/25] | LR: 9.96e-04 | Train Loss: 1.0215 | Val Loss: 0.9984 | F1: 0.6322 | B-Acc: 0.6400
2026-06-13 16:28:39,147 - INFO - [Fold 2] --> Saved new best model (F1: 0.6322)
2026-06-13 16:29:56,036 - INFO - [Fold 2] Epoch [03/25] | LR: 9.84e-04 | Train Loss: 0.9590 | Val Loss: 0.9586 | F1: 0.6858 | B-Acc: 0.6800
2026-06-13 16:29:56,205 - INFO - [Fold 2] --> Saved new best model (F1: 0.6858)
2026-06-13 16:31:12,772 - INFO - [Fold 2] Epoch [04/25] | LR: 9.65e-04 | Train Loss: 0.9516 | Val Loss: 0.9098 | F1: 0.6852 | B-Acc: 0.6800
2026-06-13 16:32:29,286 - INFO - [Fold 2] Epoch [05/25] | LR: 9.38e-04 | Train Loss: 0.9347 | Val Loss: 0.9509 | F1: 0.6561 | B-Acc: 0.6600
2026-06-13 16:33:47,194 - INFO - [Fold 2] Epoch [06/25] | LR: 9.05e-04 | Train Loss: 0.9124 | Val Loss: 1.0667 | F1: 0.6241 | B-Acc: 0.6200
2026-06-13 16:35:05,087 - INFO - [Fold 2] Epoch [07/25] | LR: 8.65e-04 | Train Loss: 0.8680 | Val Loss: 1.0502 | F1: 0.6128 | B-Acc: 0.6200
2026-06-13 16:36:22,209 - INFO - [Fold 2] Epoch [08/25] | LR: 8.19e-04 | Train Loss: 0.8781 | Val Loss: 0.8814 | F1: 0.7018 | B-Acc: 0.7000
2026-06-13 16:36:22,357 - INFO - [Fold 2] --> Saved new best model (F1: 0.7018)
2026-06-13 16:37:39,962 - INFO - [Fold 2] Epoch [09/25] | LR: 7.68e-04 | Train Loss: 0.8468 | Val Loss: 1.0711 | F1: 0.5801 | B-Acc: 0.5800
2026-06-13 16:38:57,623 - INFO - [Fold 2] Epoch [10/25] | LR: 7.13e-04 | Train Loss: 0.8267 | Val Loss: 0.9551 | F1: 0.6501 | B-Acc: 0.6600
2026-06-13 16:40:15,169 - INFO - [Fold 2] Epoch [11/25] | LR: 6.55e-04 | Train Loss: 0.8473 | Val Loss: 0.9050 | F1: 0.6980 | B-Acc: 0.7000
2026-06-13 16:41:32,541 - INFO - [Fold 2] Epoch [12/25] | LR: 5.94e-04 | Train Loss: 0.8442 | Val Loss: 0.8111 | F1: 0.7155 | B-Acc: 0.7200
2026-06-13 16:41:32,716 - INFO - [Fold 2] --> Saved new best model (F1: 0.7155)
2026-06-13 16:42:50,217 - INFO - [Fold 2] Epoch [13/25] | LR: 5.32e-04 | Train Loss: 0.7810 | Val Loss: 0.9023 | F1: 0.7201 | B-Acc: 0.7200
2026-06-13 16:42:50,362 - INFO - [Fold 2] --> Saved new best model (F1: 0.7201)
2026-06-13 16:44:07,905 - INFO - [Fold 2] Epoch [14/25] | LR: 4.69e-04 | Train Loss: 0.7750 | Val Loss: 1.1362 | F1: 0.6763 | B-Acc: 0.6800
2026-06-13 16:45:25,285 - INFO - [Fold 2] Epoch [15/25] | LR: 4.07e-04 | Train Loss: 0.7722 | Val Loss: 1.0256 | F1: 0.6965 | B-Acc: 0.7000
2026-06-13 16:46:42,606 - INFO - [Fold 2] Epoch [16/25] | LR: 3.46e-04 | Train Loss: 0.7818 | Val Loss: 0.9430 | F1: 0.7221 | B-Acc: 0.7200
2026-06-13 16:46:42,798 - INFO - [Fold 2] --> Saved new best model (F1: 0.7221)
2026-06-13 16:48:00,222 - INFO - [Fold 2] Epoch [17/25] | LR: 2.88e-04 | Train Loss: 0.7430 | Val Loss: 1.0549 | F1: 0.7252 | B-Acc: 0.7200
2026-06-13 16:48:00,354 - INFO - [Fold 2] --> Saved new best model (F1: 0.7252)
2026-06-13 16:49:18,026 - INFO - [Fold 2] Epoch [18/25] | LR: 2.33e-04 | Train Loss: 0.7095 | Val Loss: 1.1341 | F1: 0.6514 | B-Acc: 0.6600
2026-06-13 16:50:35,444 - INFO - [Fold 2] Epoch [19/25] | LR: 1.82e-04 | Train Loss: 0.7070 | Val Loss: 1.1023 | F1: 0.6998 | B-Acc: 0.7000
2026-06-13 16:51:52,918 - INFO - [Fold 2] Epoch [20/25] | LR: 1.36e-04 | Train Loss: 0.7054 | Val Loss: 1.3369 | F1: 0.7047 | B-Acc: 0.7000
2026-06-13 16:53:10,498 - INFO - [Fold 2] Epoch [21/25] | LR: 9.64e-05 | Train Loss: 0.6817 | Val Loss: 1.0860 | F1: 0.6998 | B-Acc: 0.7000
2026-06-13 16:54:27,895 - INFO - [Fold 2] Epoch [22/25] | LR: 6.28e-05 | Train Loss: 0.6996 | Val Loss: 1.3055 | F1: 0.6622 | B-Acc: 0.6600
2026-06-13 16:55:45,649 - INFO - [Fold 2] Epoch [23/25] | LR: 3.61e-05 | Train Loss: 0.7210 | Val Loss: 1.2919 | F1: 0.6965 | B-Acc: 0.7000
2026-06-13 16:57:02,990 - INFO - [Fold 2] Epoch [24/25] | LR: 1.67e-05 | Train Loss: 0.6854 | Val Loss: 1.3463 | F1: 0.6965 | B-Acc: 0.7000
2026-06-13 16:58:20,417 - INFO - [Fold 2] Epoch [25/25] | LR: 4.94e-06 | Train Loss: 0.6817 | Val Loss: 1.3635 | F1: 0.6965 | B-Acc: 0.7000
