2026-06-07 21:57:02,258 - INFO - === Experiment Configurations ===
2026-06-07 21:57:02,258 - INFO - data_path: /root/autodl-tmp/data/train_few_shot/
2026-06-07 21:57:02,258 - INFO - weight_path: /root/autodl-tmp/weights/dinov2_small.bin
2026-06-07 21:57:02,258 - INFO - name: dino_lora
2026-06-07 21:57:02,258 - INFO - batch_size: 16
2026-06-07 21:57:02,258 - INFO - epochs: 50
2026-06-07 21:57:02,258 - INFO - lr: 0.0001
2026-06-07 21:57:02,258 - INFO - seed: 42
2026-06-07 21:57:02,258 - INFO - val_split: 0.15
2026-06-07 21:57:02,258 - INFO - num_workers: 4
2026-06-07 21:57:02,258 - INFO - lora_r: 8
2026-06-07 21:57:02,258 - INFO - lora_alpha: 16
2026-06-07 21:57:02,258 - INFO - lora_dropout: 0.1
2026-06-07 21:57:02,258 - INFO - Run directory: runs/train/dino_lora2
2026-06-07 21:57:02,259 - INFO - Loading dataset and applying Stratified Split...
2026-06-07 21:57:02,259 - INFO - Classes found: ['Class_0', 'Class_1', 'Class_2', 'Class_3', 'Class_4']
2026-06-07 21:57:02,261 - INFO - Train size: 212 | Val size: 38
2026-06-07 21:57:02,261 - INFO - Using device: cuda
2026-06-07 21:57:02,761 - INFO - Trainable Parameters: 149381 || All Parameters: 22207498 || Trainable %: 0.6727%
2026-06-07 21:57:05,895 - INFO - Epoch [01/50] | Train Loss: 2.0394 | Val Loss: 1.9194 | Macro-F1: 0.1400 | Balanced Acc: 0.1857
2026-06-07 21:57:06,033 - INFO - --> Saved new best model with Macro-F1: 0.1400
2026-06-07 21:57:08,747 - INFO - Epoch [02/50] | Train Loss: 1.6613 | Val Loss: 1.7072 | Macro-F1: 0.1820 | Balanced Acc: 0.2250
2026-06-07 21:57:08,981 - INFO - --> Saved new best model with Macro-F1: 0.1820
2026-06-07 21:57:11,654 - INFO - Epoch [03/50] | Train Loss: 1.6792 | Val Loss: 1.6631 | Macro-F1: 0.2264 | Balanced Acc: 0.2929
2026-06-07 21:57:11,843 - INFO - --> Saved new best model with Macro-F1: 0.2264
2026-06-07 21:57:14,569 - INFO - Epoch [04/50] | Train Loss: 1.5469 | Val Loss: 1.6228 | Macro-F1: 0.3065 | Balanced Acc: 0.3536
2026-06-07 21:57:14,767 - INFO - --> Saved new best model with Macro-F1: 0.3065
2026-06-07 21:57:17,525 - INFO - Epoch [05/50] | Train Loss: 1.5161 | Val Loss: 1.5741 | Macro-F1: 0.3208 | Balanced Acc: 0.3214
2026-06-07 21:57:17,741 - INFO - --> Saved new best model with Macro-F1: 0.3208
2026-06-07 21:57:20,457 - INFO - Epoch [06/50] | Train Loss: 1.4332 | Val Loss: 1.5284 | Macro-F1: 0.2593 | Balanced Acc: 0.2857
2026-06-07 21:57:23,138 - INFO - Epoch [07/50] | Train Loss: 1.3845 | Val Loss: 1.4577 | Macro-F1: 0.2999 | Balanced Acc: 0.3464
2026-06-07 21:57:25,868 - INFO - Epoch [08/50] | Train Loss: 1.3212 | Val Loss: 1.3948 | Macro-F1: 0.3558 | Balanced Acc: 0.3750
2026-06-07 21:57:26,102 - INFO - --> Saved new best model with Macro-F1: 0.3558
2026-06-07 21:57:28,801 - INFO - Epoch [09/50] | Train Loss: 1.2843 | Val Loss: 1.3801 | Macro-F1: 0.3092 | Balanced Acc: 0.3714
2026-06-07 21:57:31,564 - INFO - Epoch [10/50] | Train Loss: 1.2329 | Val Loss: 1.3834 | Macro-F1: 0.3821 | Balanced Acc: 0.4071
2026-06-07 21:57:31,814 - INFO - --> Saved new best model with Macro-F1: 0.3821
2026-06-07 21:57:34,505 - INFO - Epoch [11/50] | Train Loss: 1.1723 | Val Loss: 1.3397 | Macro-F1: 0.4040 | Balanced Acc: 0.4286
2026-06-07 21:57:34,665 - INFO - --> Saved new best model with Macro-F1: 0.4040
2026-06-07 21:57:37,356 - INFO - Epoch [12/50] | Train Loss: 1.1650 | Val Loss: 1.2825 | Macro-F1: 0.4473 | Balanced Acc: 0.5107
2026-06-07 21:57:37,590 - INFO - --> Saved new best model with Macro-F1: 0.4473
2026-06-07 21:57:40,281 - INFO - Epoch [13/50] | Train Loss: 1.0894 | Val Loss: 1.3081 | Macro-F1: 0.3731 | Balanced Acc: 0.4179
2026-06-07 21:57:42,985 - INFO - Epoch [14/50] | Train Loss: 1.0383 | Val Loss: 1.3245 | Macro-F1: 0.4608 | Balanced Acc: 0.4786
2026-06-07 21:57:43,224 - INFO - --> Saved new best model with Macro-F1: 0.4608
2026-06-07 21:57:45,951 - INFO - Epoch [15/50] | Train Loss: 0.9947 | Val Loss: 1.3142 | Macro-F1: 0.4087 | Balanced Acc: 0.4571
2026-06-07 21:57:48,677 - INFO - Epoch [16/50] | Train Loss: 0.9668 | Val Loss: 1.2861 | Macro-F1: 0.4588 | Balanced Acc: 0.4750
2026-06-07 21:57:51,373 - INFO - Epoch [17/50] | Train Loss: 0.8669 | Val Loss: 1.2913 | Macro-F1: 0.4717 | Balanced Acc: 0.5357
2026-06-07 21:57:51,591 - INFO - --> Saved new best model with Macro-F1: 0.4717
2026-06-07 21:57:54,330 - INFO - Epoch [18/50] | Train Loss: 0.8606 | Val Loss: 1.2969 | Macro-F1: 0.4445 | Balanced Acc: 0.4821
2026-06-07 21:57:57,043 - INFO - Epoch [19/50] | Train Loss: 0.9051 | Val Loss: 1.2368 | Macro-F1: 0.5214 | Balanced Acc: 0.5357
2026-06-07 21:57:57,277 - INFO - --> Saved new best model with Macro-F1: 0.5214
2026-06-07 21:58:00,016 - INFO - Epoch [20/50] | Train Loss: 0.8425 | Val Loss: 1.2437 | Macro-F1: 0.5738 | Balanced Acc: 0.5857
2026-06-07 21:58:00,210 - INFO - --> Saved new best model with Macro-F1: 0.5738
2026-06-07 21:58:02,943 - INFO - Epoch [21/50] | Train Loss: 0.8202 | Val Loss: 1.2338 | Macro-F1: 0.5956 | Balanced Acc: 0.6107
2026-06-07 21:58:03,141 - INFO - --> Saved new best model with Macro-F1: 0.5956
2026-06-07 21:58:05,889 - INFO - Epoch [22/50] | Train Loss: 0.7515 | Val Loss: 1.2735 | Macro-F1: 0.4787 | Balanced Acc: 0.5000
2026-06-07 21:58:08,628 - INFO - Epoch [23/50] | Train Loss: 0.7447 | Val Loss: 1.2450 | Macro-F1: 0.5093 | Balanced Acc: 0.5321
2026-06-07 21:58:11,374 - INFO - Epoch [24/50] | Train Loss: 0.6437 | Val Loss: 1.2554 | Macro-F1: 0.5471 | Balanced Acc: 0.5571
2026-06-07 21:58:14,143 - INFO - Epoch [25/50] | Train Loss: 0.7115 | Val Loss: 1.3174 | Macro-F1: 0.4470 | Balanced Acc: 0.4821
2026-06-07 21:58:16,880 - INFO - Epoch [26/50] | Train Loss: 0.6574 | Val Loss: 1.2848 | Macro-F1: 0.5473 | Balanced Acc: 0.5571
2026-06-07 21:58:19,609 - INFO - Epoch [27/50] | Train Loss: 0.6993 | Val Loss: 1.3124 | Macro-F1: 0.5428 | Balanced Acc: 0.5536
2026-06-07 21:58:22,336 - INFO - Epoch [28/50] | Train Loss: 0.7113 | Val Loss: 1.2350 | Macro-F1: 0.5702 | Balanced Acc: 0.5786
2026-06-07 21:58:25,060 - INFO - Epoch [29/50] | Train Loss: 0.6476 | Val Loss: 1.3163 | Macro-F1: 0.5422 | Balanced Acc: 0.5500
2026-06-07 21:58:27,777 - INFO - Epoch [30/50] | Train Loss: 0.5509 | Val Loss: 1.2342 | Macro-F1: 0.5231 | Balanced Acc: 0.5286
2026-06-07 21:58:30,507 - INFO - Epoch [31/50] | Train Loss: 0.5995 | Val Loss: 1.2084 | Macro-F1: 0.5679 | Balanced Acc: 0.5821
2026-06-07 21:58:33,240 - INFO - Epoch [32/50] | Train Loss: 0.5141 | Val Loss: 1.1967 | Macro-F1: 0.4960 | Balanced Acc: 0.5286
2026-06-07 21:58:35,970 - INFO - Epoch [33/50] | Train Loss: 0.5077 | Val Loss: 1.2405 | Macro-F1: 0.5997 | Balanced Acc: 0.6071
2026-06-07 21:58:36,180 - INFO - --> Saved new best model with Macro-F1: 0.5997
2026-06-07 21:58:38,890 - INFO - Epoch [34/50] | Train Loss: 0.4627 | Val Loss: 1.1827 | Macro-F1: 0.6506 | Balanced Acc: 0.6571
2026-06-07 21:58:39,102 - INFO - --> Saved new best model with Macro-F1: 0.6506
2026-06-07 21:58:41,803 - INFO - Epoch [35/50] | Train Loss: 0.4349 | Val Loss: 1.3176 | Macro-F1: 0.4657 | Balanced Acc: 0.5000
2026-06-07 21:58:44,551 - INFO - Epoch [36/50] | Train Loss: 0.4371 | Val Loss: 1.1953 | Macro-F1: 0.6083 | Balanced Acc: 0.6071
2026-06-07 21:58:47,295 - INFO - Epoch [37/50] | Train Loss: 0.4508 | Val Loss: 1.3959 | Macro-F1: 0.5690 | Balanced Acc: 0.5821
2026-06-07 21:58:50,026 - INFO - Epoch [38/50] | Train Loss: 0.3933 | Val Loss: 1.2581 | Macro-F1: 0.6014 | Balanced Acc: 0.6107
2026-06-07 21:58:52,771 - INFO - Epoch [39/50] | Train Loss: 0.3938 | Val Loss: 1.2750 | Macro-F1: 0.5750 | Balanced Acc: 0.5821
2026-06-07 21:58:55,529 - INFO - Epoch [40/50] | Train Loss: 0.3800 | Val Loss: 1.2049 | Macro-F1: 0.5601 | Balanced Acc: 0.5571
2026-06-07 21:58:58,303 - INFO - Epoch [41/50] | Train Loss: 0.3079 | Val Loss: 1.1964 | Macro-F1: 0.5135 | Balanced Acc: 0.5286
2026-06-07 21:59:01,094 - INFO - Epoch [42/50] | Train Loss: 0.4231 | Val Loss: 1.2598 | Macro-F1: 0.5760 | Balanced Acc: 0.5857
2026-06-07 21:59:03,843 - INFO - Epoch [43/50] | Train Loss: 0.3023 | Val Loss: 1.3154 | Macro-F1: 0.5018 | Balanced Acc: 0.5286
2026-06-07 21:59:06,507 - INFO - Epoch [44/50] | Train Loss: 0.2847 | Val Loss: 1.2904 | Macro-F1: 0.5760 | Balanced Acc: 0.5857
2026-06-07 21:59:09,235 - INFO - Epoch [45/50] | Train Loss: 0.2644 | Val Loss: 1.3304 | Macro-F1: 0.5408 | Balanced Acc: 0.5607
2026-06-07 21:59:11,944 - INFO - Epoch [46/50] | Train Loss: 0.3014 | Val Loss: 1.1286 | Macro-F1: 0.6266 | Balanced Acc: 0.6393
2026-06-07 21:59:14,659 - INFO - Epoch [47/50] | Train Loss: 0.3327 | Val Loss: 1.4061 | Macro-F1: 0.4802 | Balanced Acc: 0.5393
2026-06-07 21:59:17,399 - INFO - Epoch [48/50] | Train Loss: 0.2507 | Val Loss: 1.3994 | Macro-F1: 0.5756 | Balanced Acc: 0.5857
2026-06-07 21:59:20,153 - INFO - Epoch [49/50] | Train Loss: 0.2526 | Val Loss: 1.2463 | Macro-F1: 0.6343 | Balanced Acc: 0.6321
2026-06-07 21:59:22,895 - INFO - Epoch [50/50] | Train Loss: 0.2421 | Val Loss: 1.3632 | Macro-F1: 0.5744 | Balanced Acc: 0.5857
2026-06-07 21:59:23,005 - INFO - Training completed. Last model saved.
