2026-06-11 20:04:42,719 - INFO - 
--- Preparing Fold 2/5 ---
2026-06-11 20:04:42,719 - INFO - Base True Samples: 200 | Pseudo Samples: 5690
2026-06-11 20:04:42,719 - INFO - Oversampling True Data by factor of 5 to balance Mixed Batch.
2026-06-11 20:04:43,007 - INFO - === Starting Training for Fold 2 ===
2026-06-11 20:05:47,484 - INFO - [Fold 2] Epoch [01/30] | LR: 1.00e-03 | Train Loss: 1.2821 | Val Loss: 0.9218 | F1: 0.6382 | B-Acc: 0.6400
2026-06-11 20:05:47,562 - INFO - [Fold 2] --> Saved new best model (F1: 0.6382)
2026-06-11 20:06:52,037 - INFO - [Fold 2] Epoch [02/30] | LR: 9.97e-04 | Train Loss: 1.0892 | Val Loss: 0.9903 | F1: 0.6593 | B-Acc: 0.6600
2026-06-11 20:06:52,224 - INFO - [Fold 2] --> Saved new best model (F1: 0.6593)
2026-06-11 20:07:56,845 - INFO - [Fold 2] Epoch [03/30] | LR: 9.89e-04 | Train Loss: 1.0600 | Val Loss: 0.9666 | F1: 0.5541 | B-Acc: 0.5600
2026-06-11 20:09:01,218 - INFO - [Fold 2] Epoch [04/30] | LR: 9.76e-04 | Train Loss: 1.0464 | Val Loss: 0.9338 | F1: 0.6492 | B-Acc: 0.6400
2026-06-11 20:10:05,748 - INFO - [Fold 2] Epoch [05/30] | LR: 9.57e-04 | Train Loss: 0.9920 | Val Loss: 0.8317 | F1: 0.6790 | B-Acc: 0.6800
2026-06-11 20:10:05,932 - INFO - [Fold 2] --> Saved new best model (F1: 0.6790)
2026-06-11 20:11:10,736 - INFO - [Fold 2] Epoch [06/30] | LR: 9.33e-04 | Train Loss: 0.9709 | Val Loss: 0.8100 | F1: 0.7359 | B-Acc: 0.7400
2026-06-11 20:11:10,927 - INFO - [Fold 2] --> Saved new best model (F1: 0.7359)
2026-06-11 20:12:15,531 - INFO - [Fold 2] Epoch [07/30] | LR: 9.05e-04 | Train Loss: 0.9877 | Val Loss: 0.9232 | F1: 0.6538 | B-Acc: 0.6600
2026-06-11 20:13:20,046 - INFO - [Fold 2] Epoch [08/30] | LR: 8.72e-04 | Train Loss: 0.9508 | Val Loss: 0.9500 | F1: 0.6794 | B-Acc: 0.6800
2026-06-11 20:14:24,493 - INFO - [Fold 2] Epoch [09/30] | LR: 8.35e-04 | Train Loss: 0.9420 | Val Loss: 1.0634 | F1: 0.5809 | B-Acc: 0.5800
2026-06-11 20:15:28,936 - INFO - [Fold 2] Epoch [10/30] | LR: 7.94e-04 | Train Loss: 0.9300 | Val Loss: 0.9259 | F1: 0.7221 | B-Acc: 0.7200
2026-06-11 20:16:33,309 - INFO - [Fold 2] Epoch [11/30] | LR: 7.50e-04 | Train Loss: 0.9099 | Val Loss: 0.9380 | F1: 0.5811 | B-Acc: 0.6200
2026-06-11 20:17:37,718 - INFO - [Fold 2] Epoch [12/30] | LR: 7.04e-04 | Train Loss: 0.9068 | Val Loss: 0.9696 | F1: 0.6264 | B-Acc: 0.6400
2026-06-11 20:18:42,249 - INFO - [Fold 2] Epoch [13/30] | LR: 6.55e-04 | Train Loss: 0.8696 | Val Loss: 0.8029 | F1: 0.7780 | B-Acc: 0.7800
2026-06-11 20:18:42,443 - INFO - [Fold 2] --> Saved new best model (F1: 0.7780)
2026-06-11 20:19:46,928 - INFO - [Fold 2] Epoch [14/30] | LR: 6.04e-04 | Train Loss: 0.8643 | Val Loss: 0.9281 | F1: 0.7389 | B-Acc: 0.7400
2026-06-11 20:20:51,494 - INFO - [Fold 2] Epoch [15/30] | LR: 5.53e-04 | Train Loss: 0.8565 | Val Loss: 0.8915 | F1: 0.7235 | B-Acc: 0.7200
2026-06-11 20:21:55,976 - INFO - [Fold 2] Epoch [16/30] | LR: 5.01e-04 | Train Loss: 0.8297 | Val Loss: 1.0822 | F1: 0.7267 | B-Acc: 0.7200
2026-06-11 20:23:00,746 - INFO - [Fold 2] Epoch [17/30] | LR: 4.48e-04 | Train Loss: 0.8169 | Val Loss: 0.8197 | F1: 0.6923 | B-Acc: 0.7000
2026-06-11 20:24:05,258 - INFO - [Fold 2] Epoch [18/30] | LR: 3.97e-04 | Train Loss: 0.8307 | Val Loss: 0.8900 | F1: 0.7551 | B-Acc: 0.7600
2026-06-11 20:25:10,108 - INFO - [Fold 2] Epoch [19/30] | LR: 3.46e-04 | Train Loss: 0.8056 | Val Loss: 0.9651 | F1: 0.7192 | B-Acc: 0.7200
2026-06-11 20:26:15,284 - INFO - [Fold 2] Epoch [20/30] | LR: 2.97e-04 | Train Loss: 0.7575 | Val Loss: 1.0127 | F1: 0.6925 | B-Acc: 0.7000
2026-06-11 20:27:20,268 - INFO - [Fold 2] Epoch [21/30] | LR: 2.51e-04 | Train Loss: 0.7726 | Val Loss: 1.0167 | F1: 0.6984 | B-Acc: 0.7000
2026-06-11 20:28:25,305 - INFO - [Fold 2] Epoch [22/30] | LR: 2.07e-04 | Train Loss: 0.7691 | Val Loss: 0.9497 | F1: 0.7378 | B-Acc: 0.7400
2026-06-11 20:29:31,925 - INFO - [Fold 2] Epoch [23/30] | LR: 1.66e-04 | Train Loss: 0.7447 | Val Loss: 1.1709 | F1: 0.7174 | B-Acc: 0.7200
2026-06-11 20:30:37,831 - INFO - [Fold 2] Epoch [24/30] | LR: 1.29e-04 | Train Loss: 0.7765 | Val Loss: 1.4277 | F1: 0.7174 | B-Acc: 0.7200
2026-06-11 20:31:43,177 - INFO - [Fold 2] Epoch [25/30] | LR: 9.64e-05 | Train Loss: 0.7103 | Val Loss: 1.2758 | F1: 0.7147 | B-Acc: 0.7200
2026-06-11 20:31:43,177 - INFO - [Fold 2] Epoch 26: Entering Wash-out Phase! Using PURE true data. MixUp remains active.
2026-06-11 20:31:45,923 - INFO - [Fold 2] Epoch [26/30] | LR: 6.79e-05 | Train Loss: 0.7031 | Val Loss: 1.1783 | F1: 0.7374 | B-Acc: 0.7400
2026-06-11 20:31:48,660 - INFO - [Fold 2] Epoch [27/30] | LR: 4.42e-05 | Train Loss: 0.5442 | Val Loss: 1.1252 | F1: 0.7374 | B-Acc: 0.7400
2026-06-11 20:31:51,389 - INFO - [Fold 2] Epoch [28/30] | LR: 2.54e-05 | Train Loss: 0.6103 | Val Loss: 1.1333 | F1: 0.7374 | B-Acc: 0.7400
2026-06-11 20:31:54,098 - INFO - [Fold 2] Epoch [29/30] | LR: 1.19e-05 | Train Loss: 0.6021 | Val Loss: 1.1178 | F1: 0.7374 | B-Acc: 0.7400
2026-06-11 20:31:56,822 - INFO - [Fold 2] Epoch [30/30] | LR: 3.74e-06 | Train Loss: 0.8085 | Val Loss: 1.1168 | F1: 0.7374 | B-Acc: 0.7400
