2026-06-09 19:39:17,192 - INFO - 
--- Preparing Fold 1/5 ---
2026-06-09 19:39:19,231 - INFO - === Starting Training for Fold 1 ===
2026-06-09 19:39:22,305 - INFO - [Fold 1] Epoch [01/100] | LR: 8.00e-04 | Train Loss: 1.7953 | Val Loss: 1.7532 | F1: 0.1324 | B-Acc: 0.2000
2026-06-09 19:39:22,379 - INFO - [Fold 1] --> Saved new best model (F1: 0.1324)
2026-06-09 19:39:24,982 - INFO - [Fold 1] Epoch [02/100] | LR: 8.00e-04 | Train Loss: 1.6862 | Val Loss: 1.6813 | F1: 0.1706 | B-Acc: 0.2600
2026-06-09 19:39:25,152 - INFO - [Fold 1] --> Saved new best model (F1: 0.1706)
2026-06-09 19:39:27,778 - INFO - [Fold 1] Epoch [03/100] | LR: 7.99e-04 | Train Loss: 1.7119 | Val Loss: 1.6599 | F1: 0.1311 | B-Acc: 0.2000
2026-06-09 19:39:30,370 - INFO - [Fold 1] Epoch [04/100] | LR: 7.98e-04 | Train Loss: 1.6099 | Val Loss: 1.4995 | F1: 0.2950 | B-Acc: 0.3200
2026-06-09 19:39:30,507 - INFO - [Fold 1] --> Saved new best model (F1: 0.2950)
2026-06-09 19:39:33,110 - INFO - [Fold 1] Epoch [05/100] | LR: 7.97e-04 | Train Loss: 1.5115 | Val Loss: 1.4973 | F1: 0.3071 | B-Acc: 0.3800
2026-06-09 19:39:33,266 - INFO - [Fold 1] --> Saved new best model (F1: 0.3071)
2026-06-09 19:39:35,947 - INFO - [Fold 1] Epoch [06/100] | LR: 7.95e-04 | Train Loss: 1.4041 | Val Loss: 1.4631 | F1: 0.3297 | B-Acc: 0.3600
2026-06-09 19:39:36,065 - INFO - [Fold 1] --> Saved new best model (F1: 0.3297)
2026-06-09 19:39:38,714 - INFO - [Fold 1] Epoch [07/100] | LR: 7.93e-04 | Train Loss: 1.3963 | Val Loss: 1.3730 | F1: 0.3326 | B-Acc: 0.3800
2026-06-09 19:39:38,877 - INFO - [Fold 1] --> Saved new best model (F1: 0.3326)
2026-06-09 19:39:41,456 - INFO - [Fold 1] Epoch [08/100] | LR: 7.90e-04 | Train Loss: 1.4066 | Val Loss: 1.4156 | F1: 0.3354 | B-Acc: 0.3800
2026-06-09 19:39:41,590 - INFO - [Fold 1] --> Saved new best model (F1: 0.3354)
2026-06-09 19:39:44,250 - INFO - [Fold 1] Epoch [09/100] | LR: 7.87e-04 | Train Loss: 1.4179 | Val Loss: 1.4313 | F1: 0.3473 | B-Acc: 0.4200
2026-06-09 19:39:44,411 - INFO - [Fold 1] --> Saved new best model (F1: 0.3473)
2026-06-09 19:39:47,018 - INFO - [Fold 1] Epoch [10/100] | LR: 7.84e-04 | Train Loss: 1.3085 | Val Loss: 1.3085 | F1: 0.3433 | B-Acc: 0.3800
2026-06-09 19:39:49,615 - INFO - [Fold 1] Epoch [11/100] | LR: 7.80e-04 | Train Loss: 1.3410 | Val Loss: 1.2475 | F1: 0.3870 | B-Acc: 0.4000
2026-06-09 19:39:49,783 - INFO - [Fold 1] --> Saved new best model (F1: 0.3870)
2026-06-09 19:39:52,385 - INFO - [Fold 1] Epoch [12/100] | LR: 7.76e-04 | Train Loss: 1.4675 | Val Loss: 1.3032 | F1: 0.3480 | B-Acc: 0.3800
2026-06-09 19:39:54,966 - INFO - [Fold 1] Epoch [13/100] | LR: 7.72e-04 | Train Loss: 1.3539 | Val Loss: 1.2140 | F1: 0.3775 | B-Acc: 0.4200
2026-06-09 19:39:57,554 - INFO - [Fold 1] Epoch [14/100] | LR: 7.67e-04 | Train Loss: 1.2804 | Val Loss: 1.1797 | F1: 0.4648 | B-Acc: 0.4800
2026-06-09 19:39:57,724 - INFO - [Fold 1] --> Saved new best model (F1: 0.4648)
2026-06-09 19:40:00,400 - INFO - [Fold 1] Epoch [15/100] | LR: 7.62e-04 | Train Loss: 1.3395 | Val Loss: 1.1985 | F1: 0.4793 | B-Acc: 0.5000
2026-06-09 19:40:00,549 - INFO - [Fold 1] --> Saved new best model (F1: 0.4793)
2026-06-09 19:40:03,179 - INFO - [Fold 1] Epoch [16/100] | LR: 7.56e-04 | Train Loss: 1.2867 | Val Loss: 1.3493 | F1: 0.5035 | B-Acc: 0.5400
2026-06-09 19:40:03,323 - INFO - [Fold 1] --> Saved new best model (F1: 0.5035)
2026-06-09 19:40:05,980 - INFO - [Fold 1] Epoch [17/100] | LR: 7.51e-04 | Train Loss: 1.3040 | Val Loss: 1.3695 | F1: 0.4105 | B-Acc: 0.4200
2026-06-09 19:40:08,542 - INFO - [Fold 1] Epoch [18/100] | LR: 7.44e-04 | Train Loss: 1.2288 | Val Loss: 1.2345 | F1: 0.4674 | B-Acc: 0.4600
2026-06-09 19:40:11,234 - INFO - [Fold 1] Epoch [19/100] | LR: 7.38e-04 | Train Loss: 1.1772 | Val Loss: 1.0274 | F1: 0.5796 | B-Acc: 0.5800
2026-06-09 19:40:11,383 - INFO - [Fold 1] --> Saved new best model (F1: 0.5796)
2026-06-09 19:40:14,004 - INFO - [Fold 1] Epoch [20/100] | LR: 7.31e-04 | Train Loss: 1.2469 | Val Loss: 1.1510 | F1: 0.5619 | B-Acc: 0.6000
2026-06-09 19:40:16,733 - INFO - [Fold 1] Epoch [21/100] | LR: 7.24e-04 | Train Loss: 1.2816 | Val Loss: 1.1337 | F1: 0.4556 | B-Acc: 0.5000
2026-06-09 19:40:19,356 - INFO - [Fold 1] Epoch [22/100] | LR: 7.16e-04 | Train Loss: 1.1707 | Val Loss: 1.1253 | F1: 0.4857 | B-Acc: 0.4800
2026-06-09 19:40:21,955 - INFO - [Fold 1] Epoch [23/100] | LR: 7.08e-04 | Train Loss: 1.1840 | Val Loss: 1.1453 | F1: 0.4066 | B-Acc: 0.4400
2026-06-09 19:40:24,589 - INFO - [Fold 1] Epoch [24/100] | LR: 7.00e-04 | Train Loss: 1.2075 | Val Loss: 1.1985 | F1: 0.5363 | B-Acc: 0.5400
2026-06-09 19:40:27,164 - INFO - [Fold 1] Epoch [25/100] | LR: 6.92e-04 | Train Loss: 1.1558 | Val Loss: 1.1550 | F1: 0.5383 | B-Acc: 0.5600
2026-06-09 19:40:29,789 - INFO - [Fold 1] Epoch [26/100] | LR: 6.83e-04 | Train Loss: 1.2246 | Val Loss: 1.1248 | F1: 0.5256 | B-Acc: 0.5800
2026-06-09 19:40:32,396 - INFO - [Fold 1] Epoch [27/100] | LR: 6.74e-04 | Train Loss: 1.0888 | Val Loss: 1.3004 | F1: 0.4686 | B-Acc: 0.5000
2026-06-09 19:40:35,007 - INFO - [Fold 1] Epoch [28/100] | LR: 6.65e-04 | Train Loss: 1.0196 | Val Loss: 0.9963 | F1: 0.6254 | B-Acc: 0.6200
2026-06-09 19:40:35,193 - INFO - [Fold 1] --> Saved new best model (F1: 0.6254)
2026-06-09 19:40:37,782 - INFO - [Fold 1] Epoch [29/100] | LR: 6.55e-04 | Train Loss: 1.1736 | Val Loss: 1.0758 | F1: 0.5557 | B-Acc: 0.5600
2026-06-09 19:40:40,373 - INFO - [Fold 1] Epoch [30/100] | LR: 6.45e-04 | Train Loss: 1.0478 | Val Loss: 1.1504 | F1: 0.5304 | B-Acc: 0.5400
2026-06-09 19:40:42,961 - INFO - [Fold 1] Epoch [31/100] | LR: 6.35e-04 | Train Loss: 1.1275 | Val Loss: 0.9287 | F1: 0.6482 | B-Acc: 0.6400
2026-06-09 19:40:43,116 - INFO - [Fold 1] --> Saved new best model (F1: 0.6482)
2026-06-09 19:40:45,728 - INFO - [Fold 1] Epoch [32/100] | LR: 6.25e-04 | Train Loss: 1.2290 | Val Loss: 1.0017 | F1: 0.5357 | B-Acc: 0.5600
2026-06-09 19:40:48,365 - INFO - [Fold 1] Epoch [33/100] | LR: 6.15e-04 | Train Loss: 1.1191 | Val Loss: 0.9705 | F1: 0.6342 | B-Acc: 0.6400
2026-06-09 19:40:50,981 - INFO - [Fold 1] Epoch [34/100] | LR: 6.04e-04 | Train Loss: 1.0780 | Val Loss: 0.9756 | F1: 0.6565 | B-Acc: 0.6400
2026-06-09 19:40:51,192 - INFO - [Fold 1] --> Saved new best model (F1: 0.6565)
2026-06-09 19:40:53,799 - INFO - [Fold 1] Epoch [35/100] | LR: 5.93e-04 | Train Loss: 1.1201 | Val Loss: 0.9660 | F1: 0.5632 | B-Acc: 0.5600
2026-06-09 19:40:56,465 - INFO - [Fold 1] Epoch [36/100] | LR: 5.82e-04 | Train Loss: 1.0731 | Val Loss: 0.9023 | F1: 0.6209 | B-Acc: 0.6400
2026-06-09 19:40:59,054 - INFO - [Fold 1] Epoch [37/100] | LR: 5.71e-04 | Train Loss: 1.0988 | Val Loss: 1.0555 | F1: 0.5642 | B-Acc: 0.5600
2026-06-09 19:41:01,654 - INFO - [Fold 1] Epoch [38/100] | LR: 5.59e-04 | Train Loss: 0.9755 | Val Loss: 1.0130 | F1: 0.5509 | B-Acc: 0.5800
2026-06-09 19:41:04,273 - INFO - [Fold 1] Epoch [39/100] | LR: 5.48e-04 | Train Loss: 1.0591 | Val Loss: 1.1130 | F1: 0.5337 | B-Acc: 0.5600
2026-06-09 19:41:06,847 - INFO - [Fold 1] Epoch [40/100] | LR: 5.36e-04 | Train Loss: 1.0709 | Val Loss: 1.0165 | F1: 0.6421 | B-Acc: 0.6400
2026-06-09 19:41:09,469 - INFO - [Fold 1] Epoch [41/100] | LR: 5.24e-04 | Train Loss: 0.9743 | Val Loss: 0.9952 | F1: 0.6568 | B-Acc: 0.6600
2026-06-09 19:41:09,628 - INFO - [Fold 1] --> Saved new best model (F1: 0.6568)
2026-06-09 19:41:12,194 - INFO - [Fold 1] Epoch [42/100] | LR: 5.12e-04 | Train Loss: 0.9546 | Val Loss: 0.9024 | F1: 0.7002 | B-Acc: 0.7000
2026-06-09 19:41:12,381 - INFO - [Fold 1] --> Saved new best model (F1: 0.7002)
2026-06-09 19:41:14,974 - INFO - [Fold 1] Epoch [43/100] | LR: 5.00e-04 | Train Loss: 1.0673 | Val Loss: 1.0067 | F1: 0.5928 | B-Acc: 0.6000
2026-06-09 19:41:17,584 - INFO - [Fold 1] Epoch [44/100] | LR: 4.88e-04 | Train Loss: 0.8240 | Val Loss: 1.0236 | F1: 0.5987 | B-Acc: 0.6000
2026-06-09 19:41:20,175 - INFO - [Fold 1] Epoch [45/100] | LR: 4.75e-04 | Train Loss: 1.0816 | Val Loss: 0.9902 | F1: 0.6053 | B-Acc: 0.6000
2026-06-09 19:41:22,736 - INFO - [Fold 1] Epoch [46/100] | LR: 4.63e-04 | Train Loss: 0.9801 | Val Loss: 0.8929 | F1: 0.6664 | B-Acc: 0.6600
2026-06-09 19:41:25,337 - INFO - [Fold 1] Epoch [47/100] | LR: 4.51e-04 | Train Loss: 0.9344 | Val Loss: 0.8791 | F1: 0.7651 | B-Acc: 0.7600
2026-06-09 19:41:25,520 - INFO - [Fold 1] --> Saved new best model (F1: 0.7651)
2026-06-09 19:41:28,212 - INFO - [Fold 1] Epoch [48/100] | LR: 4.38e-04 | Train Loss: 0.9424 | Val Loss: 0.8754 | F1: 0.7595 | B-Acc: 0.7600
2026-06-09 19:41:30,816 - INFO - [Fold 1] Epoch [49/100] | LR: 4.26e-04 | Train Loss: 0.9448 | Val Loss: 0.9283 | F1: 0.6396 | B-Acc: 0.6400
2026-06-09 19:41:33,419 - INFO - [Fold 1] Epoch [50/100] | LR: 4.13e-04 | Train Loss: 0.9388 | Val Loss: 0.8673 | F1: 0.7491 | B-Acc: 0.7400
2026-06-09 19:41:36,061 - INFO - [Fold 1] Epoch [51/100] | LR: 4.01e-04 | Train Loss: 0.8037 | Val Loss: 0.8916 | F1: 0.7246 | B-Acc: 0.7200
2026-06-09 19:41:38,683 - INFO - [Fold 1] Epoch [52/100] | LR: 3.88e-04 | Train Loss: 0.8402 | Val Loss: 0.9308 | F1: 0.6725 | B-Acc: 0.6600
2026-06-09 19:41:41,306 - INFO - [Fold 1] Epoch [53/100] | LR: 3.75e-04 | Train Loss: 0.9771 | Val Loss: 1.0376 | F1: 0.5933 | B-Acc: 0.6000
2026-06-09 19:41:43,932 - INFO - [Fold 1] Epoch [54/100] | LR: 3.63e-04 | Train Loss: 0.8738 | Val Loss: 0.8859 | F1: 0.7064 | B-Acc: 0.7000
2026-06-09 19:41:46,485 - INFO - [Fold 1] Epoch [55/100] | LR: 3.50e-04 | Train Loss: 0.7948 | Val Loss: 0.9354 | F1: 0.6726 | B-Acc: 0.6600
2026-06-09 19:41:49,112 - INFO - [Fold 1] Epoch [56/100] | LR: 3.38e-04 | Train Loss: 0.9018 | Val Loss: 1.0069 | F1: 0.6368 | B-Acc: 0.6400
2026-06-09 19:41:51,728 - INFO - [Fold 1] Epoch [57/100] | LR: 3.26e-04 | Train Loss: 1.0348 | Val Loss: 0.9386 | F1: 0.6429 | B-Acc: 0.6400
2026-06-09 19:41:54,330 - INFO - [Fold 1] Epoch [58/100] | LR: 3.13e-04 | Train Loss: 0.9448 | Val Loss: 0.8815 | F1: 0.6177 | B-Acc: 0.6200
2026-06-09 19:41:56,985 - INFO - [Fold 1] Epoch [59/100] | LR: 3.01e-04 | Train Loss: 0.8425 | Val Loss: 0.9625 | F1: 0.6352 | B-Acc: 0.6400
2026-06-09 19:41:59,635 - INFO - [Fold 1] Epoch [60/100] | LR: 2.89e-04 | Train Loss: 0.8550 | Val Loss: 0.8240 | F1: 0.7860 | B-Acc: 0.7800
2026-06-09 19:41:59,879 - INFO - [Fold 1] --> Saved new best model (F1: 0.7860)
2026-06-09 19:42:02,549 - INFO - [Fold 1] Epoch [61/100] | LR: 2.77e-04 | Train Loss: 0.7600 | Val Loss: 0.8605 | F1: 0.6688 | B-Acc: 0.6600
2026-06-09 19:42:05,187 - INFO - [Fold 1] Epoch [62/100] | LR: 2.65e-04 | Train Loss: 0.8245 | Val Loss: 0.9118 | F1: 0.6305 | B-Acc: 0.6400
2026-06-09 19:42:07,841 - INFO - [Fold 1] Epoch [63/100] | LR: 2.53e-04 | Train Loss: 0.8718 | Val Loss: 0.8640 | F1: 0.6635 | B-Acc: 0.6600
2026-06-09 19:42:10,427 - INFO - [Fold 1] Epoch [64/100] | LR: 2.42e-04 | Train Loss: 0.8602 | Val Loss: 0.9416 | F1: 0.6518 | B-Acc: 0.6400
2026-06-09 19:42:13,052 - INFO - [Fold 1] Epoch [65/100] | LR: 2.30e-04 | Train Loss: 0.6934 | Val Loss: 0.9998 | F1: 0.6364 | B-Acc: 0.6400
2026-06-09 19:42:15,677 - INFO - [Fold 1] Epoch [66/100] | LR: 2.19e-04 | Train Loss: 0.8970 | Val Loss: 0.8919 | F1: 0.7338 | B-Acc: 0.7200
2026-06-09 19:42:18,282 - INFO - [Fold 1] Epoch [67/100] | LR: 2.08e-04 | Train Loss: 0.7852 | Val Loss: 0.8780 | F1: 0.6698 | B-Acc: 0.6600
2026-06-09 19:42:20,924 - INFO - [Fold 1] Epoch [68/100] | LR: 1.97e-04 | Train Loss: 0.7688 | Val Loss: 0.9409 | F1: 0.6892 | B-Acc: 0.6800
2026-06-09 19:42:23,581 - INFO - [Fold 1] Epoch [69/100] | LR: 1.86e-04 | Train Loss: 0.7126 | Val Loss: 0.8829 | F1: 0.7122 | B-Acc: 0.7000
2026-06-09 19:42:26,140 - INFO - [Fold 1] Epoch [70/100] | LR: 1.76e-04 | Train Loss: 0.8751 | Val Loss: 0.8312 | F1: 0.7413 | B-Acc: 0.7400
2026-06-09 19:42:28,752 - INFO - [Fold 1] Epoch [71/100] | LR: 1.66e-04 | Train Loss: 0.7857 | Val Loss: 0.7852 | F1: 0.7438 | B-Acc: 0.7400
2026-06-09 19:42:31,377 - INFO - [Fold 1] Epoch [72/100] | LR: 1.56e-04 | Train Loss: 0.7311 | Val Loss: 0.8432 | F1: 0.6434 | B-Acc: 0.6400
2026-06-09 19:42:34,005 - INFO - [Fold 1] Epoch [73/100] | LR: 1.46e-04 | Train Loss: 0.6982 | Val Loss: 0.8190 | F1: 0.6907 | B-Acc: 0.6800
2026-06-09 19:42:36,631 - INFO - [Fold 1] Epoch [74/100] | LR: 1.36e-04 | Train Loss: 1.0588 | Val Loss: 0.8270 | F1: 0.7468 | B-Acc: 0.7400
2026-06-09 19:42:39,268 - INFO - [Fold 1] Epoch [75/100] | LR: 1.27e-04 | Train Loss: 0.8858 | Val Loss: 0.8941 | F1: 0.6985 | B-Acc: 0.7000
2026-06-09 19:42:41,839 - INFO - [Fold 1] Epoch [76/100] | LR: 1.18e-04 | Train Loss: 0.7395 | Val Loss: 0.8822 | F1: 0.6841 | B-Acc: 0.6800
2026-06-09 19:42:44,494 - INFO - [Fold 1] Epoch [77/100] | LR: 1.09e-04 | Train Loss: 0.7624 | Val Loss: 0.8561 | F1: 0.6884 | B-Acc: 0.6800
2026-06-09 19:42:47,079 - INFO - [Fold 1] Epoch [78/100] | LR: 1.01e-04 | Train Loss: 0.9451 | Val Loss: 0.8946 | F1: 0.6654 | B-Acc: 0.6600
2026-06-09 19:42:49,676 - INFO - [Fold 1] Epoch [79/100] | LR: 9.27e-05 | Train Loss: 0.6768 | Val Loss: 0.8704 | F1: 0.6351 | B-Acc: 0.6200
2026-06-09 19:42:52,254 - INFO - [Fold 1] Epoch [80/100] | LR: 8.48e-05 | Train Loss: 0.7994 | Val Loss: 0.8704 | F1: 0.6737 | B-Acc: 0.6600
2026-06-09 19:42:54,890 - INFO - [Fold 1] Epoch [81/100] | LR: 7.73e-05 | Train Loss: 0.6356 | Val Loss: 0.8591 | F1: 0.6936 | B-Acc: 0.6800
2026-06-09 19:42:57,452 - INFO - [Fold 1] Epoch [82/100] | LR: 7.01e-05 | Train Loss: 0.8925 | Val Loss: 0.8664 | F1: 0.7347 | B-Acc: 0.7200
2026-06-09 19:43:00,069 - INFO - [Fold 1] Epoch [83/100] | LR: 6.32e-05 | Train Loss: 1.0102 | Val Loss: 0.8706 | F1: 0.7347 | B-Acc: 0.7200
2026-06-09 19:43:02,661 - INFO - [Fold 1] Epoch [84/100] | LR: 5.66e-05 | Train Loss: 0.8377 | Val Loss: 0.8756 | F1: 0.7157 | B-Acc: 0.7000
2026-06-09 19:43:05,244 - INFO - [Fold 1] Epoch [85/100] | LR: 5.04e-05 | Train Loss: 0.8006 | Val Loss: 0.8635 | F1: 0.7138 | B-Acc: 0.7000
2026-06-09 19:43:07,836 - INFO - [Fold 1] Epoch [86/100] | LR: 4.45e-05 | Train Loss: 0.6384 | Val Loss: 0.8631 | F1: 0.6924 | B-Acc: 0.6800
2026-06-09 19:43:10,464 - INFO - [Fold 1] Epoch [87/100] | LR: 3.90e-05 | Train Loss: 0.9309 | Val Loss: 0.8650 | F1: 0.6882 | B-Acc: 0.6800
2026-06-09 19:43:13,050 - INFO - [Fold 1] Epoch [88/100] | LR: 3.39e-05 | Train Loss: 0.8297 | Val Loss: 0.8721 | F1: 0.6863 | B-Acc: 0.6800
2026-06-09 19:43:15,663 - INFO - [Fold 1] Epoch [89/100] | LR: 2.91e-05 | Train Loss: 0.8197 | Val Loss: 0.8664 | F1: 0.6863 | B-Acc: 0.6800
2026-06-09 19:43:18,268 - INFO - [Fold 1] Epoch [90/100] | LR: 2.46e-05 | Train Loss: 0.7729 | Val Loss: 0.8715 | F1: 0.6908 | B-Acc: 0.6800
2026-06-09 19:43:20,876 - INFO - [Fold 1] Epoch [91/100] | LR: 2.06e-05 | Train Loss: 0.7352 | Val Loss: 0.8670 | F1: 0.6908 | B-Acc: 0.6800
2026-06-09 19:43:23,458 - INFO - [Fold 1] Epoch [92/100] | LR: 1.69e-05 | Train Loss: 0.6653 | Val Loss: 0.8685 | F1: 0.6701 | B-Acc: 0.6600
2026-06-09 19:43:26,064 - INFO - [Fold 1] Epoch [93/100] | LR: 1.36e-05 | Train Loss: 0.8798 | Val Loss: 0.8764 | F1: 0.6701 | B-Acc: 0.6600
2026-06-09 19:43:28,708 - INFO - [Fold 1] Epoch [94/100] | LR: 1.06e-05 | Train Loss: 0.9041 | Val Loss: 0.8735 | F1: 0.6701 | B-Acc: 0.6600
2026-06-09 19:43:31,378 - INFO - [Fold 1] Epoch [95/100] | LR: 8.08e-06 | Train Loss: 0.7050 | Val Loss: 0.8687 | F1: 0.6701 | B-Acc: 0.6600
2026-06-09 19:43:34,068 - INFO - [Fold 1] Epoch [96/100] | LR: 5.92e-06 | Train Loss: 0.7633 | Val Loss: 0.8699 | F1: 0.6701 | B-Acc: 0.6600
2026-06-09 19:43:36,704 - INFO - [Fold 1] Epoch [97/100] | LR: 4.15e-06 | Train Loss: 0.6839 | Val Loss: 0.8678 | F1: 0.6701 | B-Acc: 0.6600
2026-06-09 19:43:39,349 - INFO - [Fold 1] Epoch [98/100] | LR: 2.77e-06 | Train Loss: 0.8131 | Val Loss: 0.8671 | F1: 0.6701 | B-Acc: 0.6600
2026-06-09 19:43:41,973 - INFO - [Fold 1] Epoch [99/100] | LR: 1.79e-06 | Train Loss: 0.6992 | Val Loss: 0.8680 | F1: 0.6701 | B-Acc: 0.6600
2026-06-09 19:43:44,550 - INFO - [Fold 1] Epoch [100/100] | LR: 1.20e-06 | Train Loss: 0.8681 | Val Loss: 0.8679 | F1: 0.6701 | B-Acc: 0.6600
