2026-06-08 15:04:18,124 - INFO - ==================================================
2026-06-08 15:04:18,124 - INFO - Experiment Started. Results saved to runs/train/dino_super_aug8
2026-06-08 15:04:18,125 - INFO - ==================================================
2026-06-08 15:04:18,125 - INFO - HYPERPARAMETERS:
2026-06-08 15:04:18,125 - INFO -   data_path: /root/autodl-tmp/data/train_few_shot/
2026-06-08 15:04:18,125 - INFO -   weight_path: /root/autodl-tmp/weights/dinov2_small.bin
2026-06-08 15:04:18,125 - INFO -   name: dino_super_aug
2026-06-08 15:04:18,125 - INFO -   batch_size: 16
2026-06-08 15:04:18,125 - INFO -   epochs: 100
2026-06-08 15:04:18,125 - INFO -   lr: 0.0001
2026-06-08 15:04:18,125 - INFO -   seed: 42
2026-06-08 15:04:18,125 - INFO -   val_split: 0.15
2026-06-08 15:04:18,125 - INFO -   num_workers: 4
2026-06-08 15:04:18,125 - INFO -   lora_r: 8
2026-06-08 15:04:18,125 - INFO -   lora_alpha: 16
2026-06-08 15:04:18,125 - INFO -   lora_dropout: 0.1
2026-06-08 15:04:18,125 - INFO -   no_hflip: False
2026-06-08 15:04:18,125 - INFO -   no_vflip: False
2026-06-08 15:04:18,125 - INFO -   rotate_deg: 15.0
2026-06-08 15:04:18,125 - INFO -   rotate_pad_mode: reflect
2026-06-08 15:04:18,125 - INFO -   color_jitter: 0.2
2026-06-08 15:04:18,125 - INFO -   mixup_alpha: 0.2
2026-06-08 15:04:18,125 - INFO - ==================================================
2026-06-08 15:04:18,125 - INFO - DATA AUGMENTATION SETTINGS:
2026-06-08 15:04:18,125 - INFO -   Horizontal Flip : Enabled
2026-06-08 15:04:18,125 - INFO -   Vertical Flip   : Enabled
2026-06-08 15:04:18,125 - INFO -   Rotation        : Random [-15.0, +15.0] degrees (Pad Mode: reflect)
2026-06-08 15:04:18,125 - INFO -   Color Jitter    : Enabled (Brightness/Contrast: 0.2, Saturation: Disabled)
2026-06-08 15:04:18,125 - INFO -   MixUp           : Enabled (Alpha: 0.2)
2026-06-08 15:04:18,125 - INFO - ==================================================
2026-06-08 15:04:18,125 - INFO - Loading dataset and applying Stratified Split...
2026-06-08 15:04:18,128 - INFO - Train size: 212 | Val size: 38
2026-06-08 15:04:18,596 - INFO - Trainable Parameters: 149381 / 22207498 (0.6727%)
2026-06-08 15:04:21,654 - INFO - Epoch [01/100] | Train Loss: 1.9859 | Val Loss: 1.7763 | Macro-F1: 0.1853 | Balanced Acc: 0.2393
2026-06-08 15:04:21,762 - INFO - --> Saved new best model with Macro-F1: 0.1853
2026-06-08 15:04:24,416 - INFO - Epoch [02/100] | Train Loss: 1.6866 | Val Loss: 1.6314 | Macro-F1: 0.2565 | Balanced Acc: 0.2571
2026-06-08 15:04:24,633 - INFO - --> Saved new best model with Macro-F1: 0.2565
2026-06-08 15:04:27,332 - INFO - Epoch [03/100] | Train Loss: 1.5820 | Val Loss: 1.5530 | Macro-F1: 0.3760 | Balanced Acc: 0.4000
2026-06-08 15:04:27,496 - INFO - --> Saved new best model with Macro-F1: 0.3760
2026-06-08 15:04:30,197 - INFO - Epoch [04/100] | Train Loss: 1.5843 | Val Loss: 1.4919 | Macro-F1: 0.4103 | Balanced Acc: 0.4250
2026-06-08 15:04:30,406 - INFO - --> Saved new best model with Macro-F1: 0.4103
2026-06-08 15:04:33,094 - INFO - Epoch [05/100] | Train Loss: 1.4947 | Val Loss: 1.4518 | Macro-F1: 0.4211 | Balanced Acc: 0.4179
2026-06-08 15:04:33,297 - INFO - --> Saved new best model with Macro-F1: 0.4211
2026-06-08 15:04:35,995 - INFO - Epoch [06/100] | Train Loss: 1.4608 | Val Loss: 1.4553 | Macro-F1: 0.3411 | Balanced Acc: 0.3429
2026-06-08 15:04:38,684 - INFO - Epoch [07/100] | Train Loss: 1.4428 | Val Loss: 1.4175 | Macro-F1: 0.4270 | Balanced Acc: 0.4429
2026-06-08 15:04:38,873 - INFO - --> Saved new best model with Macro-F1: 0.4270
2026-06-08 15:04:41,599 - INFO - Epoch [08/100] | Train Loss: 1.3732 | Val Loss: 1.3582 | Macro-F1: 0.4416 | Balanced Acc: 0.4714
2026-06-08 15:04:41,830 - INFO - --> Saved new best model with Macro-F1: 0.4416
2026-06-08 15:04:44,509 - INFO - Epoch [09/100] | Train Loss: 1.2983 | Val Loss: 1.3648 | Macro-F1: 0.5000 | Balanced Acc: 0.4964
2026-06-08 15:04:44,689 - INFO - --> Saved new best model with Macro-F1: 0.5000
2026-06-08 15:04:47,462 - INFO - Epoch [10/100] | Train Loss: 1.3920 | Val Loss: 1.2948 | Macro-F1: 0.4292 | Balanced Acc: 0.4464
2026-06-08 15:04:50,160 - INFO - Epoch [11/100] | Train Loss: 1.2852 | Val Loss: 1.3097 | Macro-F1: 0.4185 | Balanced Acc: 0.4429
2026-06-08 15:04:52,863 - INFO - Epoch [12/100] | Train Loss: 1.2621 | Val Loss: 1.3172 | Macro-F1: 0.3994 | Balanced Acc: 0.4214
2026-06-08 15:04:55,553 - INFO - Epoch [13/100] | Train Loss: 1.2160 | Val Loss: 1.3400 | Macro-F1: 0.4566 | Balanced Acc: 0.4750
2026-06-08 15:04:58,261 - INFO - Epoch [14/100] | Train Loss: 1.2864 | Val Loss: 1.3458 | Macro-F1: 0.3733 | Balanced Acc: 0.4214
2026-06-08 15:05:00,989 - INFO - Epoch [15/100] | Train Loss: 1.1931 | Val Loss: 1.4450 | Macro-F1: 0.3659 | Balanced Acc: 0.3929
2026-06-08 15:05:03,687 - INFO - Epoch [16/100] | Train Loss: 1.1203 | Val Loss: 1.3530 | Macro-F1: 0.4428 | Balanced Acc: 0.4714
2026-06-08 15:05:06,412 - INFO - Epoch [17/100] | Train Loss: 1.2199 | Val Loss: 1.3839 | Macro-F1: 0.3972 | Balanced Acc: 0.4286
2026-06-08 15:05:09,081 - INFO - Epoch [18/100] | Train Loss: 1.0454 | Val Loss: 1.3699 | Macro-F1: 0.4197 | Balanced Acc: 0.4429
2026-06-08 15:05:11,778 - INFO - Epoch [19/100] | Train Loss: 1.0841 | Val Loss: 1.3911 | Macro-F1: 0.4745 | Balanced Acc: 0.4929
2026-06-08 15:05:14,453 - INFO - Epoch [20/100] | Train Loss: 0.9842 | Val Loss: 1.3727 | Macro-F1: 0.4926 | Balanced Acc: 0.5000
2026-06-08 15:05:17,169 - INFO - Epoch [21/100] | Train Loss: 1.1276 | Val Loss: 1.2954 | Macro-F1: 0.5490 | Balanced Acc: 0.5536
2026-06-08 15:05:17,332 - INFO - --> Saved new best model with Macro-F1: 0.5490
2026-06-08 15:05:20,094 - INFO - Epoch [22/100] | Train Loss: 1.0774 | Val Loss: 1.3089 | Macro-F1: 0.3608 | Balanced Acc: 0.3929
2026-06-08 15:05:22,794 - INFO - Epoch [23/100] | Train Loss: 0.8893 | Val Loss: 1.2755 | Macro-F1: 0.5519 | Balanced Acc: 0.5536
2026-06-08 15:05:22,972 - INFO - --> Saved new best model with Macro-F1: 0.5519
2026-06-08 15:05:25,716 - INFO - Epoch [24/100] | Train Loss: 0.9502 | Val Loss: 1.3467 | Macro-F1: 0.4659 | Balanced Acc: 0.4964
2026-06-08 15:05:28,445 - INFO - Epoch [25/100] | Train Loss: 1.0635 | Val Loss: 1.2412 | Macro-F1: 0.6571 | Balanced Acc: 0.6607
2026-06-08 15:05:28,665 - INFO - --> Saved new best model with Macro-F1: 0.6571
2026-06-08 15:05:31,354 - INFO - Epoch [26/100] | Train Loss: 0.9950 | Val Loss: 1.3213 | Macro-F1: 0.5446 | Balanced Acc: 0.5500
2026-06-08 15:05:34,052 - INFO - Epoch [27/100] | Train Loss: 1.0082 | Val Loss: 1.4025 | Macro-F1: 0.5197 | Balanced Acc: 0.5286
2026-06-08 15:05:36,818 - INFO - Epoch [28/100] | Train Loss: 1.0594 | Val Loss: 1.3559 | Macro-F1: 0.3808 | Balanced Acc: 0.3893
2026-06-08 15:05:39,532 - INFO - Epoch [29/100] | Train Loss: 0.9157 | Val Loss: 1.2670 | Macro-F1: 0.6361 | Balanced Acc: 0.6357
2026-06-08 15:05:42,254 - INFO - Epoch [30/100] | Train Loss: 0.8447 | Val Loss: 1.2340 | Macro-F1: 0.5483 | Balanced Acc: 0.5500
2026-06-08 15:05:44,977 - INFO - Epoch [31/100] | Train Loss: 0.8069 | Val Loss: 1.2254 | Macro-F1: 0.5173 | Balanced Acc: 0.5214
2026-06-08 15:05:47,744 - INFO - Epoch [32/100] | Train Loss: 0.8544 | Val Loss: 1.2941 | Macro-F1: 0.4517 | Balanced Acc: 0.4750
2026-06-08 15:05:50,486 - INFO - Epoch [33/100] | Train Loss: 0.8462 | Val Loss: 1.2692 | Macro-F1: 0.5733 | Balanced Acc: 0.5857
2026-06-08 15:05:53,268 - INFO - Epoch [34/100] | Train Loss: 0.8597 | Val Loss: 1.2507 | Macro-F1: 0.5299 | Balanced Acc: 0.5607
2026-06-08 15:05:56,062 - INFO - Epoch [35/100] | Train Loss: 0.7593 | Val Loss: 1.1647 | Macro-F1: 0.5743 | Balanced Acc: 0.5750
2026-06-08 15:05:58,822 - INFO - Epoch [36/100] | Train Loss: 0.7197 | Val Loss: 1.2369 | Macro-F1: 0.5175 | Balanced Acc: 0.5643
2026-06-08 15:06:01,543 - INFO - Epoch [37/100] | Train Loss: 0.6989 | Val Loss: 1.1741 | Macro-F1: 0.6284 | Balanced Acc: 0.6321
2026-06-08 15:06:04,299 - INFO - Epoch [38/100] | Train Loss: 0.8168 | Val Loss: 1.1587 | Macro-F1: 0.6297 | Balanced Acc: 0.6393
2026-06-08 15:06:07,077 - INFO - Epoch [39/100] | Train Loss: 0.9149 | Val Loss: 1.1381 | Macro-F1: 0.6252 | Balanced Acc: 0.6321
2026-06-08 15:06:09,788 - INFO - Epoch [40/100] | Train Loss: 0.6237 | Val Loss: 1.1475 | Macro-F1: 0.6295 | Balanced Acc: 0.6357
2026-06-08 15:06:12,507 - INFO - Epoch [41/100] | Train Loss: 0.5317 | Val Loss: 1.1451 | Macro-F1: 0.6252 | Balanced Acc: 0.6286
2026-06-08 15:06:15,243 - INFO - Epoch [42/100] | Train Loss: 0.7588 | Val Loss: 1.1309 | Macro-F1: 0.6194 | Balanced Acc: 0.6357
2026-06-08 15:06:17,977 - INFO - Epoch [43/100] | Train Loss: 0.6766 | Val Loss: 1.1673 | Macro-F1: 0.6336 | Balanced Acc: 0.6357
2026-06-08 15:06:20,703 - INFO - Epoch [44/100] | Train Loss: 0.6614 | Val Loss: 1.1156 | Macro-F1: 0.5955 | Balanced Acc: 0.6036
2026-06-08 15:06:23,449 - INFO - Epoch [45/100] | Train Loss: 0.7648 | Val Loss: 1.0603 | Macro-F1: 0.6529 | Balanced Acc: 0.6571
2026-06-08 15:06:26,114 - INFO - Epoch [46/100] | Train Loss: 0.6654 | Val Loss: 1.0908 | Macro-F1: 0.5990 | Balanced Acc: 0.6250
2026-06-08 15:06:28,823 - INFO - Epoch [47/100] | Train Loss: 0.7056 | Val Loss: 1.0836 | Macro-F1: 0.6987 | Balanced Acc: 0.7179
2026-06-08 15:06:29,027 - INFO - --> Saved new best model with Macro-F1: 0.6987
2026-06-08 15:06:31,788 - INFO - Epoch [48/100] | Train Loss: 0.6944 | Val Loss: 1.0575 | Macro-F1: 0.6512 | Balanced Acc: 0.6536
2026-06-08 15:06:34,487 - INFO - Epoch [49/100] | Train Loss: 0.6028 | Val Loss: 1.1120 | Macro-F1: 0.7117 | Balanced Acc: 0.7179
2026-06-08 15:06:34,651 - INFO - --> Saved new best model with Macro-F1: 0.7117
2026-06-08 15:06:37,368 - INFO - Epoch [50/100] | Train Loss: 0.7849 | Val Loss: 1.1681 | Macro-F1: 0.5762 | Balanced Acc: 0.5821
2026-06-08 15:06:40,051 - INFO - Epoch [51/100] | Train Loss: 0.7692 | Val Loss: 1.1452 | Macro-F1: 0.6240 | Balanced Acc: 0.6321
2026-06-08 15:06:42,768 - INFO - Epoch [52/100] | Train Loss: 0.7777 | Val Loss: 1.0963 | Macro-F1: 0.6595 | Balanced Acc: 0.6643
2026-06-08 15:06:45,464 - INFO - Epoch [53/100] | Train Loss: 0.6340 | Val Loss: 1.0760 | Macro-F1: 0.6487 | Balanced Acc: 0.6607
2026-06-08 15:06:48,168 - INFO - Epoch [54/100] | Train Loss: 0.6397 | Val Loss: 1.0429 | Macro-F1: 0.6497 | Balanced Acc: 0.6571
2026-06-08 15:06:50,836 - INFO - Epoch [55/100] | Train Loss: 0.5921 | Val Loss: 1.0870 | Macro-F1: 0.6794 | Balanced Acc: 0.6857
2026-06-08 15:06:53,584 - INFO - Epoch [56/100] | Train Loss: 0.4940 | Val Loss: 1.1040 | Macro-F1: 0.6400 | Balanced Acc: 0.6536
2026-06-08 15:06:56,278 - INFO - Epoch [57/100] | Train Loss: 0.7754 | Val Loss: 1.2656 | Macro-F1: 0.5320 | Balanced Acc: 0.5571
2026-06-08 15:06:58,994 - INFO - Epoch [58/100] | Train Loss: 0.4697 | Val Loss: 1.1034 | Macro-F1: 0.6770 | Balanced Acc: 0.6786
2026-06-08 15:07:01,710 - INFO - Epoch [59/100] | Train Loss: 0.5178 | Val Loss: 1.0954 | Macro-F1: 0.5954 | Balanced Acc: 0.6036
2026-06-08 15:07:04,401 - INFO - Epoch [60/100] | Train Loss: 0.5479 | Val Loss: 1.0647 | Macro-F1: 0.6540 | Balanced Acc: 0.6571
2026-06-08 15:07:07,101 - INFO - Epoch [61/100] | Train Loss: 0.5813 | Val Loss: 1.0952 | Macro-F1: 0.6333 | Balanced Acc: 0.6321
2026-06-08 15:07:09,822 - INFO - Epoch [62/100] | Train Loss: 0.6125 | Val Loss: 1.1135 | Macro-F1: 0.5742 | Balanced Acc: 0.5821
2026-06-08 15:07:12,568 - INFO - Epoch [63/100] | Train Loss: 0.5846 | Val Loss: 1.0950 | Macro-F1: 0.6476 | Balanced Acc: 0.6607
2026-06-08 15:07:15,252 - INFO - Epoch [64/100] | Train Loss: 0.6527 | Val Loss: 1.1028 | Macro-F1: 0.6306 | Balanced Acc: 0.6357
2026-06-08 15:07:17,971 - INFO - Epoch [65/100] | Train Loss: 0.2796 | Val Loss: 1.1408 | Macro-F1: 0.5936 | Balanced Acc: 0.6036
2026-06-08 15:07:20,660 - INFO - Epoch [66/100] | Train Loss: 0.6467 | Val Loss: 1.1887 | Macro-F1: 0.6182 | Balanced Acc: 0.6321
2026-06-08 15:07:23,343 - INFO - Epoch [67/100] | Train Loss: 0.5647 | Val Loss: 1.1621 | Macro-F1: 0.5490 | Balanced Acc: 0.5786
2026-06-08 15:07:26,038 - INFO - Epoch [68/100] | Train Loss: 0.5885 | Val Loss: 1.0765 | Macro-F1: 0.6564 | Balanced Acc: 0.6571
2026-06-08 15:07:28,708 - INFO - Epoch [69/100] | Train Loss: 0.3715 | Val Loss: 1.2413 | Macro-F1: 0.6072 | Balanced Acc: 0.6357
2026-06-08 15:07:31,434 - INFO - Epoch [70/100] | Train Loss: 0.7435 | Val Loss: 1.2016 | Macro-F1: 0.5780 | Balanced Acc: 0.5821
2026-06-08 15:07:34,155 - INFO - Epoch [71/100] | Train Loss: 0.4094 | Val Loss: 1.1825 | Macro-F1: 0.5925 | Balanced Acc: 0.6071
2026-06-08 15:07:36,882 - INFO - Epoch [72/100] | Train Loss: 0.4032 | Val Loss: 1.2457 | Macro-F1: 0.5950 | Balanced Acc: 0.6107
2026-06-08 15:07:39,618 - INFO - Epoch [73/100] | Train Loss: 0.5071 | Val Loss: 1.1666 | Macro-F1: 0.6223 | Balanced Acc: 0.6321
2026-06-08 15:07:42,349 - INFO - Epoch [74/100] | Train Loss: 0.4273 | Val Loss: 1.1496 | Macro-F1: 0.6366 | Balanced Acc: 0.6357
2026-06-08 15:07:44,981 - INFO - Epoch [75/100] | Train Loss: 0.5806 | Val Loss: 1.1289 | Macro-F1: 0.6274 | Balanced Acc: 0.6357
2026-06-08 15:07:47,700 - INFO - Epoch [76/100] | Train Loss: 0.5480 | Val Loss: 1.1096 | Macro-F1: 0.6116 | Balanced Acc: 0.6036
2026-06-08 15:07:50,479 - INFO - Epoch [77/100] | Train Loss: 0.6467 | Val Loss: 1.2299 | Macro-F1: 0.5381 | Balanced Acc: 0.5536
2026-06-08 15:07:53,214 - INFO - Epoch [78/100] | Train Loss: 0.3769 | Val Loss: 1.0753 | Macro-F1: 0.6315 | Balanced Acc: 0.6321
2026-06-08 15:07:55,984 - INFO - Epoch [79/100] | Train Loss: 0.5038 | Val Loss: 1.1216 | Macro-F1: 0.6231 | Balanced Acc: 0.6321
2026-06-08 15:07:58,736 - INFO - Epoch [80/100] | Train Loss: 0.4921 | Val Loss: 1.1413 | Macro-F1: 0.5582 | Balanced Acc: 0.5750
2026-06-08 15:08:01,500 - INFO - Epoch [81/100] | Train Loss: 0.3921 | Val Loss: 1.1992 | Macro-F1: 0.6380 | Balanced Acc: 0.6321
2026-06-08 15:08:04,209 - INFO - Epoch [82/100] | Train Loss: 0.5987 | Val Loss: 1.1504 | Macro-F1: 0.6061 | Balanced Acc: 0.6071
2026-06-08 15:08:06,947 - INFO - Epoch [83/100] | Train Loss: 0.2887 | Val Loss: 1.1581 | Macro-F1: 0.6577 | Balanced Acc: 0.6607
2026-06-08 15:08:09,706 - INFO - Epoch [84/100] | Train Loss: 0.5841 | Val Loss: 1.1387 | Macro-F1: 0.6064 | Balanced Acc: 0.6107
2026-06-08 15:08:12,498 - INFO - Epoch [85/100] | Train Loss: 0.4783 | Val Loss: 1.1481 | Macro-F1: 0.6061 | Balanced Acc: 0.6071
2026-06-08 15:08:15,248 - INFO - Epoch [86/100] | Train Loss: 0.5221 | Val Loss: 1.1553 | Macro-F1: 0.6307 | Balanced Acc: 0.6321
2026-06-08 15:08:17,994 - INFO - Epoch [87/100] | Train Loss: 0.5952 | Val Loss: 1.2309 | Macro-F1: 0.5153 | Balanced Acc: 0.5214
2026-06-08 15:08:20,732 - INFO - Epoch [88/100] | Train Loss: 0.6790 | Val Loss: 1.0860 | Macro-F1: 0.5990 | Balanced Acc: 0.6036
2026-06-08 15:08:23,478 - INFO - Epoch [89/100] | Train Loss: 0.3416 | Val Loss: 1.1919 | Macro-F1: 0.5776 | Balanced Acc: 0.5786
2026-06-08 15:08:26,253 - INFO - Epoch [90/100] | Train Loss: 0.6236 | Val Loss: 1.1615 | Macro-F1: 0.5955 | Balanced Acc: 0.6036
2026-06-08 15:08:28,998 - INFO - Epoch [91/100] | Train Loss: 0.3669 | Val Loss: 1.2295 | Macro-F1: 0.5435 | Balanced Acc: 0.5500
2026-06-08 15:08:31,714 - INFO - Epoch [92/100] | Train Loss: 0.3598 | Val Loss: 1.1958 | Macro-F1: 0.6116 | Balanced Acc: 0.6036
2026-06-08 15:08:34,464 - INFO - Epoch [93/100] | Train Loss: 0.5613 | Val Loss: 1.2190 | Macro-F1: 0.5466 | Balanced Acc: 0.5500
2026-06-08 15:08:37,200 - INFO - Epoch [94/100] | Train Loss: 0.3921 | Val Loss: 1.2893 | Macro-F1: 0.5503 | Balanced Acc: 0.5500
2026-06-08 15:08:39,908 - INFO - Epoch [95/100] | Train Loss: 0.3266 | Val Loss: 1.2794 | Macro-F1: 0.5478 | Balanced Acc: 0.5536
2026-06-08 15:08:42,614 - INFO - Epoch [96/100] | Train Loss: 0.2618 | Val Loss: 1.2157 | Macro-F1: 0.5477 | Balanced Acc: 0.5500
2026-06-08 15:08:45,353 - INFO - Epoch [97/100] | Train Loss: 0.2165 | Val Loss: 1.2439 | Macro-F1: 0.5477 | Balanced Acc: 0.5500
2026-06-08 15:08:48,082 - INFO - Epoch [98/100] | Train Loss: 0.2976 | Val Loss: 1.2027 | Macro-F1: 0.6005 | Balanced Acc: 0.6036
2026-06-08 15:08:50,785 - INFO - Epoch [99/100] | Train Loss: 0.4289 | Val Loss: 1.1968 | Macro-F1: 0.5959 | Balanced Acc: 0.6036
2026-06-08 15:08:53,498 - INFO - Epoch [100/100] | Train Loss: 0.4276 | Val Loss: 1.1636 | Macro-F1: 0.5664 | Balanced Acc: 0.5750
2026-06-08 15:08:53,606 - INFO - Training completed. Last model saved.
