2026-06-11 14:17:19,718 - INFO - ==================================================
2026-06-11 14:17:19,718 - INFO - Pseudo Label Generation Configuration:
2026-06-11 14:17:19,719 - INFO -   base_weight_path  : /root/autodl-tmp/weights/dinov2_small.bin
2026-06-11 14:17:19,719 - INFO -   batch_size        : 64
2026-06-11 14:17:19,719 - INFO -   data_path         : /root/autodl-tmp/data/test_shuffled/
2026-06-11 14:17:19,719 - INFO -   lora_alpha        : 16
2026-06-11 14:17:19,719 - INFO -   lora_dropout      : 0.1
2026-06-11 14:17:19,719 - INFO -   lora_r            : 8
2026-06-11 14:17:19,719 - INFO -   name              : None
2026-06-11 14:17:19,719 - INFO -   num_classes       : 5
2026-06-11 14:17:19,719 - INFO -   num_workers       : 8
2026-06-11 14:17:19,719 - INFO -   weights_dir       : ./weights/eval/
2026-06-11 14:17:19,864 - INFO - Using device: cuda
2026-06-11 14:17:19,864 - INFO - Found 5 models for ensembling.
2026-06-11 14:17:19,865 - INFO - Loading models into memory...
2026-06-11 14:17:19,865 - INFO - Loading Model 1/5: 1.pth
2026-06-11 14:17:21,619 - INFO - Loading Model 2/5: 2.pth
2026-06-11 14:17:21,993 - INFO - Loading Model 3/5: 3.pth
2026-06-11 14:17:22,387 - INFO - Loading Model 4/5: 4.pth
2026-06-11 14:17:22,739 - INFO - Loading Model 5/5: 5.pth
2026-06-11 14:17:23,284 - INFO - Models loaded successfully.
2026-06-11 14:17:23,349 - INFO - Total unlabeled images to process: 61881
2026-06-11 14:17:23,349 - INFO - Using fast GPU-TTA (8 variations: 2 flips x 4 rotations) with Mixed Precision (bfloat16).
2026-06-11 14:17:23,349 - INFO - Starting inference loop...
2026-06-11 14:17:47,673 - INFO - Processed Batch [10/967] ...
2026-06-11 14:18:07,845 - INFO - Processed Batch [20/967] ...
2026-06-11 14:18:28,118 - INFO - Processed Batch [30/967] ...
2026-06-11 14:18:48,488 - INFO - Processed Batch [40/967] ...
2026-06-11 14:19:08,927 - INFO - Processed Batch [50/967] ...
2026-06-11 14:19:29,403 - INFO - Processed Batch [60/967] ...
2026-06-11 14:19:49,904 - INFO - Processed Batch [70/967] ...
2026-06-11 14:20:10,421 - INFO - Processed Batch [80/967] ...
2026-06-11 14:20:30,959 - INFO - Processed Batch [90/967] ...
2026-06-11 14:20:51,502 - INFO - Processed Batch [100/967] ...
2026-06-11 14:21:12,051 - INFO - Processed Batch [110/967] ...
2026-06-11 14:21:32,618 - INFO - Processed Batch [120/967] ...
2026-06-11 14:21:53,188 - INFO - Processed Batch [130/967] ...
2026-06-11 14:22:13,764 - INFO - Processed Batch [140/967] ...
2026-06-11 14:22:34,344 - INFO - Processed Batch [150/967] ...
2026-06-11 14:22:54,926 - INFO - Processed Batch [160/967] ...
2026-06-11 14:23:15,506 - INFO - Processed Batch [170/967] ...
2026-06-11 14:23:36,087 - INFO - Processed Batch [180/967] ...
2026-06-11 14:23:56,671 - INFO - Processed Batch [190/967] ...
2026-06-11 14:24:17,254 - INFO - Processed Batch [200/967] ...
2026-06-11 14:24:37,842 - INFO - Processed Batch [210/967] ...
2026-06-11 14:24:58,431 - INFO - Processed Batch [220/967] ...
2026-06-11 14:25:19,016 - INFO - Processed Batch [230/967] ...
2026-06-11 14:25:39,595 - INFO - Processed Batch [240/967] ...
2026-06-11 14:26:00,174 - INFO - Processed Batch [250/967] ...
2026-06-11 14:26:20,759 - INFO - Processed Batch [260/967] ...
2026-06-11 14:26:41,354 - INFO - Processed Batch [270/967] ...
2026-06-11 14:27:01,946 - INFO - Processed Batch [280/967] ...
2026-06-11 14:27:22,537 - INFO - Processed Batch [290/967] ...
2026-06-11 14:27:43,135 - INFO - Processed Batch [300/967] ...
2026-06-11 14:28:03,731 - INFO - Processed Batch [310/967] ...
2026-06-11 14:28:24,335 - INFO - Processed Batch [320/967] ...
2026-06-11 14:28:44,936 - INFO - Processed Batch [330/967] ...
2026-06-11 14:29:05,542 - INFO - Processed Batch [340/967] ...
2026-06-11 14:29:26,147 - INFO - Processed Batch [350/967] ...
2026-06-11 14:29:46,755 - INFO - Processed Batch [360/967] ...
2026-06-11 14:30:07,369 - INFO - Processed Batch [370/967] ...
2026-06-11 14:30:27,983 - INFO - Processed Batch [380/967] ...
2026-06-11 14:30:48,592 - INFO - Processed Batch [390/967] ...
2026-06-11 14:31:09,206 - INFO - Processed Batch [400/967] ...
2026-06-11 14:31:29,820 - INFO - Processed Batch [410/967] ...
2026-06-11 14:31:50,430 - INFO - Processed Batch [420/967] ...
2026-06-11 14:32:11,043 - INFO - Processed Batch [430/967] ...
2026-06-11 14:32:31,653 - INFO - Processed Batch [440/967] ...
2026-06-11 14:32:52,268 - INFO - Processed Batch [450/967] ...
2026-06-11 14:33:12,880 - INFO - Processed Batch [460/967] ...
2026-06-11 14:33:33,491 - INFO - Processed Batch [470/967] ...
2026-06-11 14:33:54,109 - INFO - Processed Batch [480/967] ...
2026-06-11 14:34:14,727 - INFO - Processed Batch [490/967] ...
2026-06-11 14:34:35,338 - INFO - Processed Batch [500/967] ...
2026-06-11 14:34:55,953 - INFO - Processed Batch [510/967] ...
2026-06-11 14:35:16,567 - INFO - Processed Batch [520/967] ...
2026-06-11 14:35:37,183 - INFO - Processed Batch [530/967] ...
2026-06-11 14:35:57,799 - INFO - Processed Batch [540/967] ...
2026-06-11 14:36:18,414 - INFO - Processed Batch [550/967] ...
2026-06-11 14:36:39,027 - INFO - Processed Batch [560/967] ...
2026-06-11 14:36:59,644 - INFO - Processed Batch [570/967] ...
2026-06-11 14:37:20,260 - INFO - Processed Batch [580/967] ...
2026-06-11 14:37:40,874 - INFO - Processed Batch [590/967] ...
2026-06-11 14:38:01,481 - INFO - Processed Batch [600/967] ...
2026-06-11 14:38:22,091 - INFO - Processed Batch [610/967] ...
2026-06-11 14:38:42,700 - INFO - Processed Batch [620/967] ...
2026-06-11 14:39:03,316 - INFO - Processed Batch [630/967] ...
2026-06-11 14:39:23,928 - INFO - Processed Batch [640/967] ...
2026-06-11 14:39:44,545 - INFO - Processed Batch [650/967] ...
2026-06-11 14:40:05,165 - INFO - Processed Batch [660/967] ...
2026-06-11 14:40:25,777 - INFO - Processed Batch [670/967] ...
2026-06-11 14:40:46,390 - INFO - Processed Batch [680/967] ...
2026-06-11 14:41:06,998 - INFO - Processed Batch [690/967] ...
2026-06-11 14:41:27,606 - INFO - Processed Batch [700/967] ...
2026-06-11 14:41:48,213 - INFO - Processed Batch [710/967] ...
2026-06-11 14:42:08,824 - INFO - Processed Batch [720/967] ...
2026-06-11 14:42:29,444 - INFO - Processed Batch [730/967] ...
2026-06-11 14:42:50,054 - INFO - Processed Batch [740/967] ...
2026-06-11 14:43:10,665 - INFO - Processed Batch [750/967] ...
2026-06-11 14:43:31,267 - INFO - Processed Batch [760/967] ...
2026-06-11 14:43:51,874 - INFO - Processed Batch [770/967] ...
2026-06-11 14:44:12,472 - INFO - Processed Batch [780/967] ...
2026-06-11 14:44:33,076 - INFO - Processed Batch [790/967] ...
2026-06-11 14:44:53,672 - INFO - Processed Batch [800/967] ...
2026-06-11 14:45:14,275 - INFO - Processed Batch [810/967] ...
2026-06-11 14:45:34,880 - INFO - Processed Batch [820/967] ...
2026-06-11 14:45:55,477 - INFO - Processed Batch [830/967] ...
2026-06-11 14:46:16,078 - INFO - Processed Batch [840/967] ...
2026-06-11 14:46:36,678 - INFO - Processed Batch [850/967] ...
2026-06-11 14:46:57,280 - INFO - Processed Batch [860/967] ...
2026-06-11 14:47:17,880 - INFO - Processed Batch [870/967] ...
2026-06-11 14:47:38,483 - INFO - Processed Batch [880/967] ...
2026-06-11 14:47:59,083 - INFO - Processed Batch [890/967] ...
2026-06-11 14:48:19,683 - INFO - Processed Batch [900/967] ...
2026-06-11 14:48:40,281 - INFO - Processed Batch [910/967] ...
2026-06-11 14:49:00,881 - INFO - Processed Batch [920/967] ...
2026-06-11 14:49:21,482 - INFO - Processed Batch [930/967] ...
2026-06-11 14:49:42,080 - INFO - Processed Batch [940/967] ...
2026-06-11 14:50:02,681 - INFO - Processed Batch [950/967] ...
2026-06-11 14:50:23,279 - INFO - Processed Batch [960/967] ...
2026-06-11 14:50:39,458 - INFO - Processed Batch [967/967] ...
2026-06-11 14:50:39,581 - INFO - ==================================================
2026-06-11 14:50:39,581 - INFO - Inference completed successfully!
2026-06-11 14:50:39,581 - INFO - Detailed pseudo-labels saved to: runs/pseudo/3/pseudo_labels.csv
