2026-06-10 16:09:34,866 - INFO - ==================================================
2026-06-10 16:09:34,866 - INFO - Experiment Arguments (Hyperparameters):
2026-06-10 16:09:34,866 - INFO -   batch_size        : 16
2026-06-10 16:09:34,867 - INFO -   color_jitter      : 0.2
2026-06-10 16:09:34,867 - INFO -   data_path         : /root/autodl-tmp/data/train_few_shot/
2026-06-10 16:09:34,867 - INFO -   elastic_alpha     : 25.0
2026-06-10 16:09:34,867 - INFO -   elastic_prob      : 0.5
2026-06-10 16:09:34,867 - INFO -   elastic_sigma     : 4.0
2026-06-10 16:09:34,867 - INFO -   epochs            : 100
2026-06-10 16:09:34,867 - INFO -   focal_gamma       : 0.0
2026-06-10 16:09:34,867 - INFO -   k_folds           : 5
2026-06-10 16:09:34,867 - INFO -   lora_alpha        : 16
2026-06-10 16:09:34,867 - INFO -   lora_dropout      : 0.1
2026-06-10 16:09:34,867 - INFO -   lora_r            : 8
2026-06-10 16:09:34,867 - INFO -   lr                : 0.0008
2026-06-10 16:09:34,868 - INFO -   mixup_alpha       : 0.8
2026-06-10 16:09:34,868 - INFO -   mixup_cutoff      : 0.0
2026-06-10 16:09:34,868 - INFO -   name              : fold_fold
2026-06-10 16:09:34,868 - INFO -   no_hflip          : False
2026-06-10 16:09:34,868 - INFO -   no_rotate         : False
2026-06-10 16:09:34,868 - INFO -   no_vflip          : False
2026-06-10 16:09:34,868 - INFO -   num_workers       : 4
2026-06-10 16:09:34,868 - INFO -   rotate_pad_mode   : reflect
2026-06-10 16:09:34,868 - INFO -   seed              : 42
2026-06-10 16:09:34,868 - INFO -   test_size         : 0.2
2026-06-10 16:09:34,868 - INFO -   translate         : 0.1
2026-06-10 16:09:34,868 - INFO -   weight_decay      : 0.0001
2026-06-10 16:09:34,868 - INFO -   weight_path       : /root/autodl-tmp/weights/dinov2_small.bin
2026-06-10 16:09:35,022 - INFO - ==================================================
2026-06-10 16:09:35,023 - INFO - Phase 2.5: Ultimate K-Fold Experiment Started.
2026-06-10 16:09:35,023 - INFO - Logs & Models saving to: runs/train/fold_fold
2026-06-10 16:09:35,023 - INFO - Test Split Size: 20.0% | CV on remaining: 5-Fold Stratified
2026-06-10 16:09:35,023 - INFO - ==================================================
2026-06-10 16:09:35,026 - INFO - Generating data augmentation preview...
2026-06-10 16:13:27,082 - INFO - Fold 1 Finished. Best Val F1: 0.7499 | Test F1: 0.6590
2026-06-10 16:17:20,876 - INFO - Fold 2 Finished. Best Val F1: 0.6288 | Test F1: 0.7040
2026-06-10 16:21:16,151 - INFO - Fold 3 Finished. Best Val F1: 0.7211 | Test F1: 0.5754
2026-06-10 16:25:11,239 - INFO - Fold 4 Finished. Best Val F1: 0.6124 | Test F1: 0.5540
2026-06-10 16:29:07,632 - INFO - Fold 5 Finished. Best Val F1: 0.6556 | Test F1: 0.6239
2026-06-10 16:29:07,632 - INFO - ==================================================
2026-06-10 16:29:07,632 - INFO - FINAL K-FOLD CROSS VALIDATION RESULTS:
2026-06-10 16:29:07,632 - INFO -   Fold 1: Val F1 = 0.7499 | Test F1 = 0.6590
2026-06-10 16:29:07,632 - INFO -   Fold 2: Val F1 = 0.6288 | Test F1 = 0.7040
2026-06-10 16:29:07,632 - INFO -   Fold 3: Val F1 = 0.7211 | Test F1 = 0.5754
2026-06-10 16:29:07,632 - INFO -   Fold 4: Val F1 = 0.6124 | Test F1 = 0.5540
2026-06-10 16:29:07,632 - INFO -   Fold 5: Val F1 = 0.6556 | Test F1 = 0.6239
2026-06-10 16:29:07,633 - INFO - --------------------
2026-06-10 16:29:07,633 - INFO -   Average Validation Macro-F1 : 0.6736 ± 0.0532
2026-06-10 16:29:07,633 - INFO -   Average Test Macro-F1       : 0.6233 ± 0.0545
2026-06-10 16:29:07,633 - INFO - ==================================================
