2026-06-10 16:53:57,479 - INFO - 
--- Preparing Fold 4/7 ---
2026-06-10 16:53:57,768 - INFO - === Starting Training for Fold 4 ===
2026-06-10 16:54:00,141 - INFO - [Fold 4] Epoch [01/90] | LR: 8.00e-04 | Train Loss: 2.0601 | Val Loss: 1.9514 | F1: 0.2389 | B-Acc: 0.3400
2026-06-10 16:54:00,254 - INFO - [Fold 4] --> Saved new best model (F1: 0.2389)
2026-06-10 16:54:02,748 - INFO - [Fold 4] Epoch [02/90] | LR: 8.00e-04 | Train Loss: 1.7994 | Val Loss: 1.8061 | F1: 0.1841 | B-Acc: 0.2667
2026-06-10 16:54:05,187 - INFO - [Fold 4] Epoch [03/90] | LR: 7.99e-04 | Train Loss: 1.6627 | Val Loss: 1.5725 | F1: 0.2698 | B-Acc: 0.3133
2026-06-10 16:54:05,362 - INFO - [Fold 4] --> Saved new best model (F1: 0.2698)
2026-06-10 16:54:07,786 - INFO - [Fold 4] Epoch [04/90] | LR: 7.98e-04 | Train Loss: 1.6389 | Val Loss: 1.5684 | F1: 0.3074 | B-Acc: 0.3600
2026-06-10 16:54:08,009 - INFO - [Fold 4] --> Saved new best model (F1: 0.3074)
2026-06-10 16:54:10,408 - INFO - [Fold 4] Epoch [05/90] | LR: 7.96e-04 | Train Loss: 1.4789 | Val Loss: 1.8253 | F1: 0.1307 | B-Acc: 0.2133
2026-06-10 16:54:12,798 - INFO - [Fold 4] Epoch [06/90] | LR: 7.94e-04 | Train Loss: 1.5199 | Val Loss: 1.5239 | F1: 0.2444 | B-Acc: 0.3400
2026-06-10 16:54:15,238 - INFO - [Fold 4] Epoch [07/90] | LR: 7.91e-04 | Train Loss: 1.5075 | Val Loss: 1.4306 | F1: 0.3259 | B-Acc: 0.3733
2026-06-10 16:54:15,408 - INFO - [Fold 4] --> Saved new best model (F1: 0.3259)
2026-06-10 16:54:17,766 - INFO - [Fold 4] Epoch [08/90] | LR: 7.88e-04 | Train Loss: 1.5931 | Val Loss: 1.3060 | F1: 0.4015 | B-Acc: 0.4600
2026-06-10 16:54:17,918 - INFO - [Fold 4] --> Saved new best model (F1: 0.4015)
2026-06-10 16:54:20,240 - INFO - [Fold 4] Epoch [09/90] | LR: 7.85e-04 | Train Loss: 1.3989 | Val Loss: 1.3012 | F1: 0.4489 | B-Acc: 0.4933
2026-06-10 16:54:20,384 - INFO - [Fold 4] --> Saved new best model (F1: 0.4489)
2026-06-10 16:54:22,743 - INFO - [Fold 4] Epoch [10/90] | LR: 7.80e-04 | Train Loss: 1.3309 | Val Loss: 1.4251 | F1: 0.3936 | B-Acc: 0.4067
2026-06-10 16:54:25,057 - INFO - [Fold 4] Epoch [11/90] | LR: 7.76e-04 | Train Loss: 1.4039 | Val Loss: 1.2250 | F1: 0.4261 | B-Acc: 0.4467
2026-06-10 16:54:27,369 - INFO - [Fold 4] Epoch [12/90] | LR: 7.71e-04 | Train Loss: 1.3891 | Val Loss: 1.4375 | F1: 0.3333 | B-Acc: 0.4267
2026-06-10 16:54:29,661 - INFO - [Fold 4] Epoch [13/90] | LR: 7.65e-04 | Train Loss: 1.3617 | Val Loss: 1.1638 | F1: 0.4931 | B-Acc: 0.5600
2026-06-10 16:54:29,803 - INFO - [Fold 4] --> Saved new best model (F1: 0.4931)
2026-06-10 16:54:32,150 - INFO - [Fold 4] Epoch [14/90] | LR: 7.60e-04 | Train Loss: 1.3937 | Val Loss: 1.4717 | F1: 0.3317 | B-Acc: 0.3800
2026-06-10 16:54:34,466 - INFO - [Fold 4] Epoch [15/90] | LR: 7.53e-04 | Train Loss: 1.2223 | Val Loss: 1.1968 | F1: 0.4867 | B-Acc: 0.5267
2026-06-10 16:54:36,791 - INFO - [Fold 4] Epoch [16/90] | LR: 7.46e-04 | Train Loss: 1.3754 | Val Loss: 1.2242 | F1: 0.3568 | B-Acc: 0.3933
2026-06-10 16:54:39,104 - INFO - [Fold 4] Epoch [17/90] | LR: 7.39e-04 | Train Loss: 1.3444 | Val Loss: 1.1089 | F1: 0.5321 | B-Acc: 0.5933
2026-06-10 16:54:39,245 - INFO - [Fold 4] --> Saved new best model (F1: 0.5321)
2026-06-10 16:54:41,585 - INFO - [Fold 4] Epoch [18/90] | LR: 7.32e-04 | Train Loss: 1.1759 | Val Loss: 1.2420 | F1: 0.5060 | B-Acc: 0.5267
2026-06-10 16:54:43,905 - INFO - [Fold 4] Epoch [19/90] | LR: 7.24e-04 | Train Loss: 1.1614 | Val Loss: 0.9237 | F1: 0.5996 | B-Acc: 0.5933
2026-06-10 16:54:44,073 - INFO - [Fold 4] --> Saved new best model (F1: 0.5996)
2026-06-10 16:54:46,405 - INFO - [Fold 4] Epoch [20/90] | LR: 7.15e-04 | Train Loss: 1.0891 | Val Loss: 1.0097 | F1: 0.5824 | B-Acc: 0.5933
2026-06-10 16:54:48,802 - INFO - [Fold 4] Epoch [21/90] | LR: 7.07e-04 | Train Loss: 1.1906 | Val Loss: 1.0526 | F1: 0.5623 | B-Acc: 0.5933
2026-06-10 16:54:51,211 - INFO - [Fold 4] Epoch [22/90] | LR: 6.97e-04 | Train Loss: 1.2556 | Val Loss: 1.0796 | F1: 0.5517 | B-Acc: 0.5933
2026-06-10 16:54:53,571 - INFO - [Fold 4] Epoch [23/90] | LR: 6.88e-04 | Train Loss: 1.2731 | Val Loss: 0.9958 | F1: 0.5830 | B-Acc: 0.5933
2026-06-10 16:54:55,994 - INFO - [Fold 4] Epoch [24/90] | LR: 6.78e-04 | Train Loss: 1.2147 | Val Loss: 1.0192 | F1: 0.6867 | B-Acc: 0.6867
2026-06-10 16:54:56,219 - INFO - [Fold 4] --> Saved new best model (F1: 0.6867)
2026-06-10 16:54:58,645 - INFO - [Fold 4] Epoch [25/90] | LR: 6.68e-04 | Train Loss: 1.1799 | Val Loss: 1.1922 | F1: 0.4571 | B-Acc: 0.4733
2026-06-10 16:55:01,085 - INFO - [Fold 4] Epoch [26/90] | LR: 6.57e-04 | Train Loss: 1.2077 | Val Loss: 0.9756 | F1: 0.6631 | B-Acc: 0.6600
2026-06-10 16:55:03,572 - INFO - [Fold 4] Epoch [27/90] | LR: 6.46e-04 | Train Loss: 1.0941 | Val Loss: 1.0788 | F1: 0.5679 | B-Acc: 0.5933
2026-06-10 16:55:06,041 - INFO - [Fold 4] Epoch [28/90] | LR: 6.35e-04 | Train Loss: 1.2766 | Val Loss: 1.1618 | F1: 0.5988 | B-Acc: 0.5867
2026-06-10 16:55:08,427 - INFO - [Fold 4] Epoch [29/90] | LR: 6.24e-04 | Train Loss: 1.0965 | Val Loss: 1.1037 | F1: 0.4867 | B-Acc: 0.5600
2026-06-10 16:55:10,862 - INFO - [Fold 4] Epoch [30/90] | LR: 6.12e-04 | Train Loss: 1.0081 | Val Loss: 0.9355 | F1: 0.5444 | B-Acc: 0.5600
2026-06-10 16:55:13,327 - INFO - [Fold 4] Epoch [31/90] | LR: 6.00e-04 | Train Loss: 1.2287 | Val Loss: 0.9443 | F1: 0.6187 | B-Acc: 0.6267
2026-06-10 16:55:15,680 - INFO - [Fold 4] Epoch [32/90] | LR: 5.88e-04 | Train Loss: 1.0389 | Val Loss: 1.0806 | F1: 0.5626 | B-Acc: 0.5733
2026-06-10 16:55:18,100 - INFO - [Fold 4] Epoch [33/90] | LR: 5.76e-04 | Train Loss: 0.9775 | Val Loss: 1.0402 | F1: 0.5533 | B-Acc: 0.5533
2026-06-10 16:55:20,500 - INFO - [Fold 4] Epoch [34/90] | LR: 5.63e-04 | Train Loss: 1.0307 | Val Loss: 1.1991 | F1: 0.5201 | B-Acc: 0.5600
2026-06-10 16:55:22,810 - INFO - [Fold 4] Epoch [35/90] | LR: 5.50e-04 | Train Loss: 1.0752 | Val Loss: 1.0191 | F1: 0.5664 | B-Acc: 0.5733
2026-06-10 16:55:25,132 - INFO - [Fold 4] Epoch [36/90] | LR: 5.37e-04 | Train Loss: 1.0465 | Val Loss: 0.9355 | F1: 0.6232 | B-Acc: 0.6267
2026-06-10 16:55:27,512 - INFO - [Fold 4] Epoch [37/90] | LR: 5.24e-04 | Train Loss: 0.9852 | Val Loss: 0.9399 | F1: 0.6600 | B-Acc: 0.6600
2026-06-10 16:55:29,940 - INFO - [Fold 4] Epoch [38/90] | LR: 5.11e-04 | Train Loss: 1.1596 | Val Loss: 1.0108 | F1: 0.4747 | B-Acc: 0.5267
2026-06-10 16:55:32,258 - INFO - [Fold 4] Epoch [39/90] | LR: 4.97e-04 | Train Loss: 0.8838 | Val Loss: 0.8984 | F1: 0.6113 | B-Acc: 0.6267
2026-06-10 16:55:34,588 - INFO - [Fold 4] Epoch [40/90] | LR: 4.84e-04 | Train Loss: 0.8840 | Val Loss: 1.0105 | F1: 0.6596 | B-Acc: 0.6600
2026-06-10 16:55:36,952 - INFO - [Fold 4] Epoch [41/90] | LR: 4.70e-04 | Train Loss: 0.9555 | Val Loss: 0.9552 | F1: 0.5560 | B-Acc: 0.5933
2026-06-10 16:55:39,345 - INFO - [Fold 4] Epoch [42/90] | LR: 4.56e-04 | Train Loss: 0.9462 | Val Loss: 0.9952 | F1: 0.5796 | B-Acc: 0.5933
2026-06-10 16:55:41,670 - INFO - [Fold 4] Epoch [43/90] | LR: 4.42e-04 | Train Loss: 1.0230 | Val Loss: 1.0264 | F1: 0.5359 | B-Acc: 0.5600
2026-06-10 16:55:44,023 - INFO - [Fold 4] Epoch [44/90] | LR: 4.28e-04 | Train Loss: 0.9770 | Val Loss: 0.8855 | F1: 0.7099 | B-Acc: 0.6933
2026-06-10 16:55:44,167 - INFO - [Fold 4] --> Saved new best model (F1: 0.7099)
2026-06-10 16:55:46,549 - INFO - [Fold 4] Epoch [45/90] | LR: 4.14e-04 | Train Loss: 1.0500 | Val Loss: 0.9393 | F1: 0.6264 | B-Acc: 0.6133
2026-06-10 16:55:48,942 - INFO - [Fold 4] Epoch [46/90] | LR: 4.00e-04 | Train Loss: 0.9909 | Val Loss: 1.0533 | F1: 0.6319 | B-Acc: 0.6267
2026-06-10 16:55:51,270 - INFO - [Fold 4] Epoch [47/90] | LR: 3.87e-04 | Train Loss: 0.9045 | Val Loss: 1.0510 | F1: 0.6197 | B-Acc: 0.6267
2026-06-10 16:55:53,607 - INFO - [Fold 4] Epoch [48/90] | LR: 3.73e-04 | Train Loss: 0.7726 | Val Loss: 0.8204 | F1: 0.6574 | B-Acc: 0.6600
2026-06-10 16:55:56,065 - INFO - [Fold 4] Epoch [49/90] | LR: 3.59e-04 | Train Loss: 0.9877 | Val Loss: 0.8718 | F1: 0.6676 | B-Acc: 0.6600
2026-06-10 16:55:58,436 - INFO - [Fold 4] Epoch [50/90] | LR: 3.45e-04 | Train Loss: 0.8800 | Val Loss: 0.7871 | F1: 0.6584 | B-Acc: 0.6533
2026-06-10 16:56:00,859 - INFO - [Fold 4] Epoch [51/90] | LR: 3.31e-04 | Train Loss: 1.0385 | Val Loss: 0.8883 | F1: 0.5919 | B-Acc: 0.5933
2026-06-10 16:56:03,293 - INFO - [Fold 4] Epoch [52/90] | LR: 3.17e-04 | Train Loss: 0.7836 | Val Loss: 0.7990 | F1: 0.7031 | B-Acc: 0.6933
2026-06-10 16:56:05,610 - INFO - [Fold 4] Epoch [53/90] | LR: 3.04e-04 | Train Loss: 0.8520 | Val Loss: 0.7047 | F1: 0.7319 | B-Acc: 0.7267
2026-06-10 16:56:05,799 - INFO - [Fold 4] --> Saved new best model (F1: 0.7319)
2026-06-10 16:56:08,183 - INFO - [Fold 4] Epoch [54/90] | LR: 2.90e-04 | Train Loss: 0.9911 | Val Loss: 0.8644 | F1: 0.6232 | B-Acc: 0.6267
2026-06-10 16:56:10,469 - INFO - [Fold 4] Epoch [55/90] | LR: 2.77e-04 | Train Loss: 1.0025 | Val Loss: 0.8627 | F1: 0.6687 | B-Acc: 0.6600
2026-06-10 16:56:12,830 - INFO - [Fold 4] Epoch [56/90] | LR: 2.64e-04 | Train Loss: 0.9644 | Val Loss: 0.8754 | F1: 0.6774 | B-Acc: 0.6600
2026-06-10 16:56:15,290 - INFO - [Fold 4] Epoch [57/90] | LR: 2.51e-04 | Train Loss: 0.9974 | Val Loss: 0.8099 | F1: 0.6993 | B-Acc: 0.6933
2026-06-10 16:56:17,612 - INFO - [Fold 4] Epoch [58/90] | LR: 2.38e-04 | Train Loss: 0.8717 | Val Loss: 0.8077 | F1: 0.7019 | B-Acc: 0.6933
2026-06-10 16:56:19,935 - INFO - [Fold 4] Epoch [59/90] | LR: 2.25e-04 | Train Loss: 0.8558 | Val Loss: 0.7988 | F1: 0.7668 | B-Acc: 0.7600
2026-06-10 16:56:20,096 - INFO - [Fold 4] --> Saved new best model (F1: 0.7668)
2026-06-10 16:56:22,544 - INFO - [Fold 4] Epoch [60/90] | LR: 2.13e-04 | Train Loss: 0.8473 | Val Loss: 0.8223 | F1: 0.7383 | B-Acc: 0.7267
2026-06-10 16:56:24,928 - INFO - [Fold 4] Epoch [61/90] | LR: 2.01e-04 | Train Loss: 0.6886 | Val Loss: 0.8008 | F1: 0.7278 | B-Acc: 0.7200
2026-06-10 16:56:27,291 - INFO - [Fold 4] Epoch [62/90] | LR: 1.89e-04 | Train Loss: 0.7754 | Val Loss: 0.7262 | F1: 0.7359 | B-Acc: 0.7267
2026-06-10 16:56:29,703 - INFO - [Fold 4] Epoch [63/90] | LR: 1.77e-04 | Train Loss: 0.9895 | Val Loss: 0.8661 | F1: 0.6947 | B-Acc: 0.6933
2026-06-10 16:56:32,143 - INFO - [Fold 4] Epoch [64/90] | LR: 1.66e-04 | Train Loss: 0.9381 | Val Loss: 0.7872 | F1: 0.6947 | B-Acc: 0.6933
2026-06-10 16:56:34,530 - INFO - [Fold 4] Epoch [65/90] | LR: 1.55e-04 | Train Loss: 0.8358 | Val Loss: 0.7250 | F1: 0.7359 | B-Acc: 0.7267
2026-06-10 16:56:36,926 - INFO - [Fold 4] Epoch [66/90] | LR: 1.44e-04 | Train Loss: 0.8476 | Val Loss: 0.7496 | F1: 0.7260 | B-Acc: 0.7267
2026-06-10 16:56:39,398 - INFO - [Fold 4] Epoch [67/90] | LR: 1.33e-04 | Train Loss: 0.9587 | Val Loss: 0.6953 | F1: 0.7297 | B-Acc: 0.7267
2026-06-10 16:56:41,845 - INFO - [Fold 4] Epoch [68/90] | LR: 1.23e-04 | Train Loss: 0.9141 | Val Loss: 0.6930 | F1: 0.6943 | B-Acc: 0.6933
2026-06-10 16:56:44,317 - INFO - [Fold 4] Epoch [69/90] | LR: 1.13e-04 | Train Loss: 0.9054 | Val Loss: 0.8386 | F1: 0.6909 | B-Acc: 0.6933
2026-06-10 16:56:46,799 - INFO - [Fold 4] Epoch [70/90] | LR: 1.04e-04 | Train Loss: 0.9005 | Val Loss: 0.7556 | F1: 0.6909 | B-Acc: 0.6933
2026-06-10 16:56:49,277 - INFO - [Fold 4] Epoch [71/90] | LR: 9.45e-05 | Train Loss: 0.8809 | Val Loss: 0.7808 | F1: 0.7221 | B-Acc: 0.7267
2026-06-10 16:56:51,747 - INFO - [Fold 4] Epoch [72/90] | LR: 8.57e-05 | Train Loss: 0.8930 | Val Loss: 0.7557 | F1: 0.7221 | B-Acc: 0.7267
2026-06-10 16:56:54,193 - INFO - [Fold 4] Epoch [73/90] | LR: 7.73e-05 | Train Loss: 0.8443 | Val Loss: 0.7507 | F1: 0.6909 | B-Acc: 0.6933
2026-06-10 16:56:56,607 - INFO - [Fold 4] Epoch [74/90] | LR: 6.93e-05 | Train Loss: 0.7784 | Val Loss: 0.7835 | F1: 0.6571 | B-Acc: 0.6600
2026-06-10 16:56:59,023 - INFO - [Fold 4] Epoch [75/90] | LR: 6.17e-05 | Train Loss: 0.9013 | Val Loss: 0.6974 | F1: 0.7260 | B-Acc: 0.7267
2026-06-10 16:57:01,408 - INFO - [Fold 4] Epoch [76/90] | LR: 5.45e-05 | Train Loss: 0.8868 | Val Loss: 0.7020 | F1: 0.7297 | B-Acc: 0.7267
2026-06-10 16:57:03,823 - INFO - [Fold 4] Epoch [77/90] | LR: 4.78e-05 | Train Loss: 0.9530 | Val Loss: 0.7522 | F1: 0.6909 | B-Acc: 0.6933
2026-06-10 16:57:06,297 - INFO - [Fold 4] Epoch [78/90] | LR: 4.14e-05 | Train Loss: 0.6867 | Val Loss: 0.7517 | F1: 0.6909 | B-Acc: 0.6933
2026-06-10 16:57:08,701 - INFO - [Fold 4] Epoch [79/90] | LR: 3.55e-05 | Train Loss: 0.7241 | Val Loss: 0.7417 | F1: 0.6909 | B-Acc: 0.6933
2026-06-10 16:57:11,065 - INFO - [Fold 4] Epoch [80/90] | LR: 3.01e-05 | Train Loss: 0.8100 | Val Loss: 0.7133 | F1: 0.6909 | B-Acc: 0.6933
2026-06-10 16:57:13,437 - INFO - [Fold 4] Epoch [81/90] | LR: 2.51e-05 | Train Loss: 0.9765 | Val Loss: 0.7362 | F1: 0.7260 | B-Acc: 0.7267
2026-06-10 16:57:15,800 - INFO - [Fold 4] Epoch [82/90] | LR: 2.06e-05 | Train Loss: 1.0069 | Val Loss: 0.7225 | F1: 0.7260 | B-Acc: 0.7267
2026-06-10 16:57:18,185 - INFO - [Fold 4] Epoch [83/90] | LR: 1.65e-05 | Train Loss: 0.8223 | Val Loss: 0.7218 | F1: 0.6909 | B-Acc: 0.6933
2026-06-10 16:57:20,522 - INFO - [Fold 4] Epoch [84/90] | LR: 1.29e-05 | Train Loss: 0.8109 | Val Loss: 0.7212 | F1: 0.6909 | B-Acc: 0.6933
2026-06-10 16:57:22,908 - INFO - [Fold 4] Epoch [85/90] | LR: 9.73e-06 | Train Loss: 0.8704 | Val Loss: 0.7202 | F1: 0.6909 | B-Acc: 0.6933
2026-06-10 16:57:25,284 - INFO - [Fold 4] Epoch [86/90] | LR: 7.07e-06 | Train Loss: 0.9374 | Val Loss: 0.7195 | F1: 0.6909 | B-Acc: 0.6933
2026-06-10 16:57:27,684 - INFO - [Fold 4] Epoch [87/90] | LR: 4.89e-06 | Train Loss: 0.7589 | Val Loss: 0.7214 | F1: 0.6909 | B-Acc: 0.6933
2026-06-10 16:57:30,115 - INFO - [Fold 4] Epoch [88/90] | LR: 3.19e-06 | Train Loss: 0.9278 | Val Loss: 0.7237 | F1: 0.6909 | B-Acc: 0.6933
2026-06-10 16:57:32,495 - INFO - [Fold 4] Epoch [89/90] | LR: 1.97e-06 | Train Loss: 0.8014 | Val Loss: 0.7237 | F1: 0.6909 | B-Acc: 0.6933
2026-06-10 16:57:34,986 - INFO - [Fold 4] Epoch [90/90] | LR: 1.24e-06 | Train Loss: 0.7942 | Val Loss: 0.7243 | F1: 0.6909 | B-Acc: 0.6933
2026-06-10 16:57:35,100 - INFO - [Fold 4] Evaluating best validation model on Test Set...
2026-06-10 16:57:35,712 - INFO - [Fold 4] Test Set Results -> F1: 0.4867 | B-Acc: 0.4800
