2026-06-09 19:39:17,190 - INFO - ==================================================
2026-06-09 19:39:17,190 - INFO - Phase 2.5: Ultimate K-Fold Experiment Started.
2026-06-09 19:39:17,190 - INFO - Logs & Models saving to: runs/train/focal_loss_etc_3
2026-06-09 19:39:17,190 - INFO - Using 5-Fold Stratified Cross Validation
2026-06-09 19:39:17,190 - INFO - ==================================================
2026-06-09 19:39:17,193 - INFO - Generating data augmentation preview...
2026-06-09 19:43:44,655 - INFO - Fold 1 Finished. Best F1: 0.7860
2026-06-09 19:48:17,414 - INFO - Fold 2 Finished. Best F1: 0.6743
2026-06-09 19:52:48,756 - INFO - Fold 3 Finished. Best F1: 0.7365
2026-06-09 19:57:20,000 - INFO - Fold 4 Finished. Best F1: 0.6360
2026-06-09 20:01:54,451 - INFO - Fold 5 Finished. Best F1: 0.6994
2026-06-09 20:01:54,452 - INFO - ==================================================
2026-06-09 20:01:54,452 - INFO - FINAL K-FOLD CROSS VALIDATION RESULTS:
2026-06-09 20:01:54,452 - INFO -   Fold 1: 0.7860
2026-06-09 20:01:54,452 - INFO -   Fold 2: 0.6743
2026-06-09 20:01:54,452 - INFO -   Fold 3: 0.7365
2026-06-09 20:01:54,452 - INFO -   Fold 4: 0.6360
2026-06-09 20:01:54,452 - INFO -   Fold 5: 0.6994
2026-06-09 20:01:54,452 - INFO - --------------------
2026-06-09 20:01:54,452 - INFO -   Average Macro-F1 : 0.7064 ± 0.0515
2026-06-09 20:01:54,452 - INFO - ==================================================
