2026-06-13 14:32:47,283 - INFO - ==================================================
2026-06-13 14:32:47,283 - INFO - Pseudo Label Generation Configuration:
2026-06-13 14:32:47,283 - INFO -   base_weight_path  : /root/autodl-tmp/weights/dinov2_small.bin
2026-06-13 14:32:47,283 - INFO -   batch_size        : 64
2026-06-13 14:32:47,283 - INFO -   data_path         : /root/autodl-tmp/data/test_shuffled/
2026-06-13 14:32:47,283 - INFO -   lora_alpha        : 16
2026-06-13 14:32:47,283 - INFO -   lora_dropout      : 0.1
2026-06-13 14:32:47,283 - INFO -   lora_r            : 8
2026-06-13 14:32:47,283 - INFO -   name              : None
2026-06-13 14:32:47,283 - INFO -   num_classes       : 5
2026-06-13 14:32:47,283 - INFO -   num_workers       : 8
2026-06-13 14:32:47,283 - INFO -   weights_dir       : ./weights/eval/
2026-06-13 14:32:47,430 - INFO - Using device: cuda
2026-06-13 14:32:47,430 - INFO - Found 5 models for ensembling.
2026-06-13 14:32:47,431 - INFO - Loading models into memory...
2026-06-13 14:32:47,431 - INFO - Loading Model 1/5: 1.pth
2026-06-13 14:32:49,236 - INFO - Loading Model 2/5: 2.pth
2026-06-13 14:32:49,596 - INFO - Loading Model 3/5: 3.pth
2026-06-13 14:32:49,953 - INFO - Loading Model 4/5: 4.pth
2026-06-13 14:32:50,304 - INFO - Loading Model 5/5: 5.pth
2026-06-13 14:32:50,836 - INFO - Models loaded successfully.
2026-06-13 14:32:50,889 - INFO - Total unlabeled images to process: 61881
2026-06-13 14:32:50,889 - INFO - Using fast GPU-TTA (8 variations: 2 flips x 4 rotations) with Mixed Precision (bfloat16).
2026-06-13 14:32:50,889 - INFO - Starting inference loop...
2026-06-13 14:33:15,282 - INFO - Processed Batch [10/967] ...
2026-06-13 14:33:35,466 - INFO - Processed Batch [20/967] ...
2026-06-13 14:33:55,789 - INFO - Processed Batch [30/967] ...
2026-06-13 14:34:16,240 - INFO - Processed Batch [40/967] ...
2026-06-13 14:34:36,757 - INFO - Processed Batch [50/967] ...
2026-06-13 14:34:57,325 - INFO - Processed Batch [60/967] ...
2026-06-13 14:35:17,941 - INFO - Processed Batch [70/967] ...
2026-06-13 14:35:38,592 - INFO - Processed Batch [80/967] ...
2026-06-13 14:35:59,270 - INFO - Processed Batch [90/967] ...
2026-06-13 14:36:19,970 - INFO - Processed Batch [100/967] ...
2026-06-13 14:36:40,681 - INFO - Processed Batch [110/967] ...
2026-06-13 14:37:01,387 - INFO - Processed Batch [120/967] ...
2026-06-13 14:37:22,102 - INFO - Processed Batch [130/967] ...
2026-06-13 14:37:42,819 - INFO - Processed Batch [140/967] ...
2026-06-13 14:38:03,544 - INFO - Processed Batch [150/967] ...
2026-06-13 14:38:24,269 - INFO - Processed Batch [160/967] ...
2026-06-13 14:38:44,989 - INFO - Processed Batch [170/967] ...
2026-06-13 14:39:05,717 - INFO - Processed Batch [180/967] ...
2026-06-13 14:39:26,437 - INFO - Processed Batch [190/967] ...
2026-06-13 14:39:47,164 - INFO - Processed Batch [200/967] ...
2026-06-13 14:40:07,884 - INFO - Processed Batch [210/967] ...
2026-06-13 14:40:28,605 - INFO - Processed Batch [220/967] ...
2026-06-13 14:40:49,325 - INFO - Processed Batch [230/967] ...
2026-06-13 14:41:10,055 - INFO - Processed Batch [240/967] ...
2026-06-13 14:41:30,786 - INFO - Processed Batch [250/967] ...
2026-06-13 14:41:51,515 - INFO - Processed Batch [260/967] ...
2026-06-13 14:42:12,238 - INFO - Processed Batch [270/967] ...
2026-06-13 14:42:32,957 - INFO - Processed Batch [280/967] ...
2026-06-13 14:42:53,681 - INFO - Processed Batch [290/967] ...
2026-06-13 14:43:14,413 - INFO - Processed Batch [300/967] ...
2026-06-13 14:43:35,140 - INFO - Processed Batch [310/967] ...
2026-06-13 14:43:55,860 - INFO - Processed Batch [320/967] ...
2026-06-13 14:44:16,584 - INFO - Processed Batch [330/967] ...
2026-06-13 14:44:37,310 - INFO - Processed Batch [340/967] ...
2026-06-13 14:44:58,032 - INFO - Processed Batch [350/967] ...
2026-06-13 14:45:18,753 - INFO - Processed Batch [360/967] ...
2026-06-13 14:45:39,473 - INFO - Processed Batch [370/967] ...
2026-06-13 14:46:00,193 - INFO - Processed Batch [380/967] ...
2026-06-13 14:46:20,918 - INFO - Processed Batch [390/967] ...
2026-06-13 14:46:41,645 - INFO - Processed Batch [400/967] ...
2026-06-13 14:47:02,369 - INFO - Processed Batch [410/967] ...
2026-06-13 14:47:23,094 - INFO - Processed Batch [420/967] ...
2026-06-13 14:47:43,818 - INFO - Processed Batch [430/967] ...
2026-06-13 14:48:04,541 - INFO - Processed Batch [440/967] ...
2026-06-13 14:48:25,261 - INFO - Processed Batch [450/967] ...
2026-06-13 14:48:45,980 - INFO - Processed Batch [460/967] ...
2026-06-13 14:49:06,700 - INFO - Processed Batch [470/967] ...
2026-06-13 14:49:27,417 - INFO - Processed Batch [480/967] ...
2026-06-13 14:49:48,136 - INFO - Processed Batch [490/967] ...
2026-06-13 14:50:08,862 - INFO - Processed Batch [500/967] ...
2026-06-13 14:50:29,581 - INFO - Processed Batch [510/967] ...
2026-06-13 14:50:50,301 - INFO - Processed Batch [520/967] ...
2026-06-13 14:51:11,018 - INFO - Processed Batch [530/967] ...
2026-06-13 14:51:31,749 - INFO - Processed Batch [540/967] ...
2026-06-13 14:51:52,471 - INFO - Processed Batch [550/967] ...
2026-06-13 14:52:13,201 - INFO - Processed Batch [560/967] ...
2026-06-13 14:52:33,927 - INFO - Processed Batch [570/967] ...
2026-06-13 14:52:54,651 - INFO - Processed Batch [580/967] ...
2026-06-13 14:53:15,379 - INFO - Processed Batch [590/967] ...
2026-06-13 14:53:36,101 - INFO - Processed Batch [600/967] ...
2026-06-13 14:53:56,823 - INFO - Processed Batch [610/967] ...
2026-06-13 14:54:17,551 - INFO - Processed Batch [620/967] ...
2026-06-13 14:54:38,274 - INFO - Processed Batch [630/967] ...
2026-06-13 14:54:58,993 - INFO - Processed Batch [640/967] ...
2026-06-13 14:55:19,713 - INFO - Processed Batch [650/967] ...
2026-06-13 14:55:40,438 - INFO - Processed Batch [660/967] ...
2026-06-13 14:56:01,159 - INFO - Processed Batch [670/967] ...
2026-06-13 14:56:21,885 - INFO - Processed Batch [680/967] ...
2026-06-13 14:56:42,610 - INFO - Processed Batch [690/967] ...
2026-06-13 14:57:03,337 - INFO - Processed Batch [700/967] ...
2026-06-13 14:57:24,066 - INFO - Processed Batch [710/967] ...
2026-06-13 14:57:44,791 - INFO - Processed Batch [720/967] ...
2026-06-13 14:58:05,521 - INFO - Processed Batch [730/967] ...
2026-06-13 14:58:26,251 - INFO - Processed Batch [740/967] ...
2026-06-13 14:58:46,975 - INFO - Processed Batch [750/967] ...
2026-06-13 14:59:07,697 - INFO - Processed Batch [760/967] ...
2026-06-13 14:59:28,423 - INFO - Processed Batch [770/967] ...
2026-06-13 14:59:49,147 - INFO - Processed Batch [780/967] ...
2026-06-13 15:00:09,869 - INFO - Processed Batch [790/967] ...
2026-06-13 15:00:30,600 - INFO - Processed Batch [800/967] ...
2026-06-13 15:00:51,326 - INFO - Processed Batch [810/967] ...
2026-06-13 15:01:12,044 - INFO - Processed Batch [820/967] ...
2026-06-13 15:01:32,769 - INFO - Processed Batch [830/967] ...
2026-06-13 15:01:53,484 - INFO - Processed Batch [840/967] ...
2026-06-13 15:02:14,208 - INFO - Processed Batch [850/967] ...
2026-06-13 15:02:34,929 - INFO - Processed Batch [860/967] ...
2026-06-13 15:02:55,648 - INFO - Processed Batch [870/967] ...
2026-06-13 15:03:16,365 - INFO - Processed Batch [880/967] ...
2026-06-13 15:03:37,086 - INFO - Processed Batch [890/967] ...
2026-06-13 15:03:57,803 - INFO - Processed Batch [900/967] ...
2026-06-13 15:04:18,524 - INFO - Processed Batch [910/967] ...
2026-06-13 15:04:39,246 - INFO - Processed Batch [920/967] ...
2026-06-13 15:04:59,967 - INFO - Processed Batch [930/967] ...
2026-06-13 15:05:20,682 - INFO - Processed Batch [940/967] ...
2026-06-13 15:05:41,399 - INFO - Processed Batch [950/967] ...
2026-06-13 15:06:02,112 - INFO - Processed Batch [960/967] ...
2026-06-13 15:06:18,437 - INFO - Processed Batch [967/967] ...
2026-06-13 15:06:18,559 - INFO - ==================================================
2026-06-13 15:06:18,559 - INFO - Inference completed successfully!
2026-06-13 15:06:18,559 - INFO - Detailed pseudo-labels saved to: runs/pseudo/5/pseudo_labels.csv
