2026-06-09 18:38:27,004 - INFO - 
--- Preparing Fold 6/7 ---
2026-06-09 18:38:27,279 - INFO - === Starting Training for Fold 6 ===
2026-06-09 18:38:30,035 - INFO - [Fold 6] Epoch [01/100] | LR: 5.00e-04 | Train Loss: 1.4629 | Val Loss: 1.3109 | F1: 0.1949 | B-Acc: 0.2000
2026-06-09 18:38:30,132 - INFO - [Fold 6] --> Saved new best model (F1: 0.1949)
2026-06-09 18:38:32,842 - INFO - [Fold 6] Epoch [02/100] | LR: 5.00e-04 | Train Loss: 1.2069 | Val Loss: 1.1864 | F1: 0.1074 | B-Acc: 0.1714
2026-06-09 18:38:35,558 - INFO - [Fold 6] Epoch [03/100] | LR: 5.00e-04 | Train Loss: 1.1491 | Val Loss: 1.2525 | F1: 0.1299 | B-Acc: 0.2286
2026-06-09 18:38:38,278 - INFO - [Fold 6] Epoch [04/100] | LR: 4.99e-04 | Train Loss: 1.1232 | Val Loss: 1.0738 | F1: 0.2111 | B-Acc: 0.2857
2026-06-09 18:38:38,413 - INFO - [Fold 6] --> Saved new best model (F1: 0.2111)
2026-06-09 18:38:41,162 - INFO - [Fold 6] Epoch [05/100] | LR: 4.98e-04 | Train Loss: 1.0218 | Val Loss: 1.0445 | F1: 0.2914 | B-Acc: 0.3714
2026-06-09 18:38:41,342 - INFO - [Fold 6] --> Saved new best model (F1: 0.2914)
2026-06-09 18:38:44,164 - INFO - [Fold 6] Epoch [06/100] | LR: 4.97e-04 | Train Loss: 1.0080 | Val Loss: 0.8323 | F1: 0.3799 | B-Acc: 0.4000
2026-06-09 18:38:44,311 - INFO - [Fold 6] --> Saved new best model (F1: 0.3799)
2026-06-09 18:38:47,095 - INFO - [Fold 6] Epoch [07/100] | LR: 4.96e-04 | Train Loss: 0.9488 | Val Loss: 0.9110 | F1: 0.3446 | B-Acc: 0.3714
2026-06-09 18:38:49,858 - INFO - [Fold 6] Epoch [08/100] | LR: 4.94e-04 | Train Loss: 0.9813 | Val Loss: 0.9749 | F1: 0.2972 | B-Acc: 0.3143
2026-06-09 18:38:52,588 - INFO - [Fold 6] Epoch [09/100] | LR: 4.92e-04 | Train Loss: 0.8598 | Val Loss: 0.7878 | F1: 0.4593 | B-Acc: 0.4857
2026-06-09 18:38:52,797 - INFO - [Fold 6] --> Saved new best model (F1: 0.4593)
2026-06-09 18:38:55,622 - INFO - [Fold 6] Epoch [10/100] | LR: 4.90e-04 | Train Loss: 0.8415 | Val Loss: 0.7627 | F1: 0.3305 | B-Acc: 0.4286
2026-06-09 18:38:58,397 - INFO - [Fold 6] Epoch [11/100] | LR: 4.88e-04 | Train Loss: 0.8796 | Val Loss: 0.8786 | F1: 0.5060 | B-Acc: 0.5143
2026-06-09 18:38:58,569 - INFO - [Fold 6] --> Saved new best model (F1: 0.5060)
2026-06-09 18:39:01,290 - INFO - [Fold 6] Epoch [12/100] | LR: 4.85e-04 | Train Loss: 0.7796 | Val Loss: 0.7845 | F1: 0.3087 | B-Acc: 0.4000
2026-06-09 18:39:04,055 - INFO - [Fold 6] Epoch [13/100] | LR: 4.82e-04 | Train Loss: 0.8301 | Val Loss: 0.8764 | F1: 0.4578 | B-Acc: 0.5143
2026-06-09 18:39:06,769 - INFO - [Fold 6] Epoch [14/100] | LR: 4.79e-04 | Train Loss: 0.7906 | Val Loss: 0.7418 | F1: 0.4216 | B-Acc: 0.4286
2026-06-09 18:39:09,512 - INFO - [Fold 6] Epoch [15/100] | LR: 4.76e-04 | Train Loss: 0.7207 | Val Loss: 0.7383 | F1: 0.3708 | B-Acc: 0.4286
2026-06-09 18:39:12,189 - INFO - [Fold 6] Epoch [16/100] | LR: 4.73e-04 | Train Loss: 0.8309 | Val Loss: 0.8742 | F1: 0.3323 | B-Acc: 0.3714
2026-06-09 18:39:14,905 - INFO - [Fold 6] Epoch [17/100] | LR: 4.69e-04 | Train Loss: 0.8144 | Val Loss: 0.7930 | F1: 0.5024 | B-Acc: 0.5143
2026-06-09 18:39:17,636 - INFO - [Fold 6] Epoch [18/100] | LR: 4.65e-04 | Train Loss: 0.7654 | Val Loss: 0.7472 | F1: 0.3984 | B-Acc: 0.4286
2026-06-09 18:39:20,367 - INFO - [Fold 6] Epoch [19/100] | LR: 4.61e-04 | Train Loss: 0.7653 | Val Loss: 0.8489 | F1: 0.3167 | B-Acc: 0.3714
2026-06-09 18:39:23,110 - INFO - [Fold 6] Epoch [20/100] | LR: 4.57e-04 | Train Loss: 0.7001 | Val Loss: 1.0383 | F1: 0.3804 | B-Acc: 0.4286
2026-06-09 18:39:25,845 - INFO - [Fold 6] Epoch [21/100] | LR: 4.52e-04 | Train Loss: 0.7408 | Val Loss: 0.7328 | F1: 0.3691 | B-Acc: 0.4000
2026-06-09 18:39:28,584 - INFO - [Fold 6] Epoch [22/100] | LR: 4.48e-04 | Train Loss: 0.7858 | Val Loss: 0.7667 | F1: 0.3360 | B-Acc: 0.3714
2026-06-09 18:39:31,343 - INFO - [Fold 6] Epoch [23/100] | LR: 4.43e-04 | Train Loss: 0.8074 | Val Loss: 0.8041 | F1: 0.3588 | B-Acc: 0.4286
2026-06-09 18:39:34,070 - INFO - [Fold 6] Epoch [24/100] | LR: 4.38e-04 | Train Loss: 0.7529 | Val Loss: 0.7321 | F1: 0.4406 | B-Acc: 0.4571
2026-06-09 18:39:36,829 - INFO - [Fold 6] Epoch [25/100] | LR: 4.32e-04 | Train Loss: 0.7489 | Val Loss: 0.7831 | F1: 0.4403 | B-Acc: 0.4571
2026-06-09 18:39:39,622 - INFO - [Fold 6] Epoch [26/100] | LR: 4.27e-04 | Train Loss: 0.7282 | Val Loss: 0.6373 | F1: 0.5473 | B-Acc: 0.5429
2026-06-09 18:39:39,843 - INFO - [Fold 6] --> Saved new best model (F1: 0.5473)
2026-06-09 18:39:42,618 - INFO - [Fold 6] Epoch [27/100] | LR: 4.21e-04 | Train Loss: 0.6676 | Val Loss: 0.6510 | F1: 0.5825 | B-Acc: 0.5714
2026-06-09 18:39:42,779 - INFO - [Fold 6] --> Saved new best model (F1: 0.5825)
2026-06-09 18:39:45,532 - INFO - [Fold 6] Epoch [28/100] | LR: 4.15e-04 | Train Loss: 0.7771 | Val Loss: 0.6535 | F1: 0.4290 | B-Acc: 0.4571
2026-06-09 18:39:48,245 - INFO - [Fold 6] Epoch [29/100] | LR: 4.10e-04 | Train Loss: 0.6819 | Val Loss: 0.6124 | F1: 0.4832 | B-Acc: 0.4857
2026-06-09 18:39:51,091 - INFO - [Fold 6] Epoch [30/100] | LR: 4.03e-04 | Train Loss: 0.7063 | Val Loss: 0.6204 | F1: 0.5416 | B-Acc: 0.5429
2026-06-09 18:39:53,802 - INFO - [Fold 6] Epoch [31/100] | LR: 3.97e-04 | Train Loss: 0.5944 | Val Loss: 0.6896 | F1: 0.5012 | B-Acc: 0.5143
2026-06-09 18:39:56,608 - INFO - [Fold 6] Epoch [32/100] | LR: 3.91e-04 | Train Loss: 0.6778 | Val Loss: 0.6287 | F1: 0.5550 | B-Acc: 0.5714
2026-06-09 18:39:59,380 - INFO - [Fold 6] Epoch [33/100] | LR: 3.84e-04 | Train Loss: 0.7509 | Val Loss: 0.6245 | F1: 0.5652 | B-Acc: 0.5714
2026-06-09 18:40:02,112 - INFO - [Fold 6] Epoch [34/100] | LR: 3.78e-04 | Train Loss: 0.6427 | Val Loss: 0.6160 | F1: 0.5508 | B-Acc: 0.5429
2026-06-09 18:40:04,849 - INFO - [Fold 6] Epoch [35/100] | LR: 3.71e-04 | Train Loss: 0.6430 | Val Loss: 0.8087 | F1: 0.4303 | B-Acc: 0.4857
2026-06-09 18:40:07,604 - INFO - [Fold 6] Epoch [36/100] | LR: 3.64e-04 | Train Loss: 0.8061 | Val Loss: 0.6467 | F1: 0.4004 | B-Acc: 0.4286
2026-06-09 18:40:10,286 - INFO - [Fold 6] Epoch [37/100] | LR: 3.57e-04 | Train Loss: 0.7355 | Val Loss: 0.6010 | F1: 0.5481 | B-Acc: 0.5429
2026-06-09 18:40:13,009 - INFO - [Fold 6] Epoch [38/100] | LR: 3.50e-04 | Train Loss: 0.6681 | Val Loss: 0.6336 | F1: 0.5725 | B-Acc: 0.5714
2026-06-09 18:40:15,767 - INFO - [Fold 6] Epoch [39/100] | LR: 3.42e-04 | Train Loss: 0.6552 | Val Loss: 0.5386 | F1: 0.6572 | B-Acc: 0.6571
2026-06-09 18:40:15,964 - INFO - [Fold 6] --> Saved new best model (F1: 0.6572)
2026-06-09 18:40:18,772 - INFO - [Fold 6] Epoch [40/100] | LR: 3.35e-04 | Train Loss: 0.7226 | Val Loss: 0.5876 | F1: 0.5128 | B-Acc: 0.5143
2026-06-09 18:40:21,548 - INFO - [Fold 6] Epoch [41/100] | LR: 3.28e-04 | Train Loss: 0.6112 | Val Loss: 0.5998 | F1: 0.5629 | B-Acc: 0.5714
2026-06-09 18:40:24,335 - INFO - [Fold 6] Epoch [42/100] | LR: 3.20e-04 | Train Loss: 0.6768 | Val Loss: 0.5534 | F1: 0.5010 | B-Acc: 0.5143
2026-06-09 18:40:27,091 - INFO - [Fold 6] Epoch [43/100] | LR: 3.13e-04 | Train Loss: 0.6117 | Val Loss: 0.5221 | F1: 0.6024 | B-Acc: 0.6000
2026-06-09 18:40:29,826 - INFO - [Fold 6] Epoch [44/100] | LR: 3.05e-04 | Train Loss: 0.6233 | Val Loss: 0.5986 | F1: 0.6181 | B-Acc: 0.6286
2026-06-09 18:40:32,563 - INFO - [Fold 6] Epoch [45/100] | LR: 2.97e-04 | Train Loss: 0.4935 | Val Loss: 0.5262 | F1: 0.5399 | B-Acc: 0.5429
2026-06-09 18:40:35,280 - INFO - [Fold 6] Epoch [46/100] | LR: 2.90e-04 | Train Loss: 0.6720 | Val Loss: 0.5634 | F1: 0.4807 | B-Acc: 0.4857
2026-06-09 18:40:38,015 - INFO - [Fold 6] Epoch [47/100] | LR: 2.82e-04 | Train Loss: 0.5891 | Val Loss: 0.5898 | F1: 0.5047 | B-Acc: 0.5143
2026-06-09 18:40:40,819 - INFO - [Fold 6] Epoch [48/100] | LR: 2.74e-04 | Train Loss: 0.6778 | Val Loss: 0.5925 | F1: 0.5454 | B-Acc: 0.5429
2026-06-09 18:40:43,584 - INFO - [Fold 6] Epoch [49/100] | LR: 2.66e-04 | Train Loss: 0.6235 | Val Loss: 0.6058 | F1: 0.5454 | B-Acc: 0.5429
2026-06-09 18:40:46,400 - INFO - [Fold 6] Epoch [50/100] | LR: 2.58e-04 | Train Loss: 0.5308 | Val Loss: 0.6575 | F1: 0.5092 | B-Acc: 0.5143
2026-06-09 18:40:49,196 - INFO - [Fold 6] Epoch [51/100] | LR: 2.51e-04 | Train Loss: 0.5743 | Val Loss: 0.5356 | F1: 0.6522 | B-Acc: 0.6571
2026-06-09 18:40:51,999 - INFO - [Fold 6] Epoch [52/100] | LR: 2.43e-04 | Train Loss: 0.5510 | Val Loss: 0.5236 | F1: 0.5491 | B-Acc: 0.5429
2026-06-09 18:40:54,732 - INFO - [Fold 6] Epoch [53/100] | LR: 2.35e-04 | Train Loss: 0.6227 | Val Loss: 0.5915 | F1: 0.5833 | B-Acc: 0.6000
2026-06-09 18:40:57,502 - INFO - [Fold 6] Epoch [54/100] | LR: 2.27e-04 | Train Loss: 0.5222 | Val Loss: 0.5101 | F1: 0.5948 | B-Acc: 0.6000
2026-06-09 18:41:00,297 - INFO - [Fold 6] Epoch [55/100] | LR: 2.19e-04 | Train Loss: 0.6219 | Val Loss: 0.5671 | F1: 0.4961 | B-Acc: 0.5143
2026-06-09 18:41:03,100 - INFO - [Fold 6] Epoch [56/100] | LR: 2.11e-04 | Train Loss: 0.5355 | Val Loss: 0.5711 | F1: 0.5007 | B-Acc: 0.5143
2026-06-09 18:41:05,849 - INFO - [Fold 6] Epoch [57/100] | LR: 2.04e-04 | Train Loss: 0.5191 | Val Loss: 0.5205 | F1: 0.5944 | B-Acc: 0.6000
2026-06-09 18:41:08,675 - INFO - [Fold 6] Epoch [58/100] | LR: 1.96e-04 | Train Loss: 0.5689 | Val Loss: 0.5602 | F1: 0.5445 | B-Acc: 0.5714
2026-06-09 18:41:11,425 - INFO - [Fold 6] Epoch [59/100] | LR: 1.88e-04 | Train Loss: 0.5385 | Val Loss: 0.4929 | F1: 0.6049 | B-Acc: 0.6000
2026-06-09 18:41:14,204 - INFO - [Fold 6] Epoch [60/100] | LR: 1.81e-04 | Train Loss: 0.4865 | Val Loss: 0.4996 | F1: 0.6038 | B-Acc: 0.6000
2026-06-09 18:41:16,908 - INFO - [Fold 6] Epoch [61/100] | LR: 1.73e-04 | Train Loss: 0.6952 | Val Loss: 0.5295 | F1: 0.6210 | B-Acc: 0.6286
2026-06-09 18:41:19,627 - INFO - [Fold 6] Epoch [62/100] | LR: 1.66e-04 | Train Loss: 0.5835 | Val Loss: 0.4840 | F1: 0.6038 | B-Acc: 0.6000
2026-06-09 18:41:22,356 - INFO - [Fold 6] Epoch [63/100] | LR: 1.59e-04 | Train Loss: 0.4423 | Val Loss: 0.5537 | F1: 0.5581 | B-Acc: 0.5714
2026-06-09 18:41:25,118 - INFO - [Fold 6] Epoch [64/100] | LR: 1.51e-04 | Train Loss: 0.5938 | Val Loss: 0.4553 | F1: 0.6250 | B-Acc: 0.6286
2026-06-09 18:41:27,874 - INFO - [Fold 6] Epoch [65/100] | LR: 1.44e-04 | Train Loss: 0.4931 | Val Loss: 0.5548 | F1: 0.5540 | B-Acc: 0.5714
2026-06-09 18:41:30,676 - INFO - [Fold 6] Epoch [66/100] | LR: 1.37e-04 | Train Loss: 0.4734 | Val Loss: 0.4843 | F1: 0.6752 | B-Acc: 0.6857
2026-06-09 18:41:30,850 - INFO - [Fold 6] --> Saved new best model (F1: 0.6752)
2026-06-09 18:41:33,645 - INFO - [Fold 6] Epoch [67/100] | LR: 1.30e-04 | Train Loss: 0.4278 | Val Loss: 0.4882 | F1: 0.6872 | B-Acc: 0.6857
2026-06-09 18:41:33,855 - INFO - [Fold 6] --> Saved new best model (F1: 0.6872)
2026-06-09 18:41:36,630 - INFO - [Fold 6] Epoch [68/100] | LR: 1.23e-04 | Train Loss: 0.4024 | Val Loss: 0.4735 | F1: 0.6277 | B-Acc: 0.6286
2026-06-09 18:41:39,356 - INFO - [Fold 6] Epoch [69/100] | LR: 1.17e-04 | Train Loss: 0.4854 | Val Loss: 0.5076 | F1: 0.6223 | B-Acc: 0.6286
2026-06-09 18:41:42,088 - INFO - [Fold 6] Epoch [70/100] | LR: 1.10e-04 | Train Loss: 0.6292 | Val Loss: 0.4961 | F1: 0.6299 | B-Acc: 0.6286
2026-06-09 18:41:44,862 - INFO - [Fold 6] Epoch [71/100] | LR: 1.04e-04 | Train Loss: 0.4274 | Val Loss: 0.5067 | F1: 0.6612 | B-Acc: 0.6571
2026-06-09 18:41:47,604 - INFO - [Fold 6] Epoch [72/100] | LR: 9.76e-05 | Train Loss: 0.5016 | Val Loss: 0.5176 | F1: 0.6363 | B-Acc: 0.6286
2026-06-09 18:41:50,290 - INFO - [Fold 6] Epoch [73/100] | LR: 9.15e-05 | Train Loss: 0.4770 | Val Loss: 0.5447 | F1: 0.6363 | B-Acc: 0.6286
2026-06-09 18:41:53,014 - INFO - [Fold 6] Epoch [74/100] | LR: 8.55e-05 | Train Loss: 0.4966 | Val Loss: 0.5443 | F1: 0.6348 | B-Acc: 0.6286
2026-06-09 18:41:55,750 - INFO - [Fold 6] Epoch [75/100] | LR: 7.97e-05 | Train Loss: 0.5025 | Val Loss: 0.4933 | F1: 0.6328 | B-Acc: 0.6286
2026-06-09 18:41:58,535 - INFO - [Fold 6] Epoch [76/100] | LR: 7.41e-05 | Train Loss: 0.5177 | Val Loss: 0.5149 | F1: 0.6033 | B-Acc: 0.6000
2026-06-09 18:42:01,297 - INFO - [Fold 6] Epoch [77/100] | LR: 6.86e-05 | Train Loss: 0.5586 | Val Loss: 0.5408 | F1: 0.6238 | B-Acc: 0.6286
2026-06-09 18:42:04,037 - INFO - [Fold 6] Epoch [78/100] | LR: 6.33e-05 | Train Loss: 0.4789 | Val Loss: 0.5332 | F1: 0.6026 | B-Acc: 0.6000
2026-06-09 18:42:06,736 - INFO - [Fold 6] Epoch [79/100] | LR: 5.83e-05 | Train Loss: 0.5383 | Val Loss: 0.5504 | F1: 0.6664 | B-Acc: 0.6571
2026-06-09 18:42:09,479 - INFO - [Fold 6] Epoch [80/100] | LR: 5.34e-05 | Train Loss: 0.5034 | Val Loss: 0.5225 | F1: 0.6627 | B-Acc: 0.6571
2026-06-09 18:42:09,479 - INFO - [Fold 6] Epoch 81: MixUp is now DISABLED!
2026-06-09 18:42:12,197 - INFO - [Fold 6] Epoch [81/100] | LR: 4.87e-05 | Train Loss: 0.1573 | Val Loss: 0.5270 | F1: 0.6953 | B-Acc: 0.6857
2026-06-09 18:42:12,364 - INFO - [Fold 6] --> Saved new best model (F1: 0.6953)
2026-06-09 18:42:15,160 - INFO - [Fold 6] Epoch [82/100] | LR: 4.41e-05 | Train Loss: 0.1658 | Val Loss: 0.5270 | F1: 0.6048 | B-Acc: 0.6000
2026-06-09 18:42:17,934 - INFO - [Fold 6] Epoch [83/100] | LR: 3.98e-05 | Train Loss: 0.1448 | Val Loss: 0.5357 | F1: 0.6105 | B-Acc: 0.6000
2026-06-09 18:42:20,728 - INFO - [Fold 6] Epoch [84/100] | LR: 3.57e-05 | Train Loss: 0.1452 | Val Loss: 0.5394 | F1: 0.6412 | B-Acc: 0.6286
2026-06-09 18:42:23,502 - INFO - [Fold 6] Epoch [85/100] | LR: 3.19e-05 | Train Loss: 0.1318 | Val Loss: 0.5207 | F1: 0.6349 | B-Acc: 0.6286
2026-06-09 18:42:26,230 - INFO - [Fold 6] Epoch [86/100] | LR: 2.82e-05 | Train Loss: 0.1124 | Val Loss: 0.5230 | F1: 0.6319 | B-Acc: 0.6286
2026-06-09 18:42:28,970 - INFO - [Fold 6] Epoch [87/100] | LR: 2.47e-05 | Train Loss: 0.1361 | Val Loss: 0.5330 | F1: 0.6319 | B-Acc: 0.6286
2026-06-09 18:42:31,712 - INFO - [Fold 6] Epoch [88/100] | LR: 2.15e-05 | Train Loss: 0.1338 | Val Loss: 0.5433 | F1: 0.6319 | B-Acc: 0.6286
2026-06-09 18:42:34,504 - INFO - [Fold 6] Epoch [89/100] | LR: 1.85e-05 | Train Loss: 0.1360 | Val Loss: 0.5345 | F1: 0.6012 | B-Acc: 0.6000
2026-06-09 18:42:37,263 - INFO - [Fold 6] Epoch [90/100] | LR: 1.58e-05 | Train Loss: 0.1155 | Val Loss: 0.5332 | F1: 0.6319 | B-Acc: 0.6286
2026-06-09 18:42:40,118 - INFO - [Fold 6] Epoch [91/100] | LR: 1.32e-05 | Train Loss: 0.1205 | Val Loss: 0.5293 | F1: 0.6319 | B-Acc: 0.6286
2026-06-09 18:42:42,935 - INFO - [Fold 6] Epoch [92/100] | LR: 1.09e-05 | Train Loss: 0.1239 | Val Loss: 0.5262 | F1: 0.6620 | B-Acc: 0.6571
2026-06-09 18:42:45,659 - INFO - [Fold 6] Epoch [93/100] | LR: 8.84e-06 | Train Loss: 0.1099 | Val Loss: 0.5280 | F1: 0.6620 | B-Acc: 0.6571
2026-06-09 18:42:48,377 - INFO - [Fold 6] Epoch [94/100] | LR: 7.01e-06 | Train Loss: 0.1124 | Val Loss: 0.5263 | F1: 0.6620 | B-Acc: 0.6571
2026-06-09 18:42:51,127 - INFO - [Fold 6] Epoch [95/100] | LR: 5.42e-06 | Train Loss: 0.1164 | Val Loss: 0.5248 | F1: 0.6620 | B-Acc: 0.6571
2026-06-09 18:42:53,811 - INFO - [Fold 6] Epoch [96/100] | LR: 4.07e-06 | Train Loss: 0.0995 | Val Loss: 0.5255 | F1: 0.6620 | B-Acc: 0.6571
2026-06-09 18:42:56,522 - INFO - [Fold 6] Epoch [97/100] | LR: 2.97e-06 | Train Loss: 0.1083 | Val Loss: 0.5258 | F1: 0.6620 | B-Acc: 0.6571
2026-06-09 18:42:59,259 - INFO - [Fold 6] Epoch [98/100] | LR: 2.11e-06 | Train Loss: 0.1111 | Val Loss: 0.5262 | F1: 0.6620 | B-Acc: 0.6571
2026-06-09 18:43:02,031 - INFO - [Fold 6] Epoch [99/100] | LR: 1.49e-06 | Train Loss: 0.1054 | Val Loss: 0.5268 | F1: 0.6620 | B-Acc: 0.6571
2026-06-09 18:43:04,777 - INFO - [Fold 6] Epoch [100/100] | LR: 1.12e-06 | Train Loss: 0.1030 | Val Loss: 0.5265 | F1: 0.6620 | B-Acc: 0.6571
