2026-06-10 18:11:59,539 - INFO - 
--- Preparing Fold 2/7 ---
2026-06-10 18:11:59,892 - INFO - === Starting Training for Fold 2 ===
2026-06-10 18:12:02,381 - INFO - [Fold 2] Epoch [01/100] | LR: 8.00e-04 | Train Loss: 1.9401 | Val Loss: 1.9045 | F1: 0.1241 | B-Acc: 0.2067
2026-06-10 18:12:02,517 - INFO - [Fold 2] --> Saved new best model (F1: 0.1241)
2026-06-10 18:12:05,054 - INFO - [Fold 2] Epoch [02/100] | LR: 8.00e-04 | Train Loss: 1.6913 | Val Loss: 1.8351 | F1: 0.2305 | B-Acc: 0.3000
2026-06-10 18:12:05,286 - INFO - [Fold 2] --> Saved new best model (F1: 0.2305)
2026-06-10 18:12:07,820 - INFO - [Fold 2] Epoch [03/100] | LR: 7.99e-04 | Train Loss: 1.7039 | Val Loss: 1.5150 | F1: 0.3832 | B-Acc: 0.4067
2026-06-10 18:12:08,084 - INFO - [Fold 2] --> Saved new best model (F1: 0.3832)
2026-06-10 18:12:10,615 - INFO - [Fold 2] Epoch [04/100] | LR: 7.98e-04 | Train Loss: 1.6059 | Val Loss: 1.5141 | F1: 0.2494 | B-Acc: 0.2867
2026-06-10 18:12:13,126 - INFO - [Fold 2] Epoch [05/100] | LR: 7.97e-04 | Train Loss: 1.5320 | Val Loss: 1.4702 | F1: 0.3132 | B-Acc: 0.3200
2026-06-10 18:12:15,662 - INFO - [Fold 2] Epoch [06/100] | LR: 7.95e-04 | Train Loss: 1.3960 | Val Loss: 1.3894 | F1: 0.4818 | B-Acc: 0.4800
2026-06-10 18:12:15,899 - INFO - [Fold 2] --> Saved new best model (F1: 0.4818)
2026-06-10 18:12:18,450 - INFO - [Fold 2] Epoch [07/100] | LR: 7.93e-04 | Train Loss: 1.4558 | Val Loss: 1.5089 | F1: 0.3885 | B-Acc: 0.4200
2026-06-10 18:12:21,165 - INFO - [Fold 2] Epoch [08/100] | LR: 7.90e-04 | Train Loss: 1.4794 | Val Loss: 1.3633 | F1: 0.3476 | B-Acc: 0.4133
2026-06-10 18:12:23,690 - INFO - [Fold 2] Epoch [09/100] | LR: 7.87e-04 | Train Loss: 1.4075 | Val Loss: 1.3385 | F1: 0.4759 | B-Acc: 0.5267
2026-06-10 18:12:26,135 - INFO - [Fold 2] Epoch [10/100] | LR: 7.84e-04 | Train Loss: 1.4673 | Val Loss: 1.1977 | F1: 0.3424 | B-Acc: 0.4133
2026-06-10 18:12:28,580 - INFO - [Fold 2] Epoch [11/100] | LR: 7.80e-04 | Train Loss: 1.4236 | Val Loss: 1.1723 | F1: 0.5481 | B-Acc: 0.5533
2026-06-10 18:12:28,792 - INFO - [Fold 2] --> Saved new best model (F1: 0.5481)
2026-06-10 18:12:31,326 - INFO - [Fold 2] Epoch [12/100] | LR: 7.76e-04 | Train Loss: 1.2395 | Val Loss: 1.1051 | F1: 0.6226 | B-Acc: 0.6200
2026-06-10 18:12:31,579 - INFO - [Fold 2] --> Saved new best model (F1: 0.6226)
2026-06-10 18:12:34,144 - INFO - [Fold 2] Epoch [13/100] | LR: 7.72e-04 | Train Loss: 1.2518 | Val Loss: 1.2166 | F1: 0.5550 | B-Acc: 0.6200
2026-06-10 18:12:36,695 - INFO - [Fold 2] Epoch [14/100] | LR: 7.67e-04 | Train Loss: 1.2062 | Val Loss: 1.3028 | F1: 0.5194 | B-Acc: 0.5600
2026-06-10 18:12:39,331 - INFO - [Fold 2] Epoch [15/100] | LR: 7.62e-04 | Train Loss: 1.2831 | Val Loss: 1.3931 | F1: 0.4047 | B-Acc: 0.4467
2026-06-10 18:12:41,927 - INFO - [Fold 2] Epoch [16/100] | LR: 7.56e-04 | Train Loss: 1.3275 | Val Loss: 1.3223 | F1: 0.4318 | B-Acc: 0.4867
2026-06-10 18:12:44,448 - INFO - [Fold 2] Epoch [17/100] | LR: 7.51e-04 | Train Loss: 1.2982 | Val Loss: 1.2332 | F1: 0.4319 | B-Acc: 0.4867
2026-06-10 18:12:46,984 - INFO - [Fold 2] Epoch [18/100] | LR: 7.44e-04 | Train Loss: 1.2717 | Val Loss: 1.2745 | F1: 0.4705 | B-Acc: 0.4733
2026-06-10 18:12:49,542 - INFO - [Fold 2] Epoch [19/100] | LR: 7.38e-04 | Train Loss: 1.2725 | Val Loss: 1.1563 | F1: 0.5884 | B-Acc: 0.5867
2026-06-10 18:12:52,070 - INFO - [Fold 2] Epoch [20/100] | LR: 7.31e-04 | Train Loss: 1.2096 | Val Loss: 1.2382 | F1: 0.4276 | B-Acc: 0.4600
2026-06-10 18:12:54,615 - INFO - [Fold 2] Epoch [21/100] | LR: 7.24e-04 | Train Loss: 1.2216 | Val Loss: 1.0592 | F1: 0.5879 | B-Acc: 0.5867
2026-06-10 18:12:57,226 - INFO - [Fold 2] Epoch [22/100] | LR: 7.16e-04 | Train Loss: 1.0799 | Val Loss: 1.0797 | F1: 0.6511 | B-Acc: 0.6533
2026-06-10 18:12:57,487 - INFO - [Fold 2] --> Saved new best model (F1: 0.6511)
2026-06-10 18:12:59,995 - INFO - [Fold 2] Epoch [23/100] | LR: 7.08e-04 | Train Loss: 1.2700 | Val Loss: 1.2408 | F1: 0.5731 | B-Acc: 0.5933
2026-06-10 18:13:02,513 - INFO - [Fold 2] Epoch [24/100] | LR: 7.00e-04 | Train Loss: 1.3345 | Val Loss: 1.2297 | F1: 0.5640 | B-Acc: 0.5867
2026-06-10 18:13:04,995 - INFO - [Fold 2] Epoch [25/100] | LR: 6.92e-04 | Train Loss: 1.1159 | Val Loss: 1.0297 | F1: 0.6660 | B-Acc: 0.6600
2026-06-10 18:13:05,195 - INFO - [Fold 2] --> Saved new best model (F1: 0.6660)
2026-06-10 18:13:07,708 - INFO - [Fold 2] Epoch [26/100] | LR: 6.83e-04 | Train Loss: 1.1295 | Val Loss: 1.3151 | F1: 0.5023 | B-Acc: 0.5267
2026-06-10 18:13:10,285 - INFO - [Fold 2] Epoch [27/100] | LR: 6.74e-04 | Train Loss: 1.2233 | Val Loss: 1.2684 | F1: 0.4971 | B-Acc: 0.4867
2026-06-10 18:13:12,917 - INFO - [Fold 2] Epoch [28/100] | LR: 6.65e-04 | Train Loss: 1.1159 | Val Loss: 1.1462 | F1: 0.6489 | B-Acc: 0.6600
2026-06-10 18:13:15,537 - INFO - [Fold 2] Epoch [29/100] | LR: 6.55e-04 | Train Loss: 1.1558 | Val Loss: 1.2911 | F1: 0.4675 | B-Acc: 0.5267
2026-06-10 18:13:17,995 - INFO - [Fold 2] Epoch [30/100] | LR: 6.45e-04 | Train Loss: 1.3012 | Val Loss: 1.2681 | F1: 0.4705 | B-Acc: 0.5267
2026-06-10 18:13:20,545 - INFO - [Fold 2] Epoch [31/100] | LR: 6.35e-04 | Train Loss: 1.1046 | Val Loss: 0.9705 | F1: 0.6326 | B-Acc: 0.6200
2026-06-10 18:13:23,073 - INFO - [Fold 2] Epoch [32/100] | LR: 6.25e-04 | Train Loss: 1.0578 | Val Loss: 0.9511 | F1: 0.5911 | B-Acc: 0.5800
2026-06-10 18:13:25,621 - INFO - [Fold 2] Epoch [33/100] | LR: 6.15e-04 | Train Loss: 1.1647 | Val Loss: 1.0177 | F1: 0.5857 | B-Acc: 0.6200
2026-06-10 18:13:28,179 - INFO - [Fold 2] Epoch [34/100] | LR: 6.04e-04 | Train Loss: 1.1027 | Val Loss: 1.0899 | F1: 0.5795 | B-Acc: 0.6000
2026-06-10 18:13:30,824 - INFO - [Fold 2] Epoch [35/100] | LR: 5.93e-04 | Train Loss: 1.0488 | Val Loss: 1.0986 | F1: 0.5578 | B-Acc: 0.5467
2026-06-10 18:13:33,407 - INFO - [Fold 2] Epoch [36/100] | LR: 5.82e-04 | Train Loss: 0.9261 | Val Loss: 0.9779 | F1: 0.6667 | B-Acc: 0.6600
2026-06-10 18:13:33,654 - INFO - [Fold 2] --> Saved new best model (F1: 0.6667)
2026-06-10 18:13:36,268 - INFO - [Fold 2] Epoch [37/100] | LR: 5.71e-04 | Train Loss: 1.2034 | Val Loss: 1.0611 | F1: 0.6162 | B-Acc: 0.6133
2026-06-10 18:13:38,829 - INFO - [Fold 2] Epoch [38/100] | LR: 5.59e-04 | Train Loss: 1.0319 | Val Loss: 1.2051 | F1: 0.4657 | B-Acc: 0.4933
2026-06-10 18:13:41,388 - INFO - [Fold 2] Epoch [39/100] | LR: 5.48e-04 | Train Loss: 0.9762 | Val Loss: 1.1107 | F1: 0.5540 | B-Acc: 0.5467
2026-06-10 18:13:43,921 - INFO - [Fold 2] Epoch [40/100] | LR: 5.36e-04 | Train Loss: 1.0458 | Val Loss: 0.8810 | F1: 0.5488 | B-Acc: 0.5467
2026-06-10 18:13:46,450 - INFO - [Fold 2] Epoch [41/100] | LR: 5.24e-04 | Train Loss: 1.0099 | Val Loss: 1.0260 | F1: 0.6016 | B-Acc: 0.6333
2026-06-10 18:13:49,028 - INFO - [Fold 2] Epoch [42/100] | LR: 5.12e-04 | Train Loss: 1.0123 | Val Loss: 1.0933 | F1: 0.5000 | B-Acc: 0.5133
2026-06-10 18:13:51,573 - INFO - [Fold 2] Epoch [43/100] | LR: 5.00e-04 | Train Loss: 1.0018 | Val Loss: 0.9904 | F1: 0.6352 | B-Acc: 0.6200
2026-06-10 18:13:54,257 - INFO - [Fold 2] Epoch [44/100] | LR: 4.88e-04 | Train Loss: 1.0219 | Val Loss: 1.0317 | F1: 0.6152 | B-Acc: 0.6133
2026-06-10 18:13:56,803 - INFO - [Fold 2] Epoch [45/100] | LR: 4.75e-04 | Train Loss: 0.9797 | Val Loss: 1.0057 | F1: 0.5363 | B-Acc: 0.5133
2026-06-10 18:13:59,308 - INFO - [Fold 2] Epoch [46/100] | LR: 4.63e-04 | Train Loss: 0.9910 | Val Loss: 1.1654 | F1: 0.5990 | B-Acc: 0.5933
2026-06-10 18:14:01,955 - INFO - [Fold 2] Epoch [47/100] | LR: 4.51e-04 | Train Loss: 1.0966 | Val Loss: 0.9492 | F1: 0.6600 | B-Acc: 0.6533
2026-06-10 18:14:04,606 - INFO - [Fold 2] Epoch [48/100] | LR: 4.38e-04 | Train Loss: 1.0148 | Val Loss: 0.9855 | F1: 0.6610 | B-Acc: 0.6533
2026-06-10 18:14:07,173 - INFO - [Fold 2] Epoch [49/100] | LR: 4.26e-04 | Train Loss: 1.0212 | Val Loss: 0.9712 | F1: 0.6147 | B-Acc: 0.6200
2026-06-10 18:14:09,630 - INFO - [Fold 2] Epoch [50/100] | LR: 4.13e-04 | Train Loss: 1.0624 | Val Loss: 0.8894 | F1: 0.6264 | B-Acc: 0.6133
2026-06-10 18:14:12,166 - INFO - [Fold 2] Epoch [51/100] | LR: 4.01e-04 | Train Loss: 0.9676 | Val Loss: 1.0548 | F1: 0.6631 | B-Acc: 0.6600
2026-06-10 18:14:14,692 - INFO - [Fold 2] Epoch [52/100] | LR: 3.88e-04 | Train Loss: 0.9056 | Val Loss: 0.9804 | F1: 0.5933 | B-Acc: 0.5800
2026-06-10 18:14:17,202 - INFO - [Fold 2] Epoch [53/100] | LR: 3.75e-04 | Train Loss: 0.9531 | Val Loss: 1.2836 | F1: 0.5223 | B-Acc: 0.5133
2026-06-10 18:14:19,710 - INFO - [Fold 2] Epoch [54/100] | LR: 3.63e-04 | Train Loss: 0.8772 | Val Loss: 0.9469 | F1: 0.7027 | B-Acc: 0.6867
2026-06-10 18:14:19,897 - INFO - [Fold 2] --> Saved new best model (F1: 0.7027)
2026-06-10 18:14:22,633 - INFO - [Fold 2] Epoch [55/100] | LR: 3.50e-04 | Train Loss: 0.7668 | Val Loss: 0.9849 | F1: 0.5655 | B-Acc: 0.5533
2026-06-10 18:14:25,153 - INFO - [Fold 2] Epoch [56/100] | LR: 3.38e-04 | Train Loss: 0.8349 | Val Loss: 0.8425 | F1: 0.6885 | B-Acc: 0.6800
2026-06-10 18:14:27,716 - INFO - [Fold 2] Epoch [57/100] | LR: 3.26e-04 | Train Loss: 1.0758 | Val Loss: 0.8219 | F1: 0.6879 | B-Acc: 0.6800
2026-06-10 18:14:30,278 - INFO - [Fold 2] Epoch [58/100] | LR: 3.13e-04 | Train Loss: 0.7701 | Val Loss: 0.8902 | F1: 0.6466 | B-Acc: 0.6467
2026-06-10 18:14:33,140 - INFO - [Fold 2] Epoch [59/100] | LR: 3.01e-04 | Train Loss: 0.9322 | Val Loss: 0.9153 | F1: 0.6218 | B-Acc: 0.6200
2026-06-10 18:14:35,695 - INFO - [Fold 2] Epoch [60/100] | LR: 2.89e-04 | Train Loss: 0.7755 | Val Loss: 0.9245 | F1: 0.7261 | B-Acc: 0.7267
2026-06-10 18:14:35,919 - INFO - [Fold 2] --> Saved new best model (F1: 0.7261)
2026-06-10 18:14:38,498 - INFO - [Fold 2] Epoch [61/100] | LR: 2.77e-04 | Train Loss: 0.8053 | Val Loss: 0.9931 | F1: 0.6341 | B-Acc: 0.6200
2026-06-10 18:14:41,109 - INFO - [Fold 2] Epoch [62/100] | LR: 2.65e-04 | Train Loss: 0.8405 | Val Loss: 0.8787 | F1: 0.6922 | B-Acc: 0.6867
2026-06-10 18:14:43,731 - INFO - [Fold 2] Epoch [63/100] | LR: 2.53e-04 | Train Loss: 0.9684 | Val Loss: 0.9764 | F1: 0.6285 | B-Acc: 0.6267
2026-06-10 18:14:46,325 - INFO - [Fold 2] Epoch [64/100] | LR: 2.42e-04 | Train Loss: 0.9757 | Val Loss: 0.9138 | F1: 0.6267 | B-Acc: 0.6200
2026-06-10 18:14:48,921 - INFO - [Fold 2] Epoch [65/100] | LR: 2.30e-04 | Train Loss: 0.7272 | Val Loss: 0.9031 | F1: 0.5691 | B-Acc: 0.5467
2026-06-10 18:14:51,547 - INFO - [Fold 2] Epoch [66/100] | LR: 2.19e-04 | Train Loss: 0.6147 | Val Loss: 1.0259 | F1: 0.5924 | B-Acc: 0.5867
2026-06-10 18:14:54,183 - INFO - [Fold 2] Epoch [67/100] | LR: 2.08e-04 | Train Loss: 0.7241 | Val Loss: 1.0757 | F1: 0.5862 | B-Acc: 0.5867
2026-06-10 18:14:56,763 - INFO - [Fold 2] Epoch [68/100] | LR: 1.97e-04 | Train Loss: 1.0025 | Val Loss: 0.9929 | F1: 0.5606 | B-Acc: 0.5467
2026-06-10 18:14:59,397 - INFO - [Fold 2] Epoch [69/100] | LR: 1.86e-04 | Train Loss: 0.7646 | Val Loss: 1.0325 | F1: 0.5538 | B-Acc: 0.5467
2026-06-10 18:15:02,068 - INFO - [Fold 2] Epoch [70/100] | LR: 1.76e-04 | Train Loss: 0.8889 | Val Loss: 0.9463 | F1: 0.6694 | B-Acc: 0.6600
2026-06-10 18:15:04,682 - INFO - [Fold 2] Epoch [71/100] | LR: 1.66e-04 | Train Loss: 0.8394 | Val Loss: 0.9219 | F1: 0.6000 | B-Acc: 0.5800
2026-06-10 18:15:07,293 - INFO - [Fold 2] Epoch [72/100] | LR: 1.56e-04 | Train Loss: 0.7556 | Val Loss: 1.0010 | F1: 0.6285 | B-Acc: 0.6267
2026-06-10 18:15:09,877 - INFO - [Fold 2] Epoch [73/100] | LR: 1.46e-04 | Train Loss: 0.8227 | Val Loss: 1.0430 | F1: 0.6341 | B-Acc: 0.6200
2026-06-10 18:15:12,434 - INFO - [Fold 2] Epoch [74/100] | LR: 1.36e-04 | Train Loss: 0.7554 | Val Loss: 1.0081 | F1: 0.5924 | B-Acc: 0.5867
2026-06-10 18:15:15,037 - INFO - [Fold 2] Epoch [75/100] | LR: 1.27e-04 | Train Loss: 0.9046 | Val Loss: 0.9742 | F1: 0.5932 | B-Acc: 0.5800
2026-06-10 18:15:17,606 - INFO - [Fold 2] Epoch [76/100] | LR: 1.18e-04 | Train Loss: 0.7350 | Val Loss: 0.9542 | F1: 0.6341 | B-Acc: 0.6200
2026-06-10 18:15:20,221 - INFO - [Fold 2] Epoch [77/100] | LR: 1.09e-04 | Train Loss: 0.8818 | Val Loss: 0.9168 | F1: 0.6615 | B-Acc: 0.6533
2026-06-10 18:15:23,027 - INFO - [Fold 2] Epoch [78/100] | LR: 1.01e-04 | Train Loss: 0.7842 | Val Loss: 0.9547 | F1: 0.6615 | B-Acc: 0.6533
2026-06-10 18:15:25,668 - INFO - [Fold 2] Epoch [79/100] | LR: 9.27e-05 | Train Loss: 0.6127 | Val Loss: 0.9870 | F1: 0.6272 | B-Acc: 0.6200
2026-06-10 18:15:28,272 - INFO - [Fold 2] Epoch [80/100] | LR: 8.48e-05 | Train Loss: 0.7665 | Val Loss: 0.9236 | F1: 0.6266 | B-Acc: 0.6133
2026-06-10 18:15:30,862 - INFO - [Fold 2] Epoch [81/100] | LR: 7.73e-05 | Train Loss: 0.6703 | Val Loss: 0.9852 | F1: 0.6266 | B-Acc: 0.6133
2026-06-10 18:15:33,506 - INFO - [Fold 2] Epoch [82/100] | LR: 7.01e-05 | Train Loss: 0.7624 | Val Loss: 1.0243 | F1: 0.6272 | B-Acc: 0.6200
2026-06-10 18:15:36,095 - INFO - [Fold 2] Epoch [83/100] | LR: 6.32e-05 | Train Loss: 0.7728 | Val Loss: 0.9969 | F1: 0.6272 | B-Acc: 0.6200
2026-06-10 18:15:38,763 - INFO - [Fold 2] Epoch [84/100] | LR: 5.66e-05 | Train Loss: 0.7370 | Val Loss: 0.9678 | F1: 0.6267 | B-Acc: 0.6200
2026-06-10 18:15:41,395 - INFO - [Fold 2] Epoch [85/100] | LR: 5.04e-05 | Train Loss: 0.9537 | Val Loss: 0.9775 | F1: 0.5932 | B-Acc: 0.5800
2026-06-10 18:15:43,981 - INFO - [Fold 2] Epoch [86/100] | LR: 4.45e-05 | Train Loss: 0.8364 | Val Loss: 0.9356 | F1: 0.6615 | B-Acc: 0.6533
2026-06-10 18:15:46,590 - INFO - [Fold 2] Epoch [87/100] | LR: 3.90e-05 | Train Loss: 0.7149 | Val Loss: 0.9172 | F1: 0.6615 | B-Acc: 0.6533
2026-06-10 18:15:49,190 - INFO - [Fold 2] Epoch [88/100] | LR: 3.39e-05 | Train Loss: 0.9035 | Val Loss: 0.9589 | F1: 0.6615 | B-Acc: 0.6533
2026-06-10 18:15:51,742 - INFO - [Fold 2] Epoch [89/100] | LR: 2.91e-05 | Train Loss: 0.8012 | Val Loss: 0.9794 | F1: 0.6272 | B-Acc: 0.6200
2026-06-10 18:15:54,360 - INFO - [Fold 2] Epoch [90/100] | LR: 2.46e-05 | Train Loss: 0.6650 | Val Loss: 0.9764 | F1: 0.6615 | B-Acc: 0.6533
2026-06-10 18:15:56,994 - INFO - [Fold 2] Epoch [91/100] | LR: 2.06e-05 | Train Loss: 0.8646 | Val Loss: 0.9720 | F1: 0.6615 | B-Acc: 0.6533
2026-06-10 18:15:59,606 - INFO - [Fold 2] Epoch [92/100] | LR: 1.69e-05 | Train Loss: 0.7614 | Val Loss: 0.9776 | F1: 0.6615 | B-Acc: 0.6533
2026-06-10 18:16:02,152 - INFO - [Fold 2] Epoch [93/100] | LR: 1.36e-05 | Train Loss: 0.7748 | Val Loss: 0.9732 | F1: 0.6615 | B-Acc: 0.6533
2026-06-10 18:16:04,755 - INFO - [Fold 2] Epoch [94/100] | LR: 1.06e-05 | Train Loss: 0.8361 | Val Loss: 0.9700 | F1: 0.6615 | B-Acc: 0.6533
2026-06-10 18:16:07,374 - INFO - [Fold 2] Epoch [95/100] | LR: 8.08e-06 | Train Loss: 0.8822 | Val Loss: 0.9730 | F1: 0.6615 | B-Acc: 0.6533
2026-06-10 18:16:10,051 - INFO - [Fold 2] Epoch [96/100] | LR: 5.92e-06 | Train Loss: 0.6989 | Val Loss: 0.9719 | F1: 0.6615 | B-Acc: 0.6533
2026-06-10 18:16:12,666 - INFO - [Fold 2] Epoch [97/100] | LR: 4.15e-06 | Train Loss: 0.5759 | Val Loss: 0.9698 | F1: 0.6615 | B-Acc: 0.6533
2026-06-10 18:16:15,281 - INFO - [Fold 2] Epoch [98/100] | LR: 2.77e-06 | Train Loss: 0.7569 | Val Loss: 0.9689 | F1: 0.6615 | B-Acc: 0.6533
2026-06-10 18:16:17,938 - INFO - [Fold 2] Epoch [99/100] | LR: 1.79e-06 | Train Loss: 0.8386 | Val Loss: 0.9690 | F1: 0.6615 | B-Acc: 0.6533
2026-06-10 18:16:20,679 - INFO - [Fold 2] Epoch [100/100] | LR: 1.20e-06 | Train Loss: 0.8786 | Val Loss: 0.9695 | F1: 0.6615 | B-Acc: 0.6533
2026-06-10 18:16:20,843 - INFO - [Fold 2] Evaluating best validation model on Test Set...
2026-06-10 18:16:21,483 - INFO - [Fold 2] Test Set Results -> F1: 0.5629 | B-Acc: 0.5800
