2026-06-10 15:18:33,760 - INFO - ==================================================
2026-06-10 15:18:33,761 - INFO - Phase 2.5: Ultimate K-Fold Experiment Started.
2026-06-10 15:18:33,761 - INFO - Logs & Models saving to: runs/train/focal_loss_etc_5
2026-06-10 15:18:33,761 - INFO - Using 5-Fold Stratified Cross Validation
2026-06-10 15:18:33,761 - INFO - ==================================================
2026-06-10 15:18:33,764 - INFO - Generating data augmentation preview...
2026-06-10 15:23:07,631 - INFO - Fold 1 Finished. Best F1: 0.6779
2026-06-10 15:27:44,017 - INFO - Fold 2 Finished. Best F1: 0.6147
2026-06-10 15:32:23,125 - INFO - Fold 3 Finished. Best F1: 0.7632
2026-06-10 15:37:02,132 - INFO - Fold 4 Finished. Best F1: 0.5960
2026-06-10 15:41:41,858 - INFO - Fold 5 Finished. Best F1: 0.7190
2026-06-10 15:41:41,858 - INFO - ==================================================
2026-06-10 15:41:41,858 - INFO - FINAL K-FOLD CROSS VALIDATION RESULTS:
2026-06-10 15:41:41,858 - INFO -   Fold 1: 0.6779
2026-06-10 15:41:41,858 - INFO -   Fold 2: 0.6147
2026-06-10 15:41:41,858 - INFO -   Fold 3: 0.7632
2026-06-10 15:41:41,858 - INFO -   Fold 4: 0.5960
2026-06-10 15:41:41,858 - INFO -   Fold 5: 0.7190
2026-06-10 15:41:41,859 - INFO - --------------------
2026-06-10 15:41:41,859 - INFO -   Average Macro-F1 : 0.6742 ± 0.0626
2026-06-10 15:41:41,859 - INFO - ==================================================
