2026-06-09 18:15:08,384 - INFO - ==================================================
2026-06-09 18:15:08,385 - INFO - Phase 2.5: Ultimate K-Fold Experiment Started.
2026-06-09 18:15:08,385 - INFO - Logs & Models saving to: runs/train/focal_loss_etc_1
2026-06-09 18:15:08,385 - INFO - Using 7-Fold Stratified Cross Validation
2026-06-09 18:15:08,385 - INFO - ==================================================
2026-06-09 18:15:08,389 - INFO - Generating data augmentation preview...
2026-06-09 18:19:45,860 - INFO - Fold 1 Finished. Best F1: 0.6885
2026-06-09 18:24:28,326 - INFO - Fold 2 Finished. Best F1: 0.7187
2026-06-09 18:29:07,506 - INFO - Fold 3 Finished. Best F1: 0.7068
2026-06-09 18:33:47,796 - INFO - Fold 4 Finished. Best F1: 0.6964
2026-06-09 18:38:27,003 - INFO - Fold 5 Finished. Best F1: 0.6734
2026-06-09 18:43:04,875 - INFO - Fold 6 Finished. Best F1: 0.6953
2026-06-09 18:47:50,803 - INFO - Fold 7 Finished. Best F1: 0.5762
2026-06-09 18:47:50,803 - INFO - ==================================================
2026-06-09 18:47:50,803 - INFO - FINAL K-FOLD CROSS VALIDATION RESULTS:
2026-06-09 18:47:50,803 - INFO -   Fold 1: 0.6885
2026-06-09 18:47:50,803 - INFO -   Fold 2: 0.7187
2026-06-09 18:47:50,803 - INFO -   Fold 3: 0.7068
2026-06-09 18:47:50,803 - INFO -   Fold 4: 0.6964
2026-06-09 18:47:50,803 - INFO -   Fold 5: 0.6734
2026-06-09 18:47:50,803 - INFO -   Fold 6: 0.6953
2026-06-09 18:47:50,803 - INFO -   Fold 7: 0.5762
2026-06-09 18:47:50,804 - INFO - --------------------
2026-06-09 18:47:50,804 - INFO -   Average Macro-F1 : 0.6793 ± 0.0441
2026-06-09 18:47:50,804 - INFO - ==================================================
