2026-06-11 20:59:25,020 - INFO - 
--- Preparing Fold 4/5 ---
2026-06-11 20:59:25,020 - INFO - Base True Samples: 200 | Pseudo Samples: 5690
2026-06-11 20:59:25,020 - INFO - Oversampling True Data by factor of 5 to balance Mixed Batch.
2026-06-11 20:59:25,308 - INFO - === Starting Training for Fold 4 ===
2026-06-11 21:00:30,407 - INFO - [Fold 4] Epoch [01/30] | LR: 1.00e-03 | Train Loss: 1.3060 | Val Loss: 1.2862 | F1: 0.3921 | B-Acc: 0.4200
2026-06-11 21:00:30,494 - INFO - [Fold 4] --> Saved new best model (F1: 0.3921)
2026-06-11 21:01:35,589 - INFO - [Fold 4] Epoch [02/30] | LR: 9.97e-04 | Train Loss: 1.1087 | Val Loss: 0.7951 | F1: 0.6812 | B-Acc: 0.6800
2026-06-11 21:01:35,775 - INFO - [Fold 4] --> Saved new best model (F1: 0.6812)
2026-06-11 21:02:41,742 - INFO - [Fold 4] Epoch [03/30] | LR: 9.89e-04 | Train Loss: 1.0556 | Val Loss: 0.9774 | F1: 0.6414 | B-Acc: 0.6600
2026-06-11 21:03:47,121 - INFO - [Fold 4] Epoch [04/30] | LR: 9.76e-04 | Train Loss: 1.0329 | Val Loss: 0.7948 | F1: 0.6596 | B-Acc: 0.6600
2026-06-11 21:04:52,216 - INFO - [Fold 4] Epoch [05/30] | LR: 9.57e-04 | Train Loss: 1.0031 | Val Loss: 0.9768 | F1: 0.5980 | B-Acc: 0.6000
2026-06-11 21:05:57,175 - INFO - [Fold 4] Epoch [06/30] | LR: 9.33e-04 | Train Loss: 1.0043 | Val Loss: 0.9637 | F1: 0.6164 | B-Acc: 0.6200
2026-06-11 21:07:02,174 - INFO - [Fold 4] Epoch [07/30] | LR: 9.05e-04 | Train Loss: 0.9719 | Val Loss: 0.7753 | F1: 0.6534 | B-Acc: 0.6600
2026-06-11 21:08:07,276 - INFO - [Fold 4] Epoch [08/30] | LR: 8.72e-04 | Train Loss: 0.9654 | Val Loss: 0.9021 | F1: 0.6617 | B-Acc: 0.6600
2026-06-11 21:09:12,304 - INFO - [Fold 4] Epoch [09/30] | LR: 8.35e-04 | Train Loss: 0.9612 | Val Loss: 0.7508 | F1: 0.6702 | B-Acc: 0.6800
2026-06-11 21:10:17,341 - INFO - [Fold 4] Epoch [10/30] | LR: 7.94e-04 | Train Loss: 0.9454 | Val Loss: 0.8591 | F1: 0.6248 | B-Acc: 0.6400
2026-06-11 21:11:22,389 - INFO - [Fold 4] Epoch [11/30] | LR: 7.50e-04 | Train Loss: 0.9070 | Val Loss: 0.8938 | F1: 0.6496 | B-Acc: 0.6600
2026-06-11 21:12:27,522 - INFO - [Fold 4] Epoch [12/30] | LR: 7.04e-04 | Train Loss: 0.8917 | Val Loss: 0.7499 | F1: 0.6970 | B-Acc: 0.7000
2026-06-11 21:12:27,658 - INFO - [Fold 4] --> Saved new best model (F1: 0.6970)
2026-06-11 21:13:32,897 - INFO - [Fold 4] Epoch [13/30] | LR: 6.55e-04 | Train Loss: 0.9036 | Val Loss: 0.8865 | F1: 0.6298 | B-Acc: 0.6400
2026-06-11 21:14:38,004 - INFO - [Fold 4] Epoch [14/30] | LR: 6.04e-04 | Train Loss: 0.8761 | Val Loss: 0.7956 | F1: 0.6915 | B-Acc: 0.6800
2026-06-11 21:15:43,513 - INFO - [Fold 4] Epoch [15/30] | LR: 5.53e-04 | Train Loss: 0.8701 | Val Loss: 0.6533 | F1: 0.7413 | B-Acc: 0.7400
2026-06-11 21:15:43,640 - INFO - [Fold 4] --> Saved new best model (F1: 0.7413)
2026-06-11 21:16:48,627 - INFO - [Fold 4] Epoch [16/30] | LR: 5.01e-04 | Train Loss: 0.8511 | Val Loss: 0.6835 | F1: 0.7644 | B-Acc: 0.7600
2026-06-11 21:16:48,760 - INFO - [Fold 4] --> Saved new best model (F1: 0.7644)
2026-06-11 21:17:53,913 - INFO - [Fold 4] Epoch [17/30] | LR: 4.48e-04 | Train Loss: 0.8393 | Val Loss: 0.6806 | F1: 0.7054 | B-Acc: 0.7000
2026-06-11 21:18:59,084 - INFO - [Fold 4] Epoch [18/30] | LR: 3.97e-04 | Train Loss: 0.7936 | Val Loss: 0.6900 | F1: 0.7698 | B-Acc: 0.7600
2026-06-11 21:18:59,260 - INFO - [Fold 4] --> Saved new best model (F1: 0.7698)
2026-06-11 21:20:04,338 - INFO - [Fold 4] Epoch [19/30] | LR: 3.46e-04 | Train Loss: 0.8223 | Val Loss: 0.7590 | F1: 0.6923 | B-Acc: 0.7000
2026-06-11 21:21:09,416 - INFO - [Fold 4] Epoch [20/30] | LR: 2.97e-04 | Train Loss: 0.8023 | Val Loss: 0.7843 | F1: 0.6824 | B-Acc: 0.6800
2026-06-11 21:22:14,517 - INFO - [Fold 4] Epoch [21/30] | LR: 2.51e-04 | Train Loss: 0.8006 | Val Loss: 0.6569 | F1: 0.7643 | B-Acc: 0.7600
2026-06-11 21:23:19,646 - INFO - [Fold 4] Epoch [22/30] | LR: 2.07e-04 | Train Loss: 0.7654 | Val Loss: 0.8394 | F1: 0.7658 | B-Acc: 0.7600
2026-06-11 21:24:26,364 - INFO - [Fold 4] Epoch [23/30] | LR: 1.66e-04 | Train Loss: 0.7572 | Val Loss: 0.8607 | F1: 0.7641 | B-Acc: 0.7600
2026-06-11 21:25:31,809 - INFO - [Fold 4] Epoch [24/30] | LR: 1.29e-04 | Train Loss: 0.7569 | Val Loss: 0.7618 | F1: 0.7680 | B-Acc: 0.7600
2026-06-11 21:26:36,712 - INFO - [Fold 4] Epoch [25/30] | LR: 9.64e-05 | Train Loss: 0.7410 | Val Loss: 0.8028 | F1: 0.6831 | B-Acc: 0.6800
2026-06-11 21:26:36,712 - INFO - [Fold 4] Epoch 26: Entering Wash-out Phase! Using PURE true data. MixUp remains active.
2026-06-11 21:26:39,390 - INFO - [Fold 4] Epoch [26/30] | LR: 6.79e-05 | Train Loss: 0.8626 | Val Loss: 0.7398 | F1: 0.7003 | B-Acc: 0.7000
2026-06-11 21:26:42,116 - INFO - [Fold 4] Epoch [27/30] | LR: 4.42e-05 | Train Loss: 0.8988 | Val Loss: 0.7278 | F1: 0.7396 | B-Acc: 0.7400
2026-06-11 21:26:44,870 - INFO - [Fold 4] Epoch [28/30] | LR: 2.54e-05 | Train Loss: 0.7629 | Val Loss: 0.7398 | F1: 0.7396 | B-Acc: 0.7400
2026-06-11 21:26:47,611 - INFO - [Fold 4] Epoch [29/30] | LR: 1.19e-05 | Train Loss: 0.7718 | Val Loss: 0.7395 | F1: 0.7396 | B-Acc: 0.7400
2026-06-11 21:26:50,357 - INFO - [Fold 4] Epoch [30/30] | LR: 3.74e-06 | Train Loss: 0.8208 | Val Loss: 0.7404 | F1: 0.7396 | B-Acc: 0.7400
