2026-06-11 15:03:08,378 - INFO - ==================================================
2026-06-11 15:03:08,378 - INFO - Experiment Arguments (Hyperparameters):
2026-06-11 15:03:08,378 - INFO -   batch_size        : 16
2026-06-11 15:03:08,378 - INFO -   color_jitter      : 0.25
2026-06-11 15:03:08,378 - INFO -   data_path         : /root/autodl-tmp/data/train_few_shot/
2026-06-11 15:03:08,378 - INFO -   elastic_alpha     : 25.0
2026-06-11 15:03:08,378 - INFO -   elastic_prob      : 0.5
2026-06-11 15:03:08,378 - INFO -   elastic_sigma     : 4.0
2026-06-11 15:03:08,378 - INFO -   epochs            : 30
2026-06-11 15:03:08,378 - INFO -   focal_gamma       : 0.0
2026-06-11 15:03:08,378 - INFO -   k_folds           : 5
2026-06-11 15:03:08,378 - INFO -   lora_alpha        : 16
2026-06-11 15:03:08,378 - INFO -   lora_dropout      : 0.1
2026-06-11 15:03:08,378 - INFO -   lora_r            : 8
2026-06-11 15:03:08,378 - INFO -   lr                : 0.001
2026-06-11 15:03:08,378 - INFO -   mixup_alpha       : 0.6
2026-06-11 15:03:08,378 - INFO -   name              : pseudo
2026-06-11 15:03:08,378 - INFO -   no_hflip          : False
2026-06-11 15:03:08,378 - INFO -   no_rotate         : False
2026-06-11 15:03:08,378 - INFO -   no_vflip          : False
2026-06-11 15:03:08,378 - INFO -   num_workers       : 4
2026-06-11 15:03:08,378 - INFO -   pseudo_csv_path   : ./runs/pseudo/3/pseudo_labels.csv
2026-06-11 15:03:08,378 - INFO -   pseudo_prob_thresh: 0.6
2026-06-11 15:03:08,378 - INFO -   rotate_pad_mode   : reflect
2026-06-11 15:03:08,378 - INFO -   seed              : 42
2026-06-11 15:03:08,378 - INFO -   translate         : 0.1
2026-06-11 15:03:08,378 - INFO -   unlabeled_data_path: /root/autodl-tmp/data/test_shuffled/
2026-06-11 15:03:08,378 - INFO -   washout_epochs    : 10
2026-06-11 15:03:08,378 - INFO -   weight_decay      : 0.0001
2026-06-11 15:03:08,378 - INFO -   weight_path       : /root/autodl-tmp/weights/dinov2_small.bin
2026-06-11 15:03:08,523 - INFO - ==================================================
2026-06-11 15:03:08,523 - INFO - Phase 3: Semi-Supervised Training Started (Pseudo-labels + Wash-out).
2026-06-11 15:03:08,523 - INFO - Logs & Models saving to: runs/train_pseudo/pseudo_6
2026-06-11 15:03:08,523 - INFO - ==================================================
2026-06-11 15:03:08,524 - INFO - Parsing pseudo-labels from: ./runs/pseudo/3/pseudo_labels.csv
2026-06-11 15:03:09,466 - INFO - Successfully filtered pseudo-labels. Class-balanced top-K: 1233. Total pseudo images: 6165
2026-06-11 15:03:09,469 - INFO - Generating data augmentation preview...
