2026-06-11 17:45:42,271 - INFO - ==================================================
2026-06-11 17:45:42,271 - INFO - Pseudo Label Generation Configuration:
2026-06-11 17:45:42,271 - INFO -   base_weight_path  : /root/autodl-tmp/weights/dinov2_small.bin
2026-06-11 17:45:42,271 - INFO -   batch_size        : 64
2026-06-11 17:45:42,271 - INFO -   data_path         : /root/autodl-tmp/data/test_shuffled/
2026-06-11 17:45:42,271 - INFO -   lora_alpha        : 16
2026-06-11 17:45:42,271 - INFO -   lora_dropout      : 0.1
2026-06-11 17:45:42,271 - INFO -   lora_r            : 8
2026-06-11 17:45:42,271 - INFO -   name              : None
2026-06-11 17:45:42,271 - INFO -   num_classes       : 5
2026-06-11 17:45:42,271 - INFO -   num_workers       : 8
2026-06-11 17:45:42,271 - INFO -   weights_dir       : ./weights/eval/
2026-06-11 17:45:42,421 - INFO - Using device: cuda
2026-06-11 17:45:42,422 - INFO - Found 5 models for ensembling.
2026-06-11 17:45:42,422 - INFO - Loading models into memory...
2026-06-11 17:45:42,422 - INFO - Loading Model 1/5: 1.pth
2026-06-11 17:45:44,365 - INFO - Loading Model 2/5: 2.pth
2026-06-11 17:45:44,737 - INFO - Loading Model 3/5: 3.pth
2026-06-11 17:45:45,117 - INFO - Loading Model 4/5: 4.pth
2026-06-11 17:45:45,450 - INFO - Loading Model 5/5: 5.pth
2026-06-11 17:45:45,998 - INFO - Models loaded successfully.
2026-06-11 17:45:46,050 - INFO - Total unlabeled images to process: 61881
2026-06-11 17:45:46,050 - INFO - Using fast GPU-TTA (8 variations: 2 flips x 4 rotations) with Mixed Precision (bfloat16).
2026-06-11 17:45:46,050 - INFO - Starting inference loop...
2026-06-11 17:46:10,889 - INFO - Processed Batch [10/967] ...
2026-06-11 17:46:30,935 - INFO - Processed Batch [20/967] ...
2026-06-11 17:46:51,124 - INFO - Processed Batch [30/967] ...
2026-06-11 17:47:11,417 - INFO - Processed Batch [40/967] ...
2026-06-11 17:47:31,765 - INFO - Processed Batch [50/967] ...
2026-06-11 17:47:52,147 - INFO - Processed Batch [60/967] ...
2026-06-11 17:48:12,549 - INFO - Processed Batch [70/967] ...
2026-06-11 17:48:32,960 - INFO - Processed Batch [80/967] ...
2026-06-11 17:48:53,373 - INFO - Processed Batch [90/967] ...
2026-06-11 17:49:13,774 - INFO - Processed Batch [100/967] ...
2026-06-11 17:49:34,176 - INFO - Processed Batch [110/967] ...
2026-06-11 17:49:54,579 - INFO - Processed Batch [120/967] ...
2026-06-11 17:50:14,977 - INFO - Processed Batch [130/967] ...
2026-06-11 17:50:35,381 - INFO - Processed Batch [140/967] ...
2026-06-11 17:50:55,787 - INFO - Processed Batch [150/967] ...
2026-06-11 17:51:16,188 - INFO - Processed Batch [160/967] ...
2026-06-11 17:51:36,594 - INFO - Processed Batch [170/967] ...
2026-06-11 17:51:56,997 - INFO - Processed Batch [180/967] ...
2026-06-11 17:52:17,399 - INFO - Processed Batch [190/967] ...
2026-06-11 17:52:37,806 - INFO - Processed Batch [200/967] ...
2026-06-11 17:52:58,211 - INFO - Processed Batch [210/967] ...
2026-06-11 17:53:18,614 - INFO - Processed Batch [220/967] ...
2026-06-11 17:53:39,016 - INFO - Processed Batch [230/967] ...
2026-06-11 17:53:59,417 - INFO - Processed Batch [240/967] ...
2026-06-11 17:54:19,820 - INFO - Processed Batch [250/967] ...
2026-06-11 17:54:40,227 - INFO - Processed Batch [260/967] ...
2026-06-11 17:55:00,632 - INFO - Processed Batch [270/967] ...
2026-06-11 17:55:21,032 - INFO - Processed Batch [280/967] ...
2026-06-11 17:55:41,435 - INFO - Processed Batch [290/967] ...
2026-06-11 17:56:01,844 - INFO - Processed Batch [300/967] ...
2026-06-11 17:56:22,258 - INFO - Processed Batch [310/967] ...
2026-06-11 17:56:42,664 - INFO - Processed Batch [320/967] ...
2026-06-11 17:57:03,071 - INFO - Processed Batch [330/967] ...
2026-06-11 17:57:23,480 - INFO - Processed Batch [340/967] ...
2026-06-11 17:57:43,888 - INFO - Processed Batch [350/967] ...
2026-06-11 17:58:04,301 - INFO - Processed Batch [360/967] ...
2026-06-11 17:58:24,712 - INFO - Processed Batch [370/967] ...
2026-06-11 17:58:45,122 - INFO - Processed Batch [380/967] ...
2026-06-11 17:59:05,525 - INFO - Processed Batch [390/967] ...
2026-06-11 17:59:25,935 - INFO - Processed Batch [400/967] ...
2026-06-11 17:59:46,344 - INFO - Processed Batch [410/967] ...
2026-06-11 18:00:06,752 - INFO - Processed Batch [420/967] ...
2026-06-11 18:00:27,171 - INFO - Processed Batch [430/967] ...
2026-06-11 18:00:47,587 - INFO - Processed Batch [440/967] ...
2026-06-11 18:01:08,003 - INFO - Processed Batch [450/967] ...
2026-06-11 18:01:28,416 - INFO - Processed Batch [460/967] ...
2026-06-11 18:01:48,833 - INFO - Processed Batch [470/967] ...
2026-06-11 18:02:09,238 - INFO - Processed Batch [480/967] ...
2026-06-11 18:02:29,641 - INFO - Processed Batch [490/967] ...
2026-06-11 18:02:50,043 - INFO - Processed Batch [500/967] ...
2026-06-11 18:03:10,439 - INFO - Processed Batch [510/967] ...
2026-06-11 18:03:30,833 - INFO - Processed Batch [520/967] ...
2026-06-11 18:03:51,224 - INFO - Processed Batch [530/967] ...
2026-06-11 18:04:11,615 - INFO - Processed Batch [540/967] ...
2026-06-11 18:04:32,010 - INFO - Processed Batch [550/967] ...
2026-06-11 18:04:52,403 - INFO - Processed Batch [560/967] ...
2026-06-11 18:05:12,796 - INFO - Processed Batch [570/967] ...
2026-06-11 18:05:33,189 - INFO - Processed Batch [580/967] ...
2026-06-11 18:05:53,580 - INFO - Processed Batch [590/967] ...
2026-06-11 18:06:13,968 - INFO - Processed Batch [600/967] ...
2026-06-11 18:06:34,362 - INFO - Processed Batch [610/967] ...
2026-06-11 18:06:54,750 - INFO - Processed Batch [620/967] ...
2026-06-11 18:07:15,139 - INFO - Processed Batch [630/967] ...
2026-06-11 18:07:35,525 - INFO - Processed Batch [640/967] ...
2026-06-11 18:07:55,919 - INFO - Processed Batch [650/967] ...
2026-06-11 18:08:16,306 - INFO - Processed Batch [660/967] ...
2026-06-11 18:08:36,694 - INFO - Processed Batch [670/967] ...
2026-06-11 18:08:57,082 - INFO - Processed Batch [680/967] ...
2026-06-11 18:09:17,473 - INFO - Processed Batch [690/967] ...
2026-06-11 18:09:37,863 - INFO - Processed Batch [700/967] ...
2026-06-11 18:09:58,252 - INFO - Processed Batch [710/967] ...
2026-06-11 18:10:18,643 - INFO - Processed Batch [720/967] ...
2026-06-11 18:10:39,032 - INFO - Processed Batch [730/967] ...
2026-06-11 18:10:59,427 - INFO - Processed Batch [740/967] ...
2026-06-11 18:11:19,812 - INFO - Processed Batch [750/967] ...
2026-06-11 18:11:40,196 - INFO - Processed Batch [760/967] ...
2026-06-11 18:12:00,584 - INFO - Processed Batch [770/967] ...
2026-06-11 18:12:20,969 - INFO - Processed Batch [780/967] ...
2026-06-11 18:12:41,356 - INFO - Processed Batch [790/967] ...
2026-06-11 18:13:01,745 - INFO - Processed Batch [800/967] ...
2026-06-11 18:13:22,135 - INFO - Processed Batch [810/967] ...
2026-06-11 18:13:42,519 - INFO - Processed Batch [820/967] ...
2026-06-11 18:14:02,909 - INFO - Processed Batch [830/967] ...
2026-06-11 18:14:23,300 - INFO - Processed Batch [840/967] ...
2026-06-11 18:14:43,692 - INFO - Processed Batch [850/967] ...
2026-06-11 18:15:04,089 - INFO - Processed Batch [860/967] ...
2026-06-11 18:15:24,480 - INFO - Processed Batch [870/967] ...
2026-06-11 18:15:44,873 - INFO - Processed Batch [880/967] ...
2026-06-11 18:16:05,265 - INFO - Processed Batch [890/967] ...
2026-06-11 18:16:25,659 - INFO - Processed Batch [900/967] ...
2026-06-11 18:16:46,056 - INFO - Processed Batch [910/967] ...
2026-06-11 18:17:06,456 - INFO - Processed Batch [920/967] ...
2026-06-11 18:17:26,851 - INFO - Processed Batch [930/967] ...
2026-06-11 18:17:47,245 - INFO - Processed Batch [940/967] ...
2026-06-11 18:18:07,639 - INFO - Processed Batch [950/967] ...
2026-06-11 18:18:28,035 - INFO - Processed Batch [960/967] ...
2026-06-11 18:18:44,097 - INFO - Processed Batch [967/967] ...
2026-06-11 18:18:44,215 - INFO - ==================================================
2026-06-11 18:18:44,215 - INFO - Inference completed successfully!
2026-06-11 18:18:44,215 - INFO - Detailed pseudo-labels saved to: runs/pseudo/4/pseudo_labels.csv
