2026-06-10 15:23:07,632 - INFO - 
--- Preparing Fold 2/5 ---
2026-06-10 15:23:07,958 - INFO - === Starting Training for Fold 2 ===
2026-06-10 15:23:10,652 - INFO - [Fold 2] Epoch [01/100] | LR: 8.00e-04 | Train Loss: 1.8591 | Val Loss: 2.0570 | F1: 0.1976 | B-Acc: 0.2400
2026-06-10 15:23:10,748 - INFO - [Fold 2] --> Saved new best model (F1: 0.1976)
2026-06-10 15:23:13,490 - INFO - [Fold 2] Epoch [02/100] | LR: 8.00e-04 | Train Loss: 1.6274 | Val Loss: 1.8326 | F1: 0.1647 | B-Acc: 0.2600
2026-06-10 15:23:16,238 - INFO - [Fold 2] Epoch [03/100] | LR: 7.99e-04 | Train Loss: 1.5915 | Val Loss: 1.4992 | F1: 0.2064 | B-Acc: 0.2600
2026-06-10 15:23:16,383 - INFO - [Fold 2] --> Saved new best model (F1: 0.2064)
2026-06-10 15:23:19,129 - INFO - [Fold 2] Epoch [04/100] | LR: 7.98e-04 | Train Loss: 1.4637 | Val Loss: 1.4814 | F1: 0.3813 | B-Acc: 0.3800
2026-06-10 15:23:19,338 - INFO - [Fold 2] --> Saved new best model (F1: 0.3813)
2026-06-10 15:23:22,151 - INFO - [Fold 2] Epoch [05/100] | LR: 7.97e-04 | Train Loss: 1.4752 | Val Loss: 1.5470 | F1: 0.3729 | B-Acc: 0.4000
2026-06-10 15:23:24,887 - INFO - [Fold 2] Epoch [06/100] | LR: 7.95e-04 | Train Loss: 1.4804 | Val Loss: 1.2499 | F1: 0.4792 | B-Acc: 0.4800
2026-06-10 15:23:25,042 - INFO - [Fold 2] --> Saved new best model (F1: 0.4792)
2026-06-10 15:23:27,777 - INFO - [Fold 2] Epoch [07/100] | LR: 7.93e-04 | Train Loss: 1.4980 | Val Loss: 1.2210 | F1: 0.5725 | B-Acc: 0.5800
2026-06-10 15:23:27,930 - INFO - [Fold 2] --> Saved new best model (F1: 0.5725)
2026-06-10 15:23:30,640 - INFO - [Fold 2] Epoch [08/100] | LR: 7.90e-04 | Train Loss: 1.3791 | Val Loss: 1.2638 | F1: 0.4724 | B-Acc: 0.5000
2026-06-10 15:23:33,358 - INFO - [Fold 2] Epoch [09/100] | LR: 7.87e-04 | Train Loss: 1.3231 | Val Loss: 1.2041 | F1: 0.5058 | B-Acc: 0.5200
2026-06-10 15:23:36,082 - INFO - [Fold 2] Epoch [10/100] | LR: 7.84e-04 | Train Loss: 1.3235 | Val Loss: 1.1227 | F1: 0.4976 | B-Acc: 0.5200
2026-06-10 15:23:38,822 - INFO - [Fold 2] Epoch [11/100] | LR: 7.80e-04 | Train Loss: 1.2779 | Val Loss: 1.1503 | F1: 0.5097 | B-Acc: 0.5200
2026-06-10 15:23:41,585 - INFO - [Fold 2] Epoch [12/100] | LR: 7.76e-04 | Train Loss: 1.2464 | Val Loss: 1.1216 | F1: 0.6147 | B-Acc: 0.6200
2026-06-10 15:23:41,767 - INFO - [Fold 2] --> Saved new best model (F1: 0.6147)
2026-06-10 15:23:44,558 - INFO - [Fold 2] Epoch [13/100] | LR: 7.72e-04 | Train Loss: 1.2603 | Val Loss: 1.3795 | F1: 0.4178 | B-Acc: 0.4400
2026-06-10 15:23:47,256 - INFO - [Fold 2] Epoch [14/100] | LR: 7.67e-04 | Train Loss: 1.2262 | Val Loss: 1.5068 | F1: 0.4036 | B-Acc: 0.4400
2026-06-10 15:23:50,035 - INFO - [Fold 2] Epoch [15/100] | LR: 7.62e-04 | Train Loss: 1.2486 | Val Loss: 1.1532 | F1: 0.4505 | B-Acc: 0.4800
2026-06-10 15:23:52,805 - INFO - [Fold 2] Epoch [16/100] | LR: 7.56e-04 | Train Loss: 1.2976 | Val Loss: 1.1127 | F1: 0.5672 | B-Acc: 0.5600
2026-06-10 15:23:55,640 - INFO - [Fold 2] Epoch [17/100] | LR: 7.51e-04 | Train Loss: 1.1993 | Val Loss: 1.2264 | F1: 0.5124 | B-Acc: 0.5200
2026-06-10 15:23:58,411 - INFO - [Fold 2] Epoch [18/100] | LR: 7.44e-04 | Train Loss: 1.1840 | Val Loss: 1.2426 | F1: 0.4610 | B-Acc: 0.4800
2026-06-10 15:24:01,281 - INFO - [Fold 2] Epoch [19/100] | LR: 7.38e-04 | Train Loss: 1.1667 | Val Loss: 1.1092 | F1: 0.5126 | B-Acc: 0.5200
2026-06-10 15:24:04,001 - INFO - [Fold 2] Epoch [20/100] | LR: 7.31e-04 | Train Loss: 1.1779 | Val Loss: 1.0356 | F1: 0.5886 | B-Acc: 0.6000
2026-06-10 15:24:06,741 - INFO - [Fold 2] Epoch [21/100] | LR: 7.24e-04 | Train Loss: 1.0350 | Val Loss: 1.2218 | F1: 0.4796 | B-Acc: 0.5000
2026-06-10 15:24:09,420 - INFO - [Fold 2] Epoch [22/100] | LR: 7.16e-04 | Train Loss: 1.1974 | Val Loss: 1.3968 | F1: 0.4537 | B-Acc: 0.4800
2026-06-10 15:24:12,160 - INFO - [Fold 2] Epoch [23/100] | LR: 7.08e-04 | Train Loss: 1.1198 | Val Loss: 1.0915 | F1: 0.6087 | B-Acc: 0.6000
2026-06-10 15:24:14,894 - INFO - [Fold 2] Epoch [24/100] | LR: 7.00e-04 | Train Loss: 1.1719 | Val Loss: 1.0734 | F1: 0.5519 | B-Acc: 0.5600
2026-06-10 15:24:17,534 - INFO - [Fold 2] Epoch [25/100] | LR: 6.92e-04 | Train Loss: 1.2567 | Val Loss: 1.1437 | F1: 0.5543 | B-Acc: 0.5600
2026-06-10 15:24:20,292 - INFO - [Fold 2] Epoch [26/100] | LR: 6.83e-04 | Train Loss: 1.0957 | Val Loss: 1.0343 | F1: 0.5740 | B-Acc: 0.5800
2026-06-10 15:24:23,092 - INFO - [Fold 2] Epoch [27/100] | LR: 6.74e-04 | Train Loss: 1.1184 | Val Loss: 1.1436 | F1: 0.5273 | B-Acc: 0.5400
2026-06-10 15:24:25,898 - INFO - [Fold 2] Epoch [28/100] | LR: 6.65e-04 | Train Loss: 1.0874 | Val Loss: 1.2189 | F1: 0.5074 | B-Acc: 0.5000
2026-06-10 15:24:28,642 - INFO - [Fold 2] Epoch [29/100] | LR: 6.55e-04 | Train Loss: 1.0925 | Val Loss: 1.1993 | F1: 0.4641 | B-Acc: 0.4400
2026-06-10 15:24:31,447 - INFO - [Fold 2] Epoch [30/100] | LR: 6.45e-04 | Train Loss: 1.0578 | Val Loss: 1.0531 | F1: 0.5484 | B-Acc: 0.5600
2026-06-10 15:24:34,202 - INFO - [Fold 2] Epoch [31/100] | LR: 6.35e-04 | Train Loss: 0.9928 | Val Loss: 1.1902 | F1: 0.5057 | B-Acc: 0.5200
2026-06-10 15:24:36,957 - INFO - [Fold 2] Epoch [32/100] | LR: 6.25e-04 | Train Loss: 1.0175 | Val Loss: 1.1072 | F1: 0.5496 | B-Acc: 0.5600
2026-06-10 15:24:39,701 - INFO - [Fold 2] Epoch [33/100] | LR: 6.15e-04 | Train Loss: 1.1326 | Val Loss: 1.2737 | F1: 0.4962 | B-Acc: 0.5400
2026-06-10 15:24:42,535 - INFO - [Fold 2] Epoch [34/100] | LR: 6.04e-04 | Train Loss: 1.0382 | Val Loss: 1.2028 | F1: 0.5290 | B-Acc: 0.5200
2026-06-10 15:24:45,302 - INFO - [Fold 2] Epoch [35/100] | LR: 5.93e-04 | Train Loss: 1.0013 | Val Loss: 1.0919 | F1: 0.5248 | B-Acc: 0.5200
2026-06-10 15:24:48,062 - INFO - [Fold 2] Epoch [36/100] | LR: 5.82e-04 | Train Loss: 0.8494 | Val Loss: 1.1743 | F1: 0.5235 | B-Acc: 0.5400
2026-06-10 15:24:50,844 - INFO - [Fold 2] Epoch [37/100] | LR: 5.71e-04 | Train Loss: 1.0400 | Val Loss: 1.1026 | F1: 0.5140 | B-Acc: 0.5200
2026-06-10 15:24:53,547 - INFO - [Fold 2] Epoch [38/100] | LR: 5.59e-04 | Train Loss: 1.1311 | Val Loss: 1.3332 | F1: 0.5455 | B-Acc: 0.5400
2026-06-10 15:24:56,242 - INFO - [Fold 2] Epoch [39/100] | LR: 5.48e-04 | Train Loss: 1.0152 | Val Loss: 1.1902 | F1: 0.5198 | B-Acc: 0.5200
2026-06-10 15:24:58,967 - INFO - [Fold 2] Epoch [40/100] | LR: 5.36e-04 | Train Loss: 0.8252 | Val Loss: 1.1652 | F1: 0.5210 | B-Acc: 0.5200
2026-06-10 15:25:01,735 - INFO - [Fold 2] Epoch [41/100] | LR: 5.24e-04 | Train Loss: 0.8207 | Val Loss: 1.0869 | F1: 0.5487 | B-Acc: 0.5600
2026-06-10 15:25:04,430 - INFO - [Fold 2] Epoch [42/100] | LR: 5.12e-04 | Train Loss: 1.0676 | Val Loss: 1.0793 | F1: 0.5592 | B-Acc: 0.5600
2026-06-10 15:25:07,169 - INFO - [Fold 2] Epoch [43/100] | LR: 5.00e-04 | Train Loss: 0.9613 | Val Loss: 1.1697 | F1: 0.5696 | B-Acc: 0.5600
2026-06-10 15:25:09,920 - INFO - [Fold 2] Epoch [44/100] | LR: 4.88e-04 | Train Loss: 0.9880 | Val Loss: 1.2105 | F1: 0.5320 | B-Acc: 0.5400
2026-06-10 15:25:12,732 - INFO - [Fold 2] Epoch [45/100] | LR: 4.75e-04 | Train Loss: 0.9083 | Val Loss: 1.0940 | F1: 0.5718 | B-Acc: 0.5800
2026-06-10 15:25:15,456 - INFO - [Fold 2] Epoch [46/100] | LR: 4.63e-04 | Train Loss: 0.9630 | Val Loss: 1.1013 | F1: 0.6076 | B-Acc: 0.6000
2026-06-10 15:25:18,147 - INFO - [Fold 2] Epoch [47/100] | LR: 4.51e-04 | Train Loss: 0.7288 | Val Loss: 1.2956 | F1: 0.4923 | B-Acc: 0.5000
2026-06-10 15:25:20,872 - INFO - [Fold 2] Epoch [48/100] | LR: 4.38e-04 | Train Loss: 1.0560 | Val Loss: 1.1991 | F1: 0.5093 | B-Acc: 0.5000
2026-06-10 15:25:23,570 - INFO - [Fold 2] Epoch [49/100] | LR: 4.26e-04 | Train Loss: 0.9538 | Val Loss: 1.1518 | F1: 0.5122 | B-Acc: 0.5200
2026-06-10 15:25:26,255 - INFO - [Fold 2] Epoch [50/100] | LR: 4.13e-04 | Train Loss: 0.9583 | Val Loss: 1.0529 | F1: 0.5615 | B-Acc: 0.5600
2026-06-10 15:25:29,104 - INFO - [Fold 2] Epoch [51/100] | LR: 4.01e-04 | Train Loss: 0.8396 | Val Loss: 1.2378 | F1: 0.4689 | B-Acc: 0.4600
2026-06-10 15:25:31,866 - INFO - [Fold 2] Epoch [52/100] | LR: 3.88e-04 | Train Loss: 0.8602 | Val Loss: 1.0563 | F1: 0.5972 | B-Acc: 0.6000
2026-06-10 15:25:34,641 - INFO - [Fold 2] Epoch [53/100] | LR: 3.75e-04 | Train Loss: 0.6218 | Val Loss: 1.1493 | F1: 0.5586 | B-Acc: 0.5600
2026-06-10 15:25:37,400 - INFO - [Fold 2] Epoch [54/100] | LR: 3.63e-04 | Train Loss: 0.8472 | Val Loss: 1.1246 | F1: 0.5498 | B-Acc: 0.5400
2026-06-10 15:25:40,223 - INFO - [Fold 2] Epoch [55/100] | LR: 3.50e-04 | Train Loss: 0.8573 | Val Loss: 1.1884 | F1: 0.5167 | B-Acc: 0.5200
2026-06-10 15:25:42,982 - INFO - [Fold 2] Epoch [56/100] | LR: 3.38e-04 | Train Loss: 0.9129 | Val Loss: 1.1475 | F1: 0.4579 | B-Acc: 0.4600
2026-06-10 15:25:45,699 - INFO - [Fold 2] Epoch [57/100] | LR: 3.26e-04 | Train Loss: 0.9555 | Val Loss: 1.2674 | F1: 0.4304 | B-Acc: 0.4200
2026-06-10 15:25:48,445 - INFO - [Fold 2] Epoch [58/100] | LR: 3.13e-04 | Train Loss: 0.8393 | Val Loss: 1.2087 | F1: 0.4970 | B-Acc: 0.5000
2026-06-10 15:25:51,172 - INFO - [Fold 2] Epoch [59/100] | LR: 3.01e-04 | Train Loss: 0.9549 | Val Loss: 1.1763 | F1: 0.5545 | B-Acc: 0.5400
2026-06-10 15:25:53,883 - INFO - [Fold 2] Epoch [60/100] | LR: 2.89e-04 | Train Loss: 0.9594 | Val Loss: 1.1737 | F1: 0.5175 | B-Acc: 0.5200
2026-06-10 15:25:56,584 - INFO - [Fold 2] Epoch [61/100] | LR: 2.77e-04 | Train Loss: 0.7838 | Val Loss: 1.1622 | F1: 0.5662 | B-Acc: 0.5600
2026-06-10 15:25:59,241 - INFO - [Fold 2] Epoch [62/100] | LR: 2.65e-04 | Train Loss: 0.8975 | Val Loss: 1.3003 | F1: 0.4187 | B-Acc: 0.4400
2026-06-10 15:26:01,947 - INFO - [Fold 2] Epoch [63/100] | LR: 2.53e-04 | Train Loss: 0.7865 | Val Loss: 1.1793 | F1: 0.4639 | B-Acc: 0.4600
2026-06-10 15:26:04,714 - INFO - [Fold 2] Epoch [64/100] | LR: 2.42e-04 | Train Loss: 0.8842 | Val Loss: 1.2913 | F1: 0.4556 | B-Acc: 0.4400
2026-06-10 15:26:07,480 - INFO - [Fold 2] Epoch [65/100] | LR: 2.30e-04 | Train Loss: 0.8774 | Val Loss: 1.2456 | F1: 0.4435 | B-Acc: 0.4400
2026-06-10 15:26:10,186 - INFO - [Fold 2] Epoch [66/100] | LR: 2.19e-04 | Train Loss: 0.7782 | Val Loss: 1.1552 | F1: 0.5509 | B-Acc: 0.5400
2026-06-10 15:26:12,936 - INFO - [Fold 2] Epoch [67/100] | LR: 2.08e-04 | Train Loss: 0.5545 | Val Loss: 1.1871 | F1: 0.4776 | B-Acc: 0.4800
2026-06-10 15:26:15,656 - INFO - [Fold 2] Epoch [68/100] | LR: 1.97e-04 | Train Loss: 0.8693 | Val Loss: 1.2348 | F1: 0.4965 | B-Acc: 0.5000
2026-06-10 15:26:18,361 - INFO - [Fold 2] Epoch [69/100] | LR: 1.86e-04 | Train Loss: 0.9586 | Val Loss: 1.1894 | F1: 0.4711 | B-Acc: 0.4800
2026-06-10 15:26:21,046 - INFO - [Fold 2] Epoch [70/100] | LR: 1.76e-04 | Train Loss: 0.7413 | Val Loss: 1.2011 | F1: 0.5148 | B-Acc: 0.5000
2026-06-10 15:26:23,802 - INFO - [Fold 2] Epoch [71/100] | LR: 1.66e-04 | Train Loss: 0.6888 | Val Loss: 1.1787 | F1: 0.4820 | B-Acc: 0.4800
2026-06-10 15:26:26,565 - INFO - [Fold 2] Epoch [72/100] | LR: 1.56e-04 | Train Loss: 0.7728 | Val Loss: 1.1891 | F1: 0.5087 | B-Acc: 0.5000
2026-06-10 15:26:29,319 - INFO - [Fold 2] Epoch [73/100] | LR: 1.46e-04 | Train Loss: 0.8319 | Val Loss: 1.2257 | F1: 0.4691 | B-Acc: 0.4600
2026-06-10 15:26:32,054 - INFO - [Fold 2] Epoch [74/100] | LR: 1.36e-04 | Train Loss: 0.8458 | Val Loss: 1.1957 | F1: 0.4627 | B-Acc: 0.4600
2026-06-10 15:26:34,842 - INFO - [Fold 2] Epoch [75/100] | LR: 1.27e-04 | Train Loss: 0.8658 | Val Loss: 1.2610 | F1: 0.4663 | B-Acc: 0.4600
2026-06-10 15:26:37,602 - INFO - [Fold 2] Epoch [76/100] | LR: 1.18e-04 | Train Loss: 0.9097 | Val Loss: 1.2847 | F1: 0.4514 | B-Acc: 0.4400
2026-06-10 15:26:40,358 - INFO - [Fold 2] Epoch [77/100] | LR: 1.09e-04 | Train Loss: 0.8362 | Val Loss: 1.2564 | F1: 0.4614 | B-Acc: 0.4600
2026-06-10 15:26:43,162 - INFO - [Fold 2] Epoch [78/100] | LR: 1.01e-04 | Train Loss: 0.9257 | Val Loss: 1.1720 | F1: 0.4882 | B-Acc: 0.4800
2026-06-10 15:26:45,901 - INFO - [Fold 2] Epoch [79/100] | LR: 9.27e-05 | Train Loss: 0.5339 | Val Loss: 1.2163 | F1: 0.4651 | B-Acc: 0.4600
2026-06-10 15:26:48,674 - INFO - [Fold 2] Epoch [80/100] | LR: 8.48e-05 | Train Loss: 0.9839 | Val Loss: 1.2148 | F1: 0.4374 | B-Acc: 0.4400
2026-06-10 15:26:51,425 - INFO - [Fold 2] Epoch [81/100] | LR: 7.73e-05 | Train Loss: 0.8469 | Val Loss: 1.1801 | F1: 0.4323 | B-Acc: 0.4400
2026-06-10 15:26:54,159 - INFO - [Fold 2] Epoch [82/100] | LR: 7.01e-05 | Train Loss: 0.7078 | Val Loss: 1.1865 | F1: 0.4651 | B-Acc: 0.4600
2026-06-10 15:26:56,930 - INFO - [Fold 2] Epoch [83/100] | LR: 6.32e-05 | Train Loss: 0.6607 | Val Loss: 1.2220 | F1: 0.4825 | B-Acc: 0.4800
2026-06-10 15:26:59,789 - INFO - [Fold 2] Epoch [84/100] | LR: 5.66e-05 | Train Loss: 0.6734 | Val Loss: 1.2105 | F1: 0.4884 | B-Acc: 0.4800
2026-06-10 15:27:02,579 - INFO - [Fold 2] Epoch [85/100] | LR: 5.04e-05 | Train Loss: 0.7565 | Val Loss: 1.2203 | F1: 0.4651 | B-Acc: 0.4600
2026-06-10 15:27:05,335 - INFO - [Fold 2] Epoch [86/100] | LR: 4.45e-05 | Train Loss: 0.7946 | Val Loss: 1.1986 | F1: 0.4651 | B-Acc: 0.4600
2026-06-10 15:27:08,099 - INFO - [Fold 2] Epoch [87/100] | LR: 3.90e-05 | Train Loss: 0.6546 | Val Loss: 1.2118 | F1: 0.4897 | B-Acc: 0.4800
2026-06-10 15:27:10,936 - INFO - [Fold 2] Epoch [88/100] | LR: 3.39e-05 | Train Loss: 0.7616 | Val Loss: 1.2088 | F1: 0.4897 | B-Acc: 0.4800
2026-06-10 15:27:13,827 - INFO - [Fold 2] Epoch [89/100] | LR: 2.91e-05 | Train Loss: 0.6751 | Val Loss: 1.2148 | F1: 0.4897 | B-Acc: 0.4800
2026-06-10 15:27:16,556 - INFO - [Fold 2] Epoch [90/100] | LR: 2.46e-05 | Train Loss: 0.6646 | Val Loss: 1.2080 | F1: 0.4897 | B-Acc: 0.4800
2026-06-10 15:27:19,277 - INFO - [Fold 2] Epoch [91/100] | LR: 2.06e-05 | Train Loss: 0.9599 | Val Loss: 1.1949 | F1: 0.4897 | B-Acc: 0.4800
2026-06-10 15:27:22,019 - INFO - [Fold 2] Epoch [92/100] | LR: 1.69e-05 | Train Loss: 0.7642 | Val Loss: 1.1954 | F1: 0.4897 | B-Acc: 0.4800
2026-06-10 15:27:24,783 - INFO - [Fold 2] Epoch [93/100] | LR: 1.36e-05 | Train Loss: 0.7561 | Val Loss: 1.1965 | F1: 0.4897 | B-Acc: 0.4800
2026-06-10 15:27:27,539 - INFO - [Fold 2] Epoch [94/100] | LR: 1.06e-05 | Train Loss: 0.8297 | Val Loss: 1.2040 | F1: 0.4897 | B-Acc: 0.4800
2026-06-10 15:27:30,286 - INFO - [Fold 2] Epoch [95/100] | LR: 8.08e-06 | Train Loss: 0.8215 | Val Loss: 1.2054 | F1: 0.4897 | B-Acc: 0.4800
2026-06-10 15:27:32,941 - INFO - [Fold 2] Epoch [96/100] | LR: 5.92e-06 | Train Loss: 0.5860 | Val Loss: 1.2056 | F1: 0.4897 | B-Acc: 0.4800
2026-06-10 15:27:35,652 - INFO - [Fold 2] Epoch [97/100] | LR: 4.15e-06 | Train Loss: 0.6768 | Val Loss: 1.2068 | F1: 0.4897 | B-Acc: 0.4800
2026-06-10 15:27:38,497 - INFO - [Fold 2] Epoch [98/100] | LR: 2.77e-06 | Train Loss: 0.6864 | Val Loss: 1.2060 | F1: 0.4897 | B-Acc: 0.4800
2026-06-10 15:27:41,258 - INFO - [Fold 2] Epoch [99/100] | LR: 1.79e-06 | Train Loss: 0.8329 | Val Loss: 1.2055 | F1: 0.4897 | B-Acc: 0.4800
2026-06-10 15:27:43,907 - INFO - [Fold 2] Epoch [100/100] | LR: 1.20e-06 | Train Loss: 0.7947 | Val Loss: 1.2055 | F1: 0.4897 | B-Acc: 0.4800
