2026-06-07 21:36:39,841 - INFO - === Experiment Configurations ===
2026-06-07 21:36:39,841 - INFO - data_path: /root/autodl-tmp/data/train_few_shot/
2026-06-07 21:36:39,841 - INFO - weight_path: /root/autodl-tmp/weights/dinov2_small.bin
2026-06-07 21:36:39,841 - INFO - name: dinov_aug_stratified
2026-06-07 21:36:39,841 - INFO - batch_size: 8
2026-06-07 21:36:39,841 - INFO - epochs: 50
2026-06-07 21:36:39,841 - INFO - lr: 0.0005
2026-06-07 21:36:39,841 - INFO - seed: 42
2026-06-07 21:36:39,841 - INFO - val_split: 0.15
2026-06-07 21:36:39,841 - INFO - num_workers: 4
2026-06-07 21:36:39,841 - INFO - Run directory: runs/train/dinov_aug_stratified4
2026-06-07 21:36:39,842 - INFO - Loading dataset and applying Stratified Split...
2026-06-07 21:36:39,842 - INFO - Classes found: ['Class_0', 'Class_1', 'Class_2', 'Class_3', 'Class_4']
2026-06-07 21:36:39,843 - INFO - Train size: 212 | Val size: 38
2026-06-07 21:36:39,843 - INFO - Using device: cuda
2026-06-07 21:36:41,970 - INFO - Epoch [01/50] | Train Loss: 1.9345 | Val Loss: 1.6465 | Macro-F1: 0.2893 | Balanced Acc: 0.3250
2026-06-07 21:36:42,058 - INFO - --> Saved new best model with Macro-F1: 0.2893
2026-06-07 21:36:43,402 - INFO - Epoch [02/50] | Train Loss: 1.6736 | Val Loss: 1.4937 | Macro-F1: 0.3529 | Balanced Acc: 0.3429
2026-06-07 21:36:43,610 - INFO - --> Saved new best model with Macro-F1: 0.3529
2026-06-07 21:36:44,975 - INFO - Epoch [03/50] | Train Loss: 1.5338 | Val Loss: 1.4810 | Macro-F1: 0.3814 | Balanced Acc: 0.4000
2026-06-07 21:36:45,216 - INFO - --> Saved new best model with Macro-F1: 0.3814
2026-06-07 21:36:46,560 - INFO - Epoch [04/50] | Train Loss: 1.4880 | Val Loss: 1.4212 | Macro-F1: 0.4413 | Balanced Acc: 0.4571
2026-06-07 21:36:46,833 - INFO - --> Saved new best model with Macro-F1: 0.4413
2026-06-07 21:36:48,208 - INFO - Epoch [05/50] | Train Loss: 1.4022 | Val Loss: 1.3909 | Macro-F1: 0.3940 | Balanced Acc: 0.4000
2026-06-07 21:36:49,521 - INFO - Epoch [06/50] | Train Loss: 1.3052 | Val Loss: 1.3823 | Macro-F1: 0.3902 | Balanced Acc: 0.3964
2026-06-07 21:36:50,835 - INFO - Epoch [07/50] | Train Loss: 1.3325 | Val Loss: 1.3568 | Macro-F1: 0.4198 | Balanced Acc: 0.4250
2026-06-07 21:36:52,197 - INFO - Epoch [08/50] | Train Loss: 1.2611 | Val Loss: 1.3308 | Macro-F1: 0.5122 | Balanced Acc: 0.5357
2026-06-07 21:36:52,431 - INFO - --> Saved new best model with Macro-F1: 0.5122
2026-06-07 21:36:53,793 - INFO - Epoch [09/50] | Train Loss: 1.2280 | Val Loss: 1.2903 | Macro-F1: 0.4882 | Balanced Acc: 0.5036
2026-06-07 21:36:55,170 - INFO - Epoch [10/50] | Train Loss: 1.2237 | Val Loss: 1.2612 | Macro-F1: 0.4741 | Balanced Acc: 0.4750
2026-06-07 21:36:56,486 - INFO - Epoch [11/50] | Train Loss: 1.1860 | Val Loss: 1.2708 | Macro-F1: 0.4327 | Balanced Acc: 0.4429
2026-06-07 21:36:57,854 - INFO - Epoch [12/50] | Train Loss: 1.1558 | Val Loss: 1.2421 | Macro-F1: 0.4551 | Balanced Acc: 0.4679
2026-06-07 21:36:59,238 - INFO - Epoch [13/50] | Train Loss: 1.1481 | Val Loss: 1.2272 | Macro-F1: 0.5275 | Balanced Acc: 0.5286
2026-06-07 21:36:59,471 - INFO - --> Saved new best model with Macro-F1: 0.5275
2026-06-07 21:37:00,838 - INFO - Epoch [14/50] | Train Loss: 1.1148 | Val Loss: 1.2280 | Macro-F1: 0.5594 | Balanced Acc: 0.5536
2026-06-07 21:37:01,007 - INFO - --> Saved new best model with Macro-F1: 0.5594
2026-06-07 21:37:02,356 - INFO - Epoch [15/50] | Train Loss: 1.0415 | Val Loss: 1.2093 | Macro-F1: 0.5471 | Balanced Acc: 0.5536
2026-06-07 21:37:03,674 - INFO - Epoch [16/50] | Train Loss: 1.1359 | Val Loss: 1.2122 | Macro-F1: 0.5468 | Balanced Acc: 0.5429
2026-06-07 21:37:05,001 - INFO - Epoch [17/50] | Train Loss: 1.1212 | Val Loss: 1.2373 | Macro-F1: 0.5594 | Balanced Acc: 0.5500
2026-06-07 21:37:06,360 - INFO - Epoch [18/50] | Train Loss: 1.0639 | Val Loss: 1.2044 | Macro-F1: 0.5265 | Balanced Acc: 0.5250
2026-06-07 21:37:07,708 - INFO - Epoch [19/50] | Train Loss: 1.0410 | Val Loss: 1.2363 | Macro-F1: 0.4836 | Balanced Acc: 0.4929
2026-06-07 21:37:09,033 - INFO - Epoch [20/50] | Train Loss: 1.0169 | Val Loss: 1.1915 | Macro-F1: 0.5552 | Balanced Acc: 0.5464
2026-06-07 21:37:10,561 - INFO - Epoch [21/50] | Train Loss: 0.9802 | Val Loss: 1.2539 | Macro-F1: 0.5855 | Balanced Acc: 0.5786
2026-06-07 21:37:10,774 - INFO - --> Saved new best model with Macro-F1: 0.5855
2026-06-07 21:37:12,130 - INFO - Epoch [22/50] | Train Loss: 1.0284 | Val Loss: 1.2555 | Macro-F1: 0.6107 | Balanced Acc: 0.6000
2026-06-07 21:37:12,359 - INFO - --> Saved new best model with Macro-F1: 0.6107
2026-06-07 21:37:13,787 - INFO - Epoch [23/50] | Train Loss: 1.0043 | Val Loss: 1.2506 | Macro-F1: 0.5510 | Balanced Acc: 0.5464
2026-06-07 21:37:15,207 - INFO - Epoch [24/50] | Train Loss: 0.9097 | Val Loss: 1.2296 | Macro-F1: 0.6088 | Balanced Acc: 0.6000
2026-06-07 21:37:16,600 - INFO - Epoch [25/50] | Train Loss: 0.9202 | Val Loss: 1.2312 | Macro-F1: 0.5765 | Balanced Acc: 0.5679
2026-06-07 21:37:18,014 - INFO - Epoch [26/50] | Train Loss: 1.0038 | Val Loss: 1.2443 | Macro-F1: 0.5424 | Balanced Acc: 0.5429
2026-06-07 21:37:19,456 - INFO - Epoch [27/50] | Train Loss: 0.8855 | Val Loss: 1.2708 | Macro-F1: 0.5055 | Balanced Acc: 0.4964
2026-06-07 21:37:20,838 - INFO - Epoch [28/50] | Train Loss: 0.9511 | Val Loss: 1.2479 | Macro-F1: 0.5073 | Balanced Acc: 0.5143
2026-06-07 21:37:22,249 - INFO - Epoch [29/50] | Train Loss: 0.9501 | Val Loss: 1.2221 | Macro-F1: 0.5572 | Balanced Acc: 0.5500
2026-06-07 21:37:23,613 - INFO - Epoch [30/50] | Train Loss: 0.9212 | Val Loss: 1.2124 | Macro-F1: 0.4633 | Balanced Acc: 0.4786
2026-06-07 21:37:25,013 - INFO - Epoch [31/50] | Train Loss: 0.8888 | Val Loss: 1.2415 | Macro-F1: 0.5781 | Balanced Acc: 0.5714
2026-06-07 21:37:26,429 - INFO - Epoch [32/50] | Train Loss: 0.8997 | Val Loss: 1.2415 | Macro-F1: 0.5732 | Balanced Acc: 0.5714
2026-06-07 21:37:27,828 - INFO - Epoch [33/50] | Train Loss: 0.9076 | Val Loss: 1.2408 | Macro-F1: 0.5455 | Balanced Acc: 0.5429
2026-06-07 21:37:29,228 - INFO - Epoch [34/50] | Train Loss: 0.9658 | Val Loss: 1.2754 | Macro-F1: 0.5122 | Balanced Acc: 0.5143
2026-06-07 21:37:30,648 - INFO - Epoch [35/50] | Train Loss: 0.8875 | Val Loss: 1.2539 | Macro-F1: 0.5119 | Balanced Acc: 0.5143
2026-06-07 21:37:32,051 - INFO - Epoch [36/50] | Train Loss: 0.8966 | Val Loss: 1.2809 | Macro-F1: 0.5777 | Balanced Acc: 0.5714
2026-06-07 21:37:33,402 - INFO - Epoch [37/50] | Train Loss: 0.8603 | Val Loss: 1.3022 | Macro-F1: 0.5360 | Balanced Acc: 0.5500
2026-06-07 21:37:34,812 - INFO - Epoch [38/50] | Train Loss: 0.9064 | Val Loss: 1.2821 | Macro-F1: 0.5279 | Balanced Acc: 0.5179
2026-06-07 21:37:36,168 - INFO - Epoch [39/50] | Train Loss: 0.8474 | Val Loss: 1.2897 | Macro-F1: 0.5429 | Balanced Acc: 0.5464
2026-06-07 21:37:37,575 - INFO - Epoch [40/50] | Train Loss: 0.8389 | Val Loss: 1.2855 | Macro-F1: 0.5429 | Balanced Acc: 0.5464
2026-06-07 21:37:39,213 - INFO - Epoch [41/50] | Train Loss: 0.8512 | Val Loss: 1.2775 | Macro-F1: 0.5162 | Balanced Acc: 0.5179
2026-06-07 21:37:40,902 - INFO - Epoch [42/50] | Train Loss: 0.8842 | Val Loss: 1.3106 | Macro-F1: 0.4945 | Balanced Acc: 0.4929
2026-06-07 21:37:42,316 - INFO - Epoch [43/50] | Train Loss: 0.8075 | Val Loss: 1.2970 | Macro-F1: 0.5162 | Balanced Acc: 0.5179
2026-06-07 21:37:43,723 - INFO - Epoch [44/50] | Train Loss: 0.8082 | Val Loss: 1.3204 | Macro-F1: 0.4915 | Balanced Acc: 0.4929
2026-06-07 21:37:45,103 - INFO - Epoch [45/50] | Train Loss: 0.8477 | Val Loss: 1.3033 | Macro-F1: 0.5263 | Balanced Acc: 0.5250
2026-06-07 21:37:46,506 - INFO - Epoch [46/50] | Train Loss: 0.8170 | Val Loss: 1.3445 | Macro-F1: 0.4578 | Balanced Acc: 0.4679
2026-06-07 21:37:47,858 - INFO - Epoch [47/50] | Train Loss: 0.8451 | Val Loss: 1.3138 | Macro-F1: 0.5294 | Balanced Acc: 0.5250
2026-06-07 21:37:49,226 - INFO - Epoch [48/50] | Train Loss: 0.8426 | Val Loss: 1.3479 | Macro-F1: 0.5221 | Balanced Acc: 0.5250
2026-06-07 21:37:50,615 - INFO - Epoch [49/50] | Train Loss: 0.7693 | Val Loss: 1.3933 | Macro-F1: 0.4948 | Balanced Acc: 0.4893
2026-06-07 21:37:51,985 - INFO - Epoch [50/50] | Train Loss: 0.7615 | Val Loss: 1.3095 | Macro-F1: 0.4701 | Balanced Acc: 0.4679
2026-06-07 21:37:52,076 - INFO - Training completed. Last model saved.
