2026-06-09 18:50:36,027 - INFO - ==================================================
2026-06-09 18:50:36,027 - INFO - Phase 2.5: Ultimate K-Fold Experiment Started.
2026-06-09 18:50:36,027 - INFO - Logs & Models saving to: runs/train/focal_loss_etc_2
2026-06-09 18:50:36,027 - INFO - Using 7-Fold Stratified Cross Validation
2026-06-09 18:50:36,027 - INFO - ==================================================
2026-06-09 18:50:36,030 - INFO - Generating data augmentation preview...
2026-06-09 18:55:14,505 - INFO - Fold 1 Finished. Best F1: 0.6474
2026-06-09 18:59:57,693 - INFO - Fold 2 Finished. Best F1: 0.6551
2026-06-09 19:04:42,874 - INFO - Fold 3 Finished. Best F1: 0.7331
2026-06-09 19:09:26,917 - INFO - Fold 4 Finished. Best F1: 0.7240
2026-06-09 19:14:06,982 - INFO - Fold 5 Finished. Best F1: 0.6763
2026-06-09 19:18:48,563 - INFO - Fold 6 Finished. Best F1: 0.7100
2026-06-09 19:23:35,828 - INFO - Fold 7 Finished. Best F1: 0.6201
2026-06-09 19:23:35,829 - INFO - ==================================================
2026-06-09 19:23:35,829 - INFO - FINAL K-FOLD CROSS VALIDATION RESULTS:
2026-06-09 19:23:35,829 - INFO -   Fold 1: 0.6474
2026-06-09 19:23:35,829 - INFO -   Fold 2: 0.6551
2026-06-09 19:23:35,829 - INFO -   Fold 3: 0.7331
2026-06-09 19:23:35,829 - INFO -   Fold 4: 0.7240
2026-06-09 19:23:35,829 - INFO -   Fold 5: 0.6763
2026-06-09 19:23:35,829 - INFO -   Fold 6: 0.7100
2026-06-09 19:23:35,829 - INFO -   Fold 7: 0.6201
2026-06-09 19:23:35,829 - INFO - --------------------
2026-06-09 19:23:35,829 - INFO -   Average Macro-F1 : 0.6809 ± 0.0395
2026-06-09 19:23:35,829 - INFO - ==================================================
