2026-06-10 16:08:44,718 - INFO - ==================================================
2026-06-10 16:08:44,718 - INFO - Experiment Arguments (Hyperparameters):
2026-06-10 16:08:44,718 - INFO -   batch_size        : 16
2026-06-10 16:08:44,719 - INFO -   color_jitter      : 0.2
2026-06-10 16:08:44,719 - INFO -   data_path         : /root/autodl-tmp/data/train_few_shot/
2026-06-10 16:08:44,719 - INFO -   elastic_alpha     : 25.0
2026-06-10 16:08:44,720 - INFO -   elastic_prob      : 0.5
2026-06-10 16:08:44,720 - INFO -   elastic_sigma     : 4.0
2026-06-10 16:08:44,720 - INFO -   epochs            : 100
2026-06-10 16:08:44,720 - INFO -   focal_gamma       : 0.0
2026-06-10 16:08:44,720 - INFO -   k_folds           : 5
2026-06-10 16:08:44,720 - INFO -   lora_alpha        : 16
2026-06-10 16:08:44,720 - INFO -   lora_dropout      : 0.1
2026-06-10 16:08:44,720 - INFO -   lora_r            : 8
2026-06-10 16:08:44,720 - INFO -   lr                : 0.0008
2026-06-10 16:08:44,720 - INFO -   mixup_alpha       : 0.8
2026-06-10 16:08:44,720 - INFO -   mixup_cutoff      : 0.0
2026-06-10 16:08:44,720 - INFO -   name              : focal_loss_etc
2026-06-10 16:08:44,720 - INFO -   no_hflip          : False
2026-06-10 16:08:44,720 - INFO -   no_rotate         : False
2026-06-10 16:08:44,720 - INFO -   no_vflip          : False
2026-06-10 16:08:44,720 - INFO -   num_workers       : 4
2026-06-10 16:08:44,720 - INFO -   rotate_pad_mode   : reflect
2026-06-10 16:08:44,720 - INFO -   seed              : 42
2026-06-10 16:08:44,720 - INFO -   test_size         : 0.2
2026-06-10 16:08:44,720 - INFO -   translate         : 0.1
2026-06-10 16:08:44,720 - INFO -   weight_decay      : 0.0001
2026-06-10 16:08:44,720 - INFO -   weight_path       : /root/autodl-tmp/weights/dinov2_small.bin
2026-06-10 16:08:44,896 - INFO - ==================================================
2026-06-10 16:08:44,896 - INFO - Phase 2.5: Ultimate K-Fold Experiment Started.
2026-06-10 16:08:44,896 - INFO - Logs & Models saving to: runs/train/focal_loss_etc_7
2026-06-10 16:08:44,896 - INFO - Test Split Size: 20.0% | CV on remaining: 5-Fold Stratified
2026-06-10 16:08:44,896 - INFO - ==================================================
2026-06-10 16:08:44,900 - INFO - Generating data augmentation preview...
