2026-06-10 16:13:27,084 - INFO - 
--- Preparing Fold 2/5 ---
2026-06-10 16:13:27,396 - INFO - === Starting Training for Fold 2 ===
2026-06-10 16:13:29,609 - INFO - [Fold 2] Epoch [01/100] | LR: 8.00e-04 | Train Loss: 2.1706 | Val Loss: 1.8303 | F1: 0.2376 | B-Acc: 0.2500
2026-06-10 16:13:29,706 - INFO - [Fold 2] --> Saved new best model (F1: 0.2376)
2026-06-10 16:13:31,938 - INFO - [Fold 2] Epoch [02/100] | LR: 8.00e-04 | Train Loss: 1.9030 | Val Loss: 1.6934 | F1: 0.1054 | B-Acc: 0.1500
2026-06-10 16:13:34,214 - INFO - [Fold 2] Epoch [03/100] | LR: 7.99e-04 | Train Loss: 1.6986 | Val Loss: 1.8039 | F1: 0.1927 | B-Acc: 0.2750
2026-06-10 16:13:36,440 - INFO - [Fold 2] Epoch [04/100] | LR: 7.98e-04 | Train Loss: 1.6930 | Val Loss: 1.5442 | F1: 0.2182 | B-Acc: 0.2250
2026-06-10 16:13:38,683 - INFO - [Fold 2] Epoch [05/100] | LR: 7.97e-04 | Train Loss: 1.6080 | Val Loss: 1.4976 | F1: 0.3192 | B-Acc: 0.3500
2026-06-10 16:13:38,813 - INFO - [Fold 2] --> Saved new best model (F1: 0.3192)
2026-06-10 16:13:41,049 - INFO - [Fold 2] Epoch [06/100] | LR: 7.95e-04 | Train Loss: 1.5830 | Val Loss: 1.4908 | F1: 0.3558 | B-Acc: 0.3750
2026-06-10 16:13:41,196 - INFO - [Fold 2] --> Saved new best model (F1: 0.3558)
2026-06-10 16:13:43,435 - INFO - [Fold 2] Epoch [07/100] | LR: 7.93e-04 | Train Loss: 1.4405 | Val Loss: 1.5912 | F1: 0.2431 | B-Acc: 0.3250
2026-06-10 16:13:45,716 - INFO - [Fold 2] Epoch [08/100] | LR: 7.90e-04 | Train Loss: 1.5177 | Val Loss: 1.4786 | F1: 0.3038 | B-Acc: 0.3750
2026-06-10 16:13:47,982 - INFO - [Fold 2] Epoch [09/100] | LR: 7.87e-04 | Train Loss: 1.4405 | Val Loss: 1.3870 | F1: 0.3360 | B-Acc: 0.3500
2026-06-10 16:13:50,233 - INFO - [Fold 2] Epoch [10/100] | LR: 7.84e-04 | Train Loss: 1.3432 | Val Loss: 1.3586 | F1: 0.3536 | B-Acc: 0.4000
2026-06-10 16:13:52,478 - INFO - [Fold 2] Epoch [11/100] | LR: 7.80e-04 | Train Loss: 1.3095 | Val Loss: 1.4459 | F1: 0.3615 | B-Acc: 0.4500
2026-06-10 16:13:52,629 - INFO - [Fold 2] --> Saved new best model (F1: 0.3615)
2026-06-10 16:13:54,989 - INFO - [Fold 2] Epoch [12/100] | LR: 7.76e-04 | Train Loss: 1.3861 | Val Loss: 1.3427 | F1: 0.3436 | B-Acc: 0.3500
2026-06-10 16:13:57,278 - INFO - [Fold 2] Epoch [13/100] | LR: 7.72e-04 | Train Loss: 1.4635 | Val Loss: 1.6091 | F1: 0.3791 | B-Acc: 0.4000
2026-06-10 16:13:57,436 - INFO - [Fold 2] --> Saved new best model (F1: 0.3791)
2026-06-10 16:13:59,660 - INFO - [Fold 2] Epoch [14/100] | LR: 7.67e-04 | Train Loss: 1.3381 | Val Loss: 1.6509 | F1: 0.2694 | B-Acc: 0.3500
2026-06-10 16:14:01,916 - INFO - [Fold 2] Epoch [15/100] | LR: 7.62e-04 | Train Loss: 1.4687 | Val Loss: 1.3683 | F1: 0.4072 | B-Acc: 0.4250
2026-06-10 16:14:02,055 - INFO - [Fold 2] --> Saved new best model (F1: 0.4072)
2026-06-10 16:14:04,351 - INFO - [Fold 2] Epoch [16/100] | LR: 7.56e-04 | Train Loss: 1.3115 | Val Loss: 1.4411 | F1: 0.3883 | B-Acc: 0.4500
2026-06-10 16:14:06,587 - INFO - [Fold 2] Epoch [17/100] | LR: 7.51e-04 | Train Loss: 1.3862 | Val Loss: 1.4984 | F1: 0.2892 | B-Acc: 0.3250
2026-06-10 16:14:08,838 - INFO - [Fold 2] Epoch [18/100] | LR: 7.44e-04 | Train Loss: 1.3156 | Val Loss: 1.5271 | F1: 0.3073 | B-Acc: 0.3250
2026-06-10 16:14:11,118 - INFO - [Fold 2] Epoch [19/100] | LR: 7.38e-04 | Train Loss: 1.3515 | Val Loss: 1.3225 | F1: 0.4817 | B-Acc: 0.5000
2026-06-10 16:14:11,309 - INFO - [Fold 2] --> Saved new best model (F1: 0.4817)
2026-06-10 16:14:13,643 - INFO - [Fold 2] Epoch [20/100] | LR: 7.31e-04 | Train Loss: 1.2747 | Val Loss: 1.3153 | F1: 0.3619 | B-Acc: 0.4000
2026-06-10 16:14:15,896 - INFO - [Fold 2] Epoch [21/100] | LR: 7.24e-04 | Train Loss: 1.1955 | Val Loss: 1.5552 | F1: 0.4030 | B-Acc: 0.3750
2026-06-10 16:14:18,102 - INFO - [Fold 2] Epoch [22/100] | LR: 7.16e-04 | Train Loss: 1.3689 | Val Loss: 1.3126 | F1: 0.4600 | B-Acc: 0.4750
2026-06-10 16:14:20,377 - INFO - [Fold 2] Epoch [23/100] | LR: 7.08e-04 | Train Loss: 1.1734 | Val Loss: 1.2878 | F1: 0.5176 | B-Acc: 0.5250
2026-06-10 16:14:20,512 - INFO - [Fold 2] --> Saved new best model (F1: 0.5176)
2026-06-10 16:14:22,778 - INFO - [Fold 2] Epoch [24/100] | LR: 7.00e-04 | Train Loss: 1.1393 | Val Loss: 1.2644 | F1: 0.4604 | B-Acc: 0.4500
2026-06-10 16:14:25,112 - INFO - [Fold 2] Epoch [25/100] | LR: 6.92e-04 | Train Loss: 1.1508 | Val Loss: 1.2372 | F1: 0.5272 | B-Acc: 0.5250
2026-06-10 16:14:25,259 - INFO - [Fold 2] --> Saved new best model (F1: 0.5272)
2026-06-10 16:14:27,548 - INFO - [Fold 2] Epoch [26/100] | LR: 6.83e-04 | Train Loss: 1.0366 | Val Loss: 1.2918 | F1: 0.4562 | B-Acc: 0.4500
2026-06-10 16:14:29,795 - INFO - [Fold 2] Epoch [27/100] | LR: 6.74e-04 | Train Loss: 1.2877 | Val Loss: 1.4597 | F1: 0.4530 | B-Acc: 0.4750
2026-06-10 16:14:32,066 - INFO - [Fold 2] Epoch [28/100] | LR: 6.65e-04 | Train Loss: 1.1752 | Val Loss: 1.3453 | F1: 0.4297 | B-Acc: 0.4250
2026-06-10 16:14:34,352 - INFO - [Fold 2] Epoch [29/100] | LR: 6.55e-04 | Train Loss: 1.1546 | Val Loss: 1.2216 | F1: 0.6125 | B-Acc: 0.6250
2026-06-10 16:14:34,486 - INFO - [Fold 2] --> Saved new best model (F1: 0.6125)
2026-06-10 16:14:36,766 - INFO - [Fold 2] Epoch [30/100] | LR: 6.45e-04 | Train Loss: 1.1205 | Val Loss: 1.3005 | F1: 0.5198 | B-Acc: 0.5250
2026-06-10 16:14:39,040 - INFO - [Fold 2] Epoch [31/100] | LR: 6.35e-04 | Train Loss: 1.1042 | Val Loss: 1.4046 | F1: 0.4756 | B-Acc: 0.4750
2026-06-10 16:14:41,281 - INFO - [Fold 2] Epoch [32/100] | LR: 6.25e-04 | Train Loss: 1.1000 | Val Loss: 1.3783 | F1: 0.5022 | B-Acc: 0.5000
2026-06-10 16:14:43,543 - INFO - [Fold 2] Epoch [33/100] | LR: 6.15e-04 | Train Loss: 1.0206 | Val Loss: 1.2028 | F1: 0.5796 | B-Acc: 0.5750
2026-06-10 16:14:45,773 - INFO - [Fold 2] Epoch [34/100] | LR: 6.04e-04 | Train Loss: 1.1004 | Val Loss: 1.1852 | F1: 0.6139 | B-Acc: 0.6250
2026-06-10 16:14:45,931 - INFO - [Fold 2] --> Saved new best model (F1: 0.6139)
2026-06-10 16:14:48,246 - INFO - [Fold 2] Epoch [35/100] | LR: 5.93e-04 | Train Loss: 1.0637 | Val Loss: 1.2667 | F1: 0.4960 | B-Acc: 0.5000
2026-06-10 16:14:50,541 - INFO - [Fold 2] Epoch [36/100] | LR: 5.82e-04 | Train Loss: 1.2156 | Val Loss: 1.2826 | F1: 0.4825 | B-Acc: 0.4750
2026-06-10 16:14:52,834 - INFO - [Fold 2] Epoch [37/100] | LR: 5.71e-04 | Train Loss: 1.1401 | Val Loss: 1.3069 | F1: 0.5282 | B-Acc: 0.5250
2026-06-10 16:14:55,082 - INFO - [Fold 2] Epoch [38/100] | LR: 5.59e-04 | Train Loss: 1.1250 | Val Loss: 1.1853 | F1: 0.4907 | B-Acc: 0.5000
2026-06-10 16:14:57,369 - INFO - [Fold 2] Epoch [39/100] | LR: 5.48e-04 | Train Loss: 1.0697 | Val Loss: 1.1906 | F1: 0.5606 | B-Acc: 0.5500
2026-06-10 16:14:59,680 - INFO - [Fold 2] Epoch [40/100] | LR: 5.36e-04 | Train Loss: 1.0378 | Val Loss: 1.2226 | F1: 0.5532 | B-Acc: 0.5750
2026-06-10 16:15:02,031 - INFO - [Fold 2] Epoch [41/100] | LR: 5.24e-04 | Train Loss: 1.0268 | Val Loss: 1.2073 | F1: 0.5139 | B-Acc: 0.5250
2026-06-10 16:15:04,322 - INFO - [Fold 2] Epoch [42/100] | LR: 5.12e-04 | Train Loss: 0.9394 | Val Loss: 1.2098 | F1: 0.4749 | B-Acc: 0.4750
2026-06-10 16:15:06,625 - INFO - [Fold 2] Epoch [43/100] | LR: 5.00e-04 | Train Loss: 1.1021 | Val Loss: 1.1805 | F1: 0.6018 | B-Acc: 0.6000
2026-06-10 16:15:08,908 - INFO - [Fold 2] Epoch [44/100] | LR: 4.88e-04 | Train Loss: 0.8659 | Val Loss: 1.1985 | F1: 0.5818 | B-Acc: 0.5750
2026-06-10 16:15:11,212 - INFO - [Fold 2] Epoch [45/100] | LR: 4.75e-04 | Train Loss: 0.8840 | Val Loss: 1.1533 | F1: 0.6166 | B-Acc: 0.6250
2026-06-10 16:15:11,426 - INFO - [Fold 2] --> Saved new best model (F1: 0.6166)
2026-06-10 16:15:13,745 - INFO - [Fold 2] Epoch [46/100] | LR: 4.63e-04 | Train Loss: 0.9866 | Val Loss: 1.2184 | F1: 0.4834 | B-Acc: 0.5000
2026-06-10 16:15:16,115 - INFO - [Fold 2] Epoch [47/100] | LR: 4.51e-04 | Train Loss: 0.9593 | Val Loss: 1.0655 | F1: 0.6288 | B-Acc: 0.6250
2026-06-10 16:15:16,343 - INFO - [Fold 2] --> Saved new best model (F1: 0.6288)
2026-06-10 16:15:18,693 - INFO - [Fold 2] Epoch [48/100] | LR: 4.38e-04 | Train Loss: 0.9569 | Val Loss: 1.1673 | F1: 0.5596 | B-Acc: 0.5500
2026-06-10 16:15:21,021 - INFO - [Fold 2] Epoch [49/100] | LR: 4.26e-04 | Train Loss: 0.9213 | Val Loss: 1.1590 | F1: 0.5512 | B-Acc: 0.5500
2026-06-10 16:15:23,316 - INFO - [Fold 2] Epoch [50/100] | LR: 4.13e-04 | Train Loss: 0.8989 | Val Loss: 1.1618 | F1: 0.5822 | B-Acc: 0.5750
2026-06-10 16:15:25,623 - INFO - [Fold 2] Epoch [51/100] | LR: 4.01e-04 | Train Loss: 1.0606 | Val Loss: 1.2338 | F1: 0.5747 | B-Acc: 0.5750
2026-06-10 16:15:27,968 - INFO - [Fold 2] Epoch [52/100] | LR: 3.88e-04 | Train Loss: 0.9330 | Val Loss: 1.1663 | F1: 0.6258 | B-Acc: 0.6250
2026-06-10 16:15:30,403 - INFO - [Fold 2] Epoch [53/100] | LR: 3.75e-04 | Train Loss: 0.9953 | Val Loss: 1.2110 | F1: 0.5974 | B-Acc: 0.6000
2026-06-10 16:15:32,755 - INFO - [Fold 2] Epoch [54/100] | LR: 3.63e-04 | Train Loss: 1.0618 | Val Loss: 1.1831 | F1: 0.5875 | B-Acc: 0.5750
2026-06-10 16:15:35,074 - INFO - [Fold 2] Epoch [55/100] | LR: 3.50e-04 | Train Loss: 0.9478 | Val Loss: 1.1377 | F1: 0.5324 | B-Acc: 0.5500
2026-06-10 16:15:37,428 - INFO - [Fold 2] Epoch [56/100] | LR: 3.38e-04 | Train Loss: 0.9689 | Val Loss: 1.1953 | F1: 0.6039 | B-Acc: 0.6000
2026-06-10 16:15:39,731 - INFO - [Fold 2] Epoch [57/100] | LR: 3.26e-04 | Train Loss: 0.8441 | Val Loss: 1.2079 | F1: 0.5368 | B-Acc: 0.5500
2026-06-10 16:15:42,043 - INFO - [Fold 2] Epoch [58/100] | LR: 3.13e-04 | Train Loss: 0.9679 | Val Loss: 1.2486 | F1: 0.6034 | B-Acc: 0.6000
2026-06-10 16:15:44,361 - INFO - [Fold 2] Epoch [59/100] | LR: 3.01e-04 | Train Loss: 0.9113 | Val Loss: 1.1842 | F1: 0.5155 | B-Acc: 0.5250
2026-06-10 16:15:46,647 - INFO - [Fold 2] Epoch [60/100] | LR: 2.89e-04 | Train Loss: 0.7732 | Val Loss: 1.2227 | F1: 0.5707 | B-Acc: 0.5750
2026-06-10 16:15:49,002 - INFO - [Fold 2] Epoch [61/100] | LR: 2.77e-04 | Train Loss: 0.9939 | Val Loss: 1.2323 | F1: 0.5439 | B-Acc: 0.5500
2026-06-10 16:15:51,326 - INFO - [Fold 2] Epoch [62/100] | LR: 2.65e-04 | Train Loss: 0.8708 | Val Loss: 1.2394 | F1: 0.5168 | B-Acc: 0.5250
2026-06-10 16:15:53,621 - INFO - [Fold 2] Epoch [63/100] | LR: 2.53e-04 | Train Loss: 1.0139 | Val Loss: 1.2357 | F1: 0.6067 | B-Acc: 0.6000
2026-06-10 16:15:55,928 - INFO - [Fold 2] Epoch [64/100] | LR: 2.42e-04 | Train Loss: 0.9254 | Val Loss: 1.2234 | F1: 0.5845 | B-Acc: 0.5750
2026-06-10 16:15:58,280 - INFO - [Fold 2] Epoch [65/100] | LR: 2.30e-04 | Train Loss: 0.8458 | Val Loss: 1.2350 | F1: 0.5965 | B-Acc: 0.6000
2026-06-10 16:16:00,679 - INFO - [Fold 2] Epoch [66/100] | LR: 2.19e-04 | Train Loss: 0.7602 | Val Loss: 1.2989 | F1: 0.5615 | B-Acc: 0.5500
2026-06-10 16:16:03,028 - INFO - [Fold 2] Epoch [67/100] | LR: 2.08e-04 | Train Loss: 0.9007 | Val Loss: 1.2487 | F1: 0.5850 | B-Acc: 0.5750
2026-06-10 16:16:05,452 - INFO - [Fold 2] Epoch [68/100] | LR: 1.97e-04 | Train Loss: 0.9106 | Val Loss: 1.2582 | F1: 0.5405 | B-Acc: 0.5500
2026-06-10 16:16:07,799 - INFO - [Fold 2] Epoch [69/100] | LR: 1.86e-04 | Train Loss: 0.7985 | Val Loss: 1.2853 | F1: 0.5550 | B-Acc: 0.5500
2026-06-10 16:16:10,162 - INFO - [Fold 2] Epoch [70/100] | LR: 1.76e-04 | Train Loss: 0.7719 | Val Loss: 1.3017 | F1: 0.5806 | B-Acc: 0.5750
2026-06-10 16:16:12,510 - INFO - [Fold 2] Epoch [71/100] | LR: 1.66e-04 | Train Loss: 0.7903 | Val Loss: 1.2547 | F1: 0.5712 | B-Acc: 0.5750
2026-06-10 16:16:14,876 - INFO - [Fold 2] Epoch [72/100] | LR: 1.56e-04 | Train Loss: 0.8097 | Val Loss: 1.2529 | F1: 0.5234 | B-Acc: 0.5250
2026-06-10 16:16:17,204 - INFO - [Fold 2] Epoch [73/100] | LR: 1.46e-04 | Train Loss: 0.8010 | Val Loss: 1.1958 | F1: 0.5712 | B-Acc: 0.5750
2026-06-10 16:16:19,538 - INFO - [Fold 2] Epoch [74/100] | LR: 1.36e-04 | Train Loss: 0.9555 | Val Loss: 1.2051 | F1: 0.5445 | B-Acc: 0.5500
2026-06-10 16:16:21,867 - INFO - [Fold 2] Epoch [75/100] | LR: 1.27e-04 | Train Loss: 0.7848 | Val Loss: 1.2357 | F1: 0.5745 | B-Acc: 0.5750
2026-06-10 16:16:24,157 - INFO - [Fold 2] Epoch [76/100] | LR: 1.18e-04 | Train Loss: 0.7344 | Val Loss: 1.2248 | F1: 0.5711 | B-Acc: 0.5750
2026-06-10 16:16:26,449 - INFO - [Fold 2] Epoch [77/100] | LR: 1.09e-04 | Train Loss: 0.8268 | Val Loss: 1.2300 | F1: 0.6022 | B-Acc: 0.6000
2026-06-10 16:16:28,769 - INFO - [Fold 2] Epoch [78/100] | LR: 1.01e-04 | Train Loss: 0.7869 | Val Loss: 1.2560 | F1: 0.5952 | B-Acc: 0.6000
2026-06-10 16:16:31,105 - INFO - [Fold 2] Epoch [79/100] | LR: 9.27e-05 | Train Loss: 0.9015 | Val Loss: 1.2450 | F1: 0.5445 | B-Acc: 0.5500
2026-06-10 16:16:33,482 - INFO - [Fold 2] Epoch [80/100] | LR: 8.48e-05 | Train Loss: 0.8589 | Val Loss: 1.2521 | F1: 0.5789 | B-Acc: 0.5750
2026-06-10 16:16:35,866 - INFO - [Fold 2] Epoch [81/100] | LR: 7.73e-05 | Train Loss: 0.7875 | Val Loss: 1.2571 | F1: 0.5840 | B-Acc: 0.5750
2026-06-10 16:16:38,207 - INFO - [Fold 2] Epoch [82/100] | LR: 7.01e-05 | Train Loss: 0.6329 | Val Loss: 1.2618 | F1: 0.5796 | B-Acc: 0.5750
2026-06-10 16:16:40,495 - INFO - [Fold 2] Epoch [83/100] | LR: 6.32e-05 | Train Loss: 0.6175 | Val Loss: 1.2609 | F1: 0.5484 | B-Acc: 0.5500
2026-06-10 16:16:42,835 - INFO - [Fold 2] Epoch [84/100] | LR: 5.66e-05 | Train Loss: 0.9254 | Val Loss: 1.2549 | F1: 0.5445 | B-Acc: 0.5500
2026-06-10 16:16:45,176 - INFO - [Fold 2] Epoch [85/100] | LR: 5.04e-05 | Train Loss: 0.9137 | Val Loss: 1.2418 | F1: 0.5712 | B-Acc: 0.5750
2026-06-10 16:16:47,484 - INFO - [Fold 2] Epoch [86/100] | LR: 4.45e-05 | Train Loss: 0.8026 | Val Loss: 1.2429 | F1: 0.5756 | B-Acc: 0.5750
2026-06-10 16:16:49,840 - INFO - [Fold 2] Epoch [87/100] | LR: 3.90e-05 | Train Loss: 0.8657 | Val Loss: 1.2333 | F1: 0.5712 | B-Acc: 0.5750
2026-06-10 16:16:52,184 - INFO - [Fold 2] Epoch [88/100] | LR: 3.39e-05 | Train Loss: 0.9277 | Val Loss: 1.2241 | F1: 0.6022 | B-Acc: 0.6000
2026-06-10 16:16:54,491 - INFO - [Fold 2] Epoch [89/100] | LR: 2.91e-05 | Train Loss: 0.7979 | Val Loss: 1.2238 | F1: 0.6032 | B-Acc: 0.6000
2026-06-10 16:16:56,830 - INFO - [Fold 2] Epoch [90/100] | LR: 2.46e-05 | Train Loss: 0.8201 | Val Loss: 1.2268 | F1: 0.6032 | B-Acc: 0.6000
2026-06-10 16:16:59,182 - INFO - [Fold 2] Epoch [91/100] | LR: 2.06e-05 | Train Loss: 0.6493 | Val Loss: 1.2281 | F1: 0.6032 | B-Acc: 0.6000
2026-06-10 16:17:01,553 - INFO - [Fold 2] Epoch [92/100] | LR: 1.69e-05 | Train Loss: 0.9091 | Val Loss: 1.2277 | F1: 0.6076 | B-Acc: 0.6000
2026-06-10 16:17:03,882 - INFO - [Fold 2] Epoch [93/100] | LR: 1.36e-05 | Train Loss: 0.7998 | Val Loss: 1.2276 | F1: 0.6076 | B-Acc: 0.6000
2026-06-10 16:17:06,175 - INFO - [Fold 2] Epoch [94/100] | LR: 1.06e-05 | Train Loss: 0.8361 | Val Loss: 1.2250 | F1: 0.6076 | B-Acc: 0.6000
2026-06-10 16:17:08,463 - INFO - [Fold 2] Epoch [95/100] | LR: 8.08e-06 | Train Loss: 0.7879 | Val Loss: 1.2248 | F1: 0.6076 | B-Acc: 0.6000
2026-06-10 16:17:10,848 - INFO - [Fold 2] Epoch [96/100] | LR: 5.92e-06 | Train Loss: 0.6648 | Val Loss: 1.2224 | F1: 0.5750 | B-Acc: 0.5750
2026-06-10 16:17:13,181 - INFO - [Fold 2] Epoch [97/100] | LR: 4.15e-06 | Train Loss: 0.6712 | Val Loss: 1.2219 | F1: 0.5712 | B-Acc: 0.5750
2026-06-10 16:17:15,553 - INFO - [Fold 2] Epoch [98/100] | LR: 2.77e-06 | Train Loss: 0.8094 | Val Loss: 1.2225 | F1: 0.5712 | B-Acc: 0.5750
2026-06-10 16:17:17,891 - INFO - [Fold 2] Epoch [99/100] | LR: 1.79e-06 | Train Loss: 0.6226 | Val Loss: 1.2230 | F1: 0.5712 | B-Acc: 0.5750
2026-06-10 16:17:20,237 - INFO - [Fold 2] Epoch [100/100] | LR: 1.20e-06 | Train Loss: 0.8775 | Val Loss: 1.2232 | F1: 0.5712 | B-Acc: 0.5750
2026-06-10 16:17:20,331 - INFO - [Fold 2] Evaluating best validation model on Test Set...
2026-06-10 16:17:20,875 - INFO - [Fold 2] Test Set Results -> F1: 0.7040 | B-Acc: 0.7000
