2026-06-09 20:37:46,441 - INFO - 
--- Preparing Fold 2/5 ---
2026-06-09 20:37:46,729 - INFO - === Starting Training for Fold 2 ===
2026-06-09 20:37:49,530 - INFO - [Fold 2] Epoch [01/100] | LR: 1.00e-03 | Train Loss: 1.8996 | Val Loss: 2.0758 | F1: 0.1541 | B-Acc: 0.1800
2026-06-09 20:37:49,606 - INFO - [Fold 2] --> Saved new best model (F1: 0.1541)
2026-06-09 20:37:52,285 - INFO - [Fold 2] Epoch [02/100] | LR: 1.00e-03 | Train Loss: 1.6189 | Val Loss: 2.0116 | F1: 0.1264 | B-Acc: 0.2200
2026-06-09 20:37:54,946 - INFO - [Fold 2] Epoch [03/100] | LR: 9.99e-04 | Train Loss: 1.5557 | Val Loss: 1.5039 | F1: 0.2788 | B-Acc: 0.3200
2026-06-09 20:37:55,116 - INFO - [Fold 2] --> Saved new best model (F1: 0.2788)
2026-06-09 20:37:57,818 - INFO - [Fold 2] Epoch [04/100] | LR: 9.98e-04 | Train Loss: 1.4836 | Val Loss: 1.3663 | F1: 0.4083 | B-Acc: 0.4000
2026-06-09 20:37:57,986 - INFO - [Fold 2] --> Saved new best model (F1: 0.4083)
2026-06-09 20:38:00,698 - INFO - [Fold 2] Epoch [05/100] | LR: 9.96e-04 | Train Loss: 1.4947 | Val Loss: 1.4393 | F1: 0.3766 | B-Acc: 0.3800
2026-06-09 20:38:03,374 - INFO - [Fold 2] Epoch [06/100] | LR: 9.94e-04 | Train Loss: 1.4817 | Val Loss: 1.2851 | F1: 0.5275 | B-Acc: 0.5600
2026-06-09 20:38:03,598 - INFO - [Fold 2] --> Saved new best model (F1: 0.5275)
2026-06-09 20:38:06,322 - INFO - [Fold 2] Epoch [07/100] | LR: 9.91e-04 | Train Loss: 1.3906 | Val Loss: 1.3123 | F1: 0.4057 | B-Acc: 0.4600
2026-06-09 20:38:08,953 - INFO - [Fold 2] Epoch [08/100] | LR: 9.88e-04 | Train Loss: 1.4240 | Val Loss: 1.2376 | F1: 0.4888 | B-Acc: 0.5200
2026-06-09 20:38:11,643 - INFO - [Fold 2] Epoch [09/100] | LR: 9.84e-04 | Train Loss: 1.3513 | Val Loss: 1.5333 | F1: 0.3268 | B-Acc: 0.3600
2026-06-09 20:38:14,319 - INFO - [Fold 2] Epoch [10/100] | LR: 9.80e-04 | Train Loss: 1.4112 | Val Loss: 1.2464 | F1: 0.4292 | B-Acc: 0.4400
2026-06-09 20:38:17,013 - INFO - [Fold 2] Epoch [11/100] | LR: 9.76e-04 | Train Loss: 1.2750 | Val Loss: 1.1889 | F1: 0.5794 | B-Acc: 0.6000
2026-06-09 20:38:17,219 - INFO - [Fold 2] --> Saved new best model (F1: 0.5794)
2026-06-09 20:38:20,018 - INFO - [Fold 2] Epoch [12/100] | LR: 9.70e-04 | Train Loss: 1.2456 | Val Loss: 1.0893 | F1: 0.6073 | B-Acc: 0.6000
2026-06-09 20:38:20,217 - INFO - [Fold 2] --> Saved new best model (F1: 0.6073)
2026-06-09 20:38:22,926 - INFO - [Fold 2] Epoch [13/100] | LR: 9.65e-04 | Train Loss: 1.2285 | Val Loss: 1.4565 | F1: 0.4295 | B-Acc: 0.4800
2026-06-09 20:38:25,644 - INFO - [Fold 2] Epoch [14/100] | LR: 9.59e-04 | Train Loss: 1.2255 | Val Loss: 1.2981 | F1: 0.4698 | B-Acc: 0.4800
2026-06-09 20:38:28,358 - INFO - [Fold 2] Epoch [15/100] | LR: 9.52e-04 | Train Loss: 1.2852 | Val Loss: 1.3623 | F1: 0.3572 | B-Acc: 0.4000
2026-06-09 20:38:31,064 - INFO - [Fold 2] Epoch [16/100] | LR: 9.46e-04 | Train Loss: 1.3538 | Val Loss: 1.2781 | F1: 0.4788 | B-Acc: 0.4800
2026-06-09 20:38:33,805 - INFO - [Fold 2] Epoch [17/100] | LR: 9.38e-04 | Train Loss: 1.2129 | Val Loss: 1.1683 | F1: 0.4880 | B-Acc: 0.5000
2026-06-09 20:38:36,549 - INFO - [Fold 2] Epoch [18/100] | LR: 9.30e-04 | Train Loss: 1.2113 | Val Loss: 1.1776 | F1: 0.4094 | B-Acc: 0.4600
2026-06-09 20:38:39,310 - INFO - [Fold 2] Epoch [19/100] | LR: 9.22e-04 | Train Loss: 1.1986 | Val Loss: 1.2135 | F1: 0.4783 | B-Acc: 0.5000
2026-06-09 20:38:41,952 - INFO - [Fold 2] Epoch [20/100] | LR: 9.14e-04 | Train Loss: 1.2213 | Val Loss: 1.1625 | F1: 0.5555 | B-Acc: 0.5800
2026-06-09 20:38:44,664 - INFO - [Fold 2] Epoch [21/100] | LR: 9.05e-04 | Train Loss: 1.1015 | Val Loss: 1.1819 | F1: 0.4950 | B-Acc: 0.5200
2026-06-09 20:38:47,364 - INFO - [Fold 2] Epoch [22/100] | LR: 8.95e-04 | Train Loss: 1.2030 | Val Loss: 1.1469 | F1: 0.5753 | B-Acc: 0.5800
2026-06-09 20:38:50,026 - INFO - [Fold 2] Epoch [23/100] | LR: 8.85e-04 | Train Loss: 1.1108 | Val Loss: 0.9704 | F1: 0.6296 | B-Acc: 0.6400
2026-06-09 20:38:50,239 - INFO - [Fold 2] --> Saved new best model (F1: 0.6296)
2026-06-09 20:38:52,970 - INFO - [Fold 2] Epoch [24/100] | LR: 8.75e-04 | Train Loss: 1.1958 | Val Loss: 0.9945 | F1: 0.6094 | B-Acc: 0.6200
2026-06-09 20:38:55,726 - INFO - [Fold 2] Epoch [25/100] | LR: 8.65e-04 | Train Loss: 1.2684 | Val Loss: 1.0820 | F1: 0.5653 | B-Acc: 0.5800
2026-06-09 20:38:58,495 - INFO - [Fold 2] Epoch [26/100] | LR: 8.54e-04 | Train Loss: 1.1000 | Val Loss: 1.0092 | F1: 0.6042 | B-Acc: 0.6000
2026-06-09 20:39:01,259 - INFO - [Fold 2] Epoch [27/100] | LR: 8.42e-04 | Train Loss: 1.0303 | Val Loss: 0.9877 | F1: 0.5598 | B-Acc: 0.5800
2026-06-09 20:39:03,966 - INFO - [Fold 2] Epoch [28/100] | LR: 8.31e-04 | Train Loss: 1.0720 | Val Loss: 1.0731 | F1: 0.6232 | B-Acc: 0.6200
2026-06-09 20:39:06,724 - INFO - [Fold 2] Epoch [29/100] | LR: 8.19e-04 | Train Loss: 1.0582 | Val Loss: 1.1392 | F1: 0.5182 | B-Acc: 0.5000
2026-06-09 20:39:09,438 - INFO - [Fold 2] Epoch [30/100] | LR: 8.07e-04 | Train Loss: 1.0391 | Val Loss: 1.0524 | F1: 0.5881 | B-Acc: 0.6000
2026-06-09 20:39:12,201 - INFO - [Fold 2] Epoch [31/100] | LR: 7.94e-04 | Train Loss: 0.9841 | Val Loss: 1.2988 | F1: 0.4254 | B-Acc: 0.4400
2026-06-09 20:39:14,965 - INFO - [Fold 2] Epoch [32/100] | LR: 7.81e-04 | Train Loss: 1.1163 | Val Loss: 1.1570 | F1: 0.5243 | B-Acc: 0.5400
2026-06-09 20:39:17,722 - INFO - [Fold 2] Epoch [33/100] | LR: 7.68e-04 | Train Loss: 1.1457 | Val Loss: 1.3245 | F1: 0.4586 | B-Acc: 0.4800
2026-06-09 20:39:20,473 - INFO - [Fold 2] Epoch [34/100] | LR: 7.55e-04 | Train Loss: 1.0602 | Val Loss: 1.1761 | F1: 0.4928 | B-Acc: 0.5000
2026-06-09 20:39:23,270 - INFO - [Fold 2] Epoch [35/100] | LR: 7.41e-04 | Train Loss: 1.0235 | Val Loss: 1.2998 | F1: 0.3941 | B-Acc: 0.4000
2026-06-09 20:39:26,039 - INFO - [Fold 2] Epoch [36/100] | LR: 7.27e-04 | Train Loss: 0.8978 | Val Loss: 1.1558 | F1: 0.5105 | B-Acc: 0.5200
2026-06-09 20:39:28,830 - INFO - [Fold 2] Epoch [37/100] | LR: 7.13e-04 | Train Loss: 1.0137 | Val Loss: 1.1805 | F1: 0.5009 | B-Acc: 0.5200
2026-06-09 20:39:31,612 - INFO - [Fold 2] Epoch [38/100] | LR: 6.99e-04 | Train Loss: 1.1688 | Val Loss: 1.2984 | F1: 0.4557 | B-Acc: 0.4600
2026-06-09 20:39:34,379 - INFO - [Fold 2] Epoch [39/100] | LR: 6.84e-04 | Train Loss: 1.0113 | Val Loss: 1.1603 | F1: 0.6225 | B-Acc: 0.6200
2026-06-09 20:39:37,143 - INFO - [Fold 2] Epoch [40/100] | LR: 6.70e-04 | Train Loss: 0.7974 | Val Loss: 1.2819 | F1: 0.5183 | B-Acc: 0.5200
2026-06-09 20:39:39,901 - INFO - [Fold 2] Epoch [41/100] | LR: 6.55e-04 | Train Loss: 0.8115 | Val Loss: 1.0997 | F1: 0.5586 | B-Acc: 0.5400
2026-06-09 20:39:42,596 - INFO - [Fold 2] Epoch [42/100] | LR: 6.40e-04 | Train Loss: 1.0743 | Val Loss: 1.0930 | F1: 0.5253 | B-Acc: 0.5400
2026-06-09 20:39:45,349 - INFO - [Fold 2] Epoch [43/100] | LR: 6.25e-04 | Train Loss: 0.9296 | Val Loss: 1.1608 | F1: 0.5356 | B-Acc: 0.5600
2026-06-09 20:39:48,065 - INFO - [Fold 2] Epoch [44/100] | LR: 6.09e-04 | Train Loss: 1.0218 | Val Loss: 1.3057 | F1: 0.5091 | B-Acc: 0.5200
2026-06-09 20:39:50,864 - INFO - [Fold 2] Epoch [45/100] | LR: 5.94e-04 | Train Loss: 0.9768 | Val Loss: 1.1831 | F1: 0.4718 | B-Acc: 0.4800
2026-06-09 20:39:53,592 - INFO - [Fold 2] Epoch [46/100] | LR: 5.79e-04 | Train Loss: 1.0123 | Val Loss: 1.2189 | F1: 0.5260 | B-Acc: 0.5200
2026-06-09 20:39:56,359 - INFO - [Fold 2] Epoch [47/100] | LR: 5.63e-04 | Train Loss: 0.7229 | Val Loss: 1.3312 | F1: 0.4562 | B-Acc: 0.4800
2026-06-09 20:39:59,104 - INFO - [Fold 2] Epoch [48/100] | LR: 5.48e-04 | Train Loss: 1.0684 | Val Loss: 1.2164 | F1: 0.5287 | B-Acc: 0.5200
2026-06-09 20:40:01,864 - INFO - [Fold 2] Epoch [49/100] | LR: 5.32e-04 | Train Loss: 0.9159 | Val Loss: 1.1642 | F1: 0.5284 | B-Acc: 0.5200
2026-06-09 20:40:04,623 - INFO - [Fold 2] Epoch [50/100] | LR: 5.16e-04 | Train Loss: 0.9100 | Val Loss: 1.1617 | F1: 0.5705 | B-Acc: 0.5600
2026-06-09 20:40:07,478 - INFO - [Fold 2] Epoch [51/100] | LR: 5.01e-04 | Train Loss: 0.8257 | Val Loss: 1.2713 | F1: 0.4535 | B-Acc: 0.4600
2026-06-09 20:40:10,192 - INFO - [Fold 2] Epoch [52/100] | LR: 4.85e-04 | Train Loss: 0.8337 | Val Loss: 1.2240 | F1: 0.4399 | B-Acc: 0.4400
2026-06-09 20:40:12,929 - INFO - [Fold 2] Epoch [53/100] | LR: 4.69e-04 | Train Loss: 0.6150 | Val Loss: 1.1354 | F1: 0.5189 | B-Acc: 0.5200
2026-06-09 20:40:15,612 - INFO - [Fold 2] Epoch [54/100] | LR: 4.53e-04 | Train Loss: 0.8913 | Val Loss: 1.1659 | F1: 0.5235 | B-Acc: 0.5200
2026-06-09 20:40:18,292 - INFO - [Fold 2] Epoch [55/100] | LR: 4.38e-04 | Train Loss: 0.8464 | Val Loss: 1.2577 | F1: 0.5048 | B-Acc: 0.5000
2026-06-09 20:40:21,017 - INFO - [Fold 2] Epoch [56/100] | LR: 4.22e-04 | Train Loss: 0.9034 | Val Loss: 1.2915 | F1: 0.5204 | B-Acc: 0.5200
2026-06-09 20:40:23,791 - INFO - [Fold 2] Epoch [57/100] | LR: 4.07e-04 | Train Loss: 0.9658 | Val Loss: 1.2816 | F1: 0.4918 | B-Acc: 0.4800
2026-06-09 20:40:26,560 - INFO - [Fold 2] Epoch [58/100] | LR: 3.92e-04 | Train Loss: 0.8492 | Val Loss: 1.2497 | F1: 0.5719 | B-Acc: 0.5800
2026-06-09 20:40:29,326 - INFO - [Fold 2] Epoch [59/100] | LR: 3.76e-04 | Train Loss: 0.9644 | Val Loss: 1.1918 | F1: 0.5645 | B-Acc: 0.5600
2026-06-09 20:40:32,063 - INFO - [Fold 2] Epoch [60/100] | LR: 3.61e-04 | Train Loss: 0.9401 | Val Loss: 1.2304 | F1: 0.5298 | B-Acc: 0.5200
2026-06-09 20:40:34,790 - INFO - [Fold 2] Epoch [61/100] | LR: 3.46e-04 | Train Loss: 0.8271 | Val Loss: 1.1699 | F1: 0.5522 | B-Acc: 0.5400
2026-06-09 20:40:37,542 - INFO - [Fold 2] Epoch [62/100] | LR: 3.31e-04 | Train Loss: 0.8690 | Val Loss: 1.2216 | F1: 0.5190 | B-Acc: 0.5200
2026-06-09 20:40:40,279 - INFO - [Fold 2] Epoch [63/100] | LR: 3.17e-04 | Train Loss: 0.8137 | Val Loss: 1.1025 | F1: 0.5461 | B-Acc: 0.5400
2026-06-09 20:40:43,005 - INFO - [Fold 2] Epoch [64/100] | LR: 3.02e-04 | Train Loss: 0.8765 | Val Loss: 1.1921 | F1: 0.4693 | B-Acc: 0.4600
2026-06-09 20:40:45,749 - INFO - [Fold 2] Epoch [65/100] | LR: 2.88e-04 | Train Loss: 0.8701 | Val Loss: 1.2082 | F1: 0.4941 | B-Acc: 0.5000
2026-06-09 20:40:48,466 - INFO - [Fold 2] Epoch [66/100] | LR: 2.74e-04 | Train Loss: 0.7923 | Val Loss: 1.0984 | F1: 0.5341 | B-Acc: 0.5200
2026-06-09 20:40:51,228 - INFO - [Fold 2] Epoch [67/100] | LR: 2.60e-04 | Train Loss: 0.5446 | Val Loss: 1.1338 | F1: 0.5383 | B-Acc: 0.5400
2026-06-09 20:40:53,971 - INFO - [Fold 2] Epoch [68/100] | LR: 2.46e-04 | Train Loss: 0.8513 | Val Loss: 1.1532 | F1: 0.5459 | B-Acc: 0.5400
2026-06-09 20:40:56,691 - INFO - [Fold 2] Epoch [69/100] | LR: 2.33e-04 | Train Loss: 0.9234 | Val Loss: 1.1693 | F1: 0.4852 | B-Acc: 0.4800
2026-06-09 20:40:59,447 - INFO - [Fold 2] Epoch [70/100] | LR: 2.20e-04 | Train Loss: 0.7682 | Val Loss: 1.1513 | F1: 0.5696 | B-Acc: 0.5600
2026-06-09 20:41:02,178 - INFO - [Fold 2] Epoch [71/100] | LR: 2.07e-04 | Train Loss: 0.6726 | Val Loss: 1.1057 | F1: 0.5911 | B-Acc: 0.5800
2026-06-09 20:41:04,961 - INFO - [Fold 2] Epoch [72/100] | LR: 1.94e-04 | Train Loss: 0.7446 | Val Loss: 1.1066 | F1: 0.5939 | B-Acc: 0.5800
2026-06-09 20:41:07,732 - INFO - [Fold 2] Epoch [73/100] | LR: 1.82e-04 | Train Loss: 0.8414 | Val Loss: 1.1725 | F1: 0.6221 | B-Acc: 0.6000
2026-06-09 20:41:10,458 - INFO - [Fold 2] Epoch [74/100] | LR: 1.70e-04 | Train Loss: 0.8528 | Val Loss: 1.1495 | F1: 0.5253 | B-Acc: 0.5200
2026-06-09 20:41:13,210 - INFO - [Fold 2] Epoch [75/100] | LR: 1.59e-04 | Train Loss: 0.8546 | Val Loss: 1.2497 | F1: 0.5099 | B-Acc: 0.5000
2026-06-09 20:41:15,951 - INFO - [Fold 2] Epoch [76/100] | LR: 1.47e-04 | Train Loss: 0.9018 | Val Loss: 1.1327 | F1: 0.5131 | B-Acc: 0.5000
2026-06-09 20:41:18,786 - INFO - [Fold 2] Epoch [77/100] | LR: 1.36e-04 | Train Loss: 0.8417 | Val Loss: 1.1567 | F1: 0.4774 | B-Acc: 0.4600
2026-06-09 20:41:21,553 - INFO - [Fold 2] Epoch [78/100] | LR: 1.26e-04 | Train Loss: 0.9257 | Val Loss: 1.1420 | F1: 0.5337 | B-Acc: 0.5200
2026-06-09 20:41:24,267 - INFO - [Fold 2] Epoch [79/100] | LR: 1.16e-04 | Train Loss: 0.5196 | Val Loss: 1.1272 | F1: 0.5271 | B-Acc: 0.5200
2026-06-09 20:41:27,063 - INFO - [Fold 2] Epoch [80/100] | LR: 1.06e-04 | Train Loss: 0.9474 | Val Loss: 1.1680 | F1: 0.5398 | B-Acc: 0.5200
2026-06-09 20:41:29,750 - INFO - [Fold 2] Epoch [81/100] | LR: 9.64e-05 | Train Loss: 0.8498 | Val Loss: 1.1591 | F1: 0.5356 | B-Acc: 0.5200
2026-06-09 20:41:32,497 - INFO - [Fold 2] Epoch [82/100] | LR: 8.74e-05 | Train Loss: 0.7033 | Val Loss: 1.1475 | F1: 0.5474 | B-Acc: 0.5400
2026-06-09 20:41:35,304 - INFO - [Fold 2] Epoch [83/100] | LR: 7.88e-05 | Train Loss: 0.6397 | Val Loss: 1.1828 | F1: 0.5167 | B-Acc: 0.5000
2026-06-09 20:41:38,076 - INFO - [Fold 2] Epoch [84/100] | LR: 7.06e-05 | Train Loss: 0.6833 | Val Loss: 1.1516 | F1: 0.5535 | B-Acc: 0.5400
2026-06-09 20:41:40,850 - INFO - [Fold 2] Epoch [85/100] | LR: 6.28e-05 | Train Loss: 0.7418 | Val Loss: 1.1552 | F1: 0.5675 | B-Acc: 0.5600
2026-06-09 20:41:43,554 - INFO - [Fold 2] Epoch [86/100] | LR: 5.54e-05 | Train Loss: 0.7852 | Val Loss: 1.1499 | F1: 0.5053 | B-Acc: 0.5000
2026-06-09 20:41:46,270 - INFO - [Fold 2] Epoch [87/100] | LR: 4.85e-05 | Train Loss: 0.6407 | Val Loss: 1.1624 | F1: 0.5829 | B-Acc: 0.5600
2026-06-09 20:41:49,011 - INFO - [Fold 2] Epoch [88/100] | LR: 4.21e-05 | Train Loss: 0.7432 | Val Loss: 1.1490 | F1: 0.5995 | B-Acc: 0.5800
2026-06-09 20:41:51,725 - INFO - [Fold 2] Epoch [89/100] | LR: 3.61e-05 | Train Loss: 0.6640 | Val Loss: 1.1540 | F1: 0.6025 | B-Acc: 0.5800
2026-06-09 20:41:54,511 - INFO - [Fold 2] Epoch [90/100] | LR: 3.05e-05 | Train Loss: 0.6674 | Val Loss: 1.1491 | F1: 0.5759 | B-Acc: 0.5600
2026-06-09 20:41:57,298 - INFO - [Fold 2] Epoch [91/100] | LR: 2.54e-05 | Train Loss: 0.9584 | Val Loss: 1.1435 | F1: 0.5549 | B-Acc: 0.5400
2026-06-09 20:41:59,984 - INFO - [Fold 2] Epoch [92/100] | LR: 2.08e-05 | Train Loss: 0.7631 | Val Loss: 1.1486 | F1: 0.5525 | B-Acc: 0.5400
2026-06-09 20:42:02,700 - INFO - [Fold 2] Epoch [93/100] | LR: 1.67e-05 | Train Loss: 0.7520 | Val Loss: 1.1493 | F1: 0.5549 | B-Acc: 0.5400
2026-06-09 20:42:05,369 - INFO - [Fold 2] Epoch [94/100] | LR: 1.30e-05 | Train Loss: 0.8368 | Val Loss: 1.1561 | F1: 0.5549 | B-Acc: 0.5400
2026-06-09 20:42:08,029 - INFO - [Fold 2] Epoch [95/100] | LR: 9.85e-06 | Train Loss: 0.8187 | Val Loss: 1.1590 | F1: 0.5614 | B-Acc: 0.5400
2026-06-09 20:42:10,698 - INFO - [Fold 2] Epoch [96/100] | LR: 7.15e-06 | Train Loss: 0.5699 | Val Loss: 1.1581 | F1: 0.5614 | B-Acc: 0.5400
2026-06-09 20:42:13,454 - INFO - [Fold 2] Epoch [97/100] | LR: 4.94e-06 | Train Loss: 0.6477 | Val Loss: 1.1575 | F1: 0.5614 | B-Acc: 0.5400
2026-06-09 20:42:16,171 - INFO - [Fold 2] Epoch [98/100] | LR: 3.22e-06 | Train Loss: 0.6667 | Val Loss: 1.1573 | F1: 0.5614 | B-Acc: 0.5400
2026-06-09 20:42:18,929 - INFO - [Fold 2] Epoch [99/100] | LR: 1.99e-06 | Train Loss: 0.8055 | Val Loss: 1.1564 | F1: 0.5614 | B-Acc: 0.5400
2026-06-09 20:42:21,692 - INFO - [Fold 2] Epoch [100/100] | LR: 1.25e-06 | Train Loss: 0.7580 | Val Loss: 1.1563 | F1: 0.5614 | B-Acc: 0.5400
