2026-06-11 10:52:57,235 - INFO - ==================================================
2026-06-11 10:52:57,236 - INFO - Pseudo Label Generation Configuration:
2026-06-11 10:52:57,236 - INFO -   base_weight_path  : /root/autodl-tmp/weights/dinov2_small.bin
2026-06-11 10:52:57,236 - INFO -   batch_size        : 64
2026-06-11 10:52:57,236 - INFO -   data_path         : /root/autodl-tmp/data/test_shuffled/
2026-06-11 10:52:57,236 - INFO -   lora_alpha        : 16
2026-06-11 10:52:57,236 - INFO -   lora_dropout      : 0.1
2026-06-11 10:52:57,236 - INFO -   lora_r            : 8
2026-06-11 10:52:57,236 - INFO -   name              : None
2026-06-11 10:52:57,236 - INFO -   num_classes       : 5
2026-06-11 10:52:57,236 - INFO -   num_workers       : 8
2026-06-11 10:52:57,236 - INFO -   weights_dir       : ./weights/eval/
2026-06-11 10:52:57,316 - INFO - Using device: cuda
2026-06-11 10:52:57,316 - INFO - Found 5 models for ensembling.
2026-06-11 10:52:57,316 - INFO - Loading models into memory...
2026-06-11 10:52:57,316 - INFO - Loading Model 1/5: 1.pth
2026-06-11 10:52:59,136 - INFO - Loading Model 2/5: 2.pth
2026-06-11 10:52:59,515 - INFO - Loading Model 3/5: 3.pth
2026-06-11 10:52:59,826 - INFO - Loading Model 4/5: 4.pth
2026-06-11 10:53:00,141 - INFO - Loading Model 5/5: 5.pth
2026-06-11 10:53:00,609 - INFO - Models loaded successfully.
2026-06-11 10:53:00,675 - INFO - Total unlabeled images to process: 61881
2026-06-11 10:53:00,675 - INFO - Using fast GPU-TTA (8 variations: 2 flips x 4 rotations) with Mixed Precision (bfloat16).
2026-06-11 10:53:00,675 - INFO - Starting inference loop...
2026-06-11 10:53:37,729 - INFO - Processed Batch [10/967] ...
2026-06-11 10:53:58,010 - INFO - Processed Batch [20/967] ...
2026-06-11 10:54:18,419 - INFO - Processed Batch [30/967] ...
2026-06-11 10:54:38,896 - INFO - Processed Batch [40/967] ...
2026-06-11 10:54:59,389 - INFO - Processed Batch [50/967] ...
2026-06-11 10:55:19,891 - INFO - Processed Batch [60/967] ...
2026-06-11 10:55:40,401 - INFO - Processed Batch [70/967] ...
2026-06-11 10:56:00,919 - INFO - Processed Batch [80/967] ...
2026-06-11 10:56:21,444 - INFO - Processed Batch [90/967] ...
2026-06-11 10:56:41,978 - INFO - Processed Batch [100/967] ...
2026-06-11 10:57:02,514 - INFO - Processed Batch [110/967] ...
2026-06-11 10:57:23,056 - INFO - Processed Batch [120/967] ...
2026-06-11 10:57:43,607 - INFO - Processed Batch [130/967] ...
2026-06-11 10:58:04,155 - INFO - Processed Batch [140/967] ...
2026-06-11 10:58:24,717 - INFO - Processed Batch [150/967] ...
2026-06-11 10:58:45,272 - INFO - Processed Batch [160/967] ...
2026-06-11 10:59:05,829 - INFO - Processed Batch [170/967] ...
2026-06-11 10:59:26,389 - INFO - Processed Batch [180/967] ...
2026-06-11 10:59:46,952 - INFO - Processed Batch [190/967] ...
2026-06-11 11:00:07,511 - INFO - Processed Batch [200/967] ...
2026-06-11 11:00:28,060 - INFO - Processed Batch [210/967] ...
2026-06-11 11:00:48,607 - INFO - Processed Batch [220/967] ...
2026-06-11 11:01:09,155 - INFO - Processed Batch [230/967] ...
2026-06-11 11:01:29,715 - INFO - Processed Batch [240/967] ...
2026-06-11 11:01:50,270 - INFO - Processed Batch [250/967] ...
2026-06-11 11:02:10,832 - INFO - Processed Batch [260/967] ...
2026-06-11 11:02:31,394 - INFO - Processed Batch [270/967] ...
2026-06-11 11:02:51,959 - INFO - Processed Batch [280/967] ...
2026-06-11 11:03:12,523 - INFO - Processed Batch [290/967] ...
2026-06-11 11:03:33,088 - INFO - Processed Batch [300/967] ...
2026-06-11 11:03:53,650 - INFO - Processed Batch [310/967] ...
2026-06-11 11:04:14,207 - INFO - Processed Batch [320/967] ...
2026-06-11 11:04:34,763 - INFO - Processed Batch [330/967] ...
2026-06-11 11:04:55,316 - INFO - Processed Batch [340/967] ...
2026-06-11 11:05:15,872 - INFO - Processed Batch [350/967] ...
2026-06-11 11:05:36,433 - INFO - Processed Batch [360/967] ...
2026-06-11 11:05:56,991 - INFO - Processed Batch [370/967] ...
2026-06-11 11:06:17,548 - INFO - Processed Batch [380/967] ...
2026-06-11 11:06:38,097 - INFO - Processed Batch [390/967] ...
2026-06-11 11:06:58,650 - INFO - Processed Batch [400/967] ...
2026-06-11 11:07:19,207 - INFO - Processed Batch [410/967] ...
2026-06-11 11:07:39,763 - INFO - Processed Batch [420/967] ...
2026-06-11 11:08:00,322 - INFO - Processed Batch [430/967] ...
2026-06-11 11:08:20,880 - INFO - Processed Batch [440/967] ...
2026-06-11 11:08:41,439 - INFO - Processed Batch [450/967] ...
2026-06-11 11:09:01,990 - INFO - Processed Batch [460/967] ...
2026-06-11 11:09:22,540 - INFO - Processed Batch [470/967] ...
2026-06-11 11:09:43,090 - INFO - Processed Batch [480/967] ...
2026-06-11 11:10:03,643 - INFO - Processed Batch [490/967] ...
2026-06-11 11:10:24,198 - INFO - Processed Batch [500/967] ...
2026-06-11 11:10:44,749 - INFO - Processed Batch [510/967] ...
2026-06-11 11:11:05,297 - INFO - Processed Batch [520/967] ...
2026-06-11 11:11:25,842 - INFO - Processed Batch [530/967] ...
2026-06-11 11:11:46,392 - INFO - Processed Batch [540/967] ...
2026-06-11 11:12:06,932 - INFO - Processed Batch [550/967] ...
2026-06-11 11:12:27,477 - INFO - Processed Batch [560/967] ...
2026-06-11 11:12:48,017 - INFO - Processed Batch [570/967] ...
2026-06-11 11:13:08,559 - INFO - Processed Batch [580/967] ...
2026-06-11 11:13:29,105 - INFO - Processed Batch [590/967] ...
2026-06-11 11:13:49,648 - INFO - Processed Batch [600/967] ...
2026-06-11 11:14:10,199 - INFO - Processed Batch [610/967] ...
2026-06-11 11:14:30,747 - INFO - Processed Batch [620/967] ...
2026-06-11 11:14:51,297 - INFO - Processed Batch [630/967] ...
2026-06-11 11:15:11,845 - INFO - Processed Batch [640/967] ...
2026-06-11 11:15:32,395 - INFO - Processed Batch [650/967] ...
2026-06-11 11:15:52,948 - INFO - Processed Batch [660/967] ...
2026-06-11 11:16:13,498 - INFO - Processed Batch [670/967] ...
2026-06-11 11:16:34,045 - INFO - Processed Batch [680/967] ...
2026-06-11 11:16:54,591 - INFO - Processed Batch [690/967] ...
2026-06-11 11:17:15,143 - INFO - Processed Batch [700/967] ...
2026-06-11 11:17:35,698 - INFO - Processed Batch [710/967] ...
2026-06-11 11:17:56,256 - INFO - Processed Batch [720/967] ...
2026-06-11 11:18:16,813 - INFO - Processed Batch [730/967] ...
2026-06-11 11:18:37,369 - INFO - Processed Batch [740/967] ...
2026-06-11 11:18:57,927 - INFO - Processed Batch [750/967] ...
2026-06-11 11:19:18,478 - INFO - Processed Batch [760/967] ...
2026-06-11 11:19:39,029 - INFO - Processed Batch [770/967] ...
2026-06-11 11:19:59,584 - INFO - Processed Batch [780/967] ...
2026-06-11 11:20:20,145 - INFO - Processed Batch [790/967] ...
2026-06-11 11:20:40,699 - INFO - Processed Batch [800/967] ...
2026-06-11 11:21:01,256 - INFO - Processed Batch [810/967] ...
2026-06-11 11:21:21,810 - INFO - Processed Batch [820/967] ...
2026-06-11 11:21:42,365 - INFO - Processed Batch [830/967] ...
2026-06-11 11:22:02,918 - INFO - Processed Batch [840/967] ...
2026-06-11 11:22:23,473 - INFO - Processed Batch [850/967] ...
2026-06-11 11:22:44,025 - INFO - Processed Batch [860/967] ...
2026-06-11 11:23:04,579 - INFO - Processed Batch [870/967] ...
2026-06-11 11:23:25,134 - INFO - Processed Batch [880/967] ...
2026-06-11 11:23:45,688 - INFO - Processed Batch [890/967] ...
2026-06-11 11:24:06,241 - INFO - Processed Batch [900/967] ...
2026-06-11 11:24:26,796 - INFO - Processed Batch [910/967] ...
2026-06-11 11:24:47,355 - INFO - Processed Batch [920/967] ...
2026-06-11 11:25:07,910 - INFO - Processed Batch [930/967] ...
2026-06-11 11:25:28,468 - INFO - Processed Batch [940/967] ...
2026-06-11 11:25:49,028 - INFO - Processed Batch [950/967] ...
2026-06-11 11:26:09,581 - INFO - Processed Batch [960/967] ...
2026-06-11 11:26:34,831 - INFO - Processed Batch [967/967] ...
2026-06-11 11:26:34,966 - INFO - ==================================================
2026-06-11 11:26:34,966 - INFO - Inference completed successfully!
2026-06-11 11:26:34,966 - INFO - Detailed pseudo-labels saved to: runs/pseudo/2/pseudo_labels.csv
