2026-06-08 14:07:21,690 - INFO - ==================================================
2026-06-08 14:07:21,690 - INFO - Experiment Started. Results saved to runs/train/dino_super_aug6
2026-06-08 14:07:21,691 - INFO - ==================================================
2026-06-08 14:07:21,691 - INFO - HYPERPARAMETERS:
2026-06-08 14:07:21,691 - INFO -   data_path: /root/autodl-tmp/data/train_few_shot/
2026-06-08 14:07:21,691 - INFO -   weight_path: /root/autodl-tmp/weights/dinov2_small.bin
2026-06-08 14:07:21,691 - INFO -   name: dino_super_aug
2026-06-08 14:07:21,691 - INFO -   batch_size: 16
2026-06-08 14:07:21,691 - INFO -   epochs: 100
2026-06-08 14:07:21,691 - INFO -   lr: 0.0005
2026-06-08 14:07:21,691 - INFO -   seed: 42
2026-06-08 14:07:21,691 - INFO -   val_split: 0.15
2026-06-08 14:07:21,691 - INFO -   num_workers: 4
2026-06-08 14:07:21,691 - INFO -   lora_r: 8
2026-06-08 14:07:21,691 - INFO -   lora_alpha: 16
2026-06-08 14:07:21,691 - INFO -   lora_dropout: 0.1
2026-06-08 14:07:21,691 - INFO -   no_hflip: False
2026-06-08 14:07:21,691 - INFO -   no_vflip: False
2026-06-08 14:07:21,691 - INFO -   rotate_deg: 15.0
2026-06-08 14:07:21,691 - INFO -   rotate_pad_mode: reflect
2026-06-08 14:07:21,691 - INFO -   color_jitter: 0.2
2026-06-08 14:07:21,691 - INFO -   mixup_alpha: 0.8
2026-06-08 14:07:21,691 - INFO - ==================================================
2026-06-08 14:07:21,691 - INFO - DATA AUGMENTATION SETTINGS:
2026-06-08 14:07:21,691 - INFO -   Horizontal Flip : Enabled
2026-06-08 14:07:21,691 - INFO -   Vertical Flip   : Enabled
2026-06-08 14:07:21,691 - INFO -   Rotation        : Random [-15.0, +15.0] degrees (Pad Mode: reflect)
2026-06-08 14:07:21,691 - INFO -   Color Jitter    : Enabled (Brightness/Contrast: 0.2, Saturation: Disabled)
2026-06-08 14:07:21,691 - INFO -   MixUp           : Enabled (Alpha: 0.8)
2026-06-08 14:07:21,691 - INFO - ==================================================
2026-06-08 14:07:21,692 - INFO - Loading dataset and applying Stratified Split...
2026-06-08 14:07:21,694 - INFO - Train size: 212 | Val size: 38
2026-06-08 14:07:22,168 - INFO - Trainable Parameters: 149381 / 22207498 (0.6727%)
2026-06-08 14:07:25,208 - INFO - Epoch [01/100] | Train Loss: 1.8234 | Val Loss: 1.6346 | Macro-F1: 0.2255 | Balanced Acc: 0.2929
2026-06-08 14:07:25,336 - INFO - --> Saved new best model with Macro-F1: 0.2255
2026-06-08 14:07:27,969 - INFO - Epoch [02/100] | Train Loss: 1.6572 | Val Loss: 1.5518 | Macro-F1: 0.3751 | Balanced Acc: 0.4250
2026-06-08 14:07:28,209 - INFO - --> Saved new best model with Macro-F1: 0.3751
2026-06-08 14:07:30,893 - INFO - Epoch [03/100] | Train Loss: 1.4974 | Val Loss: 1.4434 | Macro-F1: 0.4041 | Balanced Acc: 0.4500
2026-06-08 14:07:31,146 - INFO - --> Saved new best model with Macro-F1: 0.4041
2026-06-08 14:07:33,835 - INFO - Epoch [04/100] | Train Loss: 1.5024 | Val Loss: 1.4061 | Macro-F1: 0.4424 | Balanced Acc: 0.4536
2026-06-08 14:07:34,069 - INFO - --> Saved new best model with Macro-F1: 0.4424
2026-06-08 14:07:36,774 - INFO - Epoch [05/100] | Train Loss: 1.3833 | Val Loss: 1.4914 | Macro-F1: 0.2201 | Balanced Acc: 0.2821
2026-06-08 14:07:39,478 - INFO - Epoch [06/100] | Train Loss: 1.3660 | Val Loss: 1.3518 | Macro-F1: 0.4000 | Balanced Acc: 0.4214
2026-06-08 14:07:42,183 - INFO - Epoch [07/100] | Train Loss: 1.3013 | Val Loss: 1.3952 | Macro-F1: 0.2950 | Balanced Acc: 0.3393
2026-06-08 14:07:44,860 - INFO - Epoch [08/100] | Train Loss: 1.3255 | Val Loss: 1.4496 | Macro-F1: 0.4130 | Balanced Acc: 0.4179
2026-06-08 14:07:47,530 - INFO - Epoch [09/100] | Train Loss: 1.2094 | Val Loss: 1.4393 | Macro-F1: 0.4066 | Balanced Acc: 0.4143
2026-06-08 14:07:50,220 - INFO - Epoch [10/100] | Train Loss: 1.2129 | Val Loss: 1.2096 | Macro-F1: 0.5258 | Balanced Acc: 0.5250
2026-06-08 14:07:50,451 - INFO - --> Saved new best model with Macro-F1: 0.5258
2026-06-08 14:07:53,113 - INFO - Epoch [11/100] | Train Loss: 1.1734 | Val Loss: 1.3207 | Macro-F1: 0.4200 | Balanced Acc: 0.4464
2026-06-08 14:07:55,839 - INFO - Epoch [12/100] | Train Loss: 1.1550 | Val Loss: 1.2009 | Macro-F1: 0.4966 | Balanced Acc: 0.5071
2026-06-08 14:07:58,509 - INFO - Epoch [13/100] | Train Loss: 1.2610 | Val Loss: 1.1997 | Macro-F1: 0.4870 | Balanced Acc: 0.5036
2026-06-08 14:08:01,197 - INFO - Epoch [14/100] | Train Loss: 1.1122 | Val Loss: 1.2668 | Macro-F1: 0.4600 | Balanced Acc: 0.4750
2026-06-08 14:08:03,889 - INFO - Epoch [15/100] | Train Loss: 1.0699 | Val Loss: 1.3099 | Macro-F1: 0.4091 | Balanced Acc: 0.4500
2026-06-08 14:08:06,606 - INFO - Epoch [16/100] | Train Loss: 1.0639 | Val Loss: 1.3450 | Macro-F1: 0.4266 | Balanced Acc: 0.4393
2026-06-08 14:08:09,315 - INFO - Epoch [17/100] | Train Loss: 1.0340 | Val Loss: 1.2123 | Macro-F1: 0.5246 | Balanced Acc: 0.5179
2026-06-08 14:08:11,983 - INFO - Epoch [18/100] | Train Loss: 1.0443 | Val Loss: 1.2982 | Macro-F1: 0.5139 | Balanced Acc: 0.5179
2026-06-08 14:08:14,680 - INFO - Epoch [19/100] | Train Loss: 1.1953 | Val Loss: 1.3248 | Macro-F1: 0.4260 | Balanced Acc: 0.4679
2026-06-08 14:08:17,360 - INFO - Epoch [20/100] | Train Loss: 1.0091 | Val Loss: 1.2438 | Macro-F1: 0.4922 | Balanced Acc: 0.5250
2026-06-08 14:08:20,086 - INFO - Epoch [21/100] | Train Loss: 0.8822 | Val Loss: 1.1694 | Macro-F1: 0.5286 | Balanced Acc: 0.5714
2026-06-08 14:08:20,354 - INFO - --> Saved new best model with Macro-F1: 0.5286
2026-06-08 14:08:23,063 - INFO - Epoch [22/100] | Train Loss: 1.1740 | Val Loss: 1.1274 | Macro-F1: 0.5598 | Balanced Acc: 0.5750
2026-06-08 14:08:23,251 - INFO - --> Saved new best model with Macro-F1: 0.5598
2026-06-08 14:08:25,933 - INFO - Epoch [23/100] | Train Loss: 0.8599 | Val Loss: 1.1077 | Macro-F1: 0.6318 | Balanced Acc: 0.6357
2026-06-08 14:08:26,140 - INFO - --> Saved new best model with Macro-F1: 0.6318
2026-06-08 14:08:28,832 - INFO - Epoch [24/100] | Train Loss: 1.1287 | Val Loss: 1.3264 | Macro-F1: 0.4294 | Balanced Acc: 0.4964
2026-06-08 14:08:31,524 - INFO - Epoch [25/100] | Train Loss: 0.9676 | Val Loss: 1.1914 | Macro-F1: 0.3984 | Balanced Acc: 0.4714
2026-06-08 14:08:34,194 - INFO - Epoch [26/100] | Train Loss: 0.7378 | Val Loss: 1.1402 | Macro-F1: 0.5918 | Balanced Acc: 0.6071
2026-06-08 14:08:36,869 - INFO - Epoch [27/100] | Train Loss: 1.0879 | Val Loss: 1.1402 | Macro-F1: 0.6910 | Balanced Acc: 0.6929
2026-06-08 14:08:37,108 - INFO - --> Saved new best model with Macro-F1: 0.6910
2026-06-08 14:08:39,824 - INFO - Epoch [28/100] | Train Loss: 0.9458 | Val Loss: 1.1901 | Macro-F1: 0.5792 | Balanced Acc: 0.6000
2026-06-08 14:08:42,465 - INFO - Epoch [29/100] | Train Loss: 0.9471 | Val Loss: 1.0438 | Macro-F1: 0.7184 | Balanced Acc: 0.7179
2026-06-08 14:08:42,659 - INFO - --> Saved new best model with Macro-F1: 0.7184
2026-06-08 14:08:45,352 - INFO - Epoch [30/100] | Train Loss: 1.0093 | Val Loss: 1.1537 | Macro-F1: 0.5002 | Balanced Acc: 0.5393
2026-06-08 14:08:48,068 - INFO - Epoch [31/100] | Train Loss: 0.8850 | Val Loss: 1.1647 | Macro-F1: 0.5006 | Balanced Acc: 0.5107
2026-06-08 14:08:50,773 - INFO - Epoch [32/100] | Train Loss: 1.0541 | Val Loss: 1.2867 | Macro-F1: 0.5203 | Balanced Acc: 0.5321
2026-06-08 14:08:53,490 - INFO - Epoch [33/100] | Train Loss: 0.9096 | Val Loss: 1.2367 | Macro-F1: 0.3733 | Balanced Acc: 0.3821
2026-06-08 14:08:56,208 - INFO - Epoch [34/100] | Train Loss: 1.0196 | Val Loss: 1.4148 | Macro-F1: 0.3793 | Balanced Acc: 0.4286
2026-06-08 14:08:58,869 - INFO - Epoch [35/100] | Train Loss: 0.9494 | Val Loss: 1.1699 | Macro-F1: 0.5221 | Balanced Acc: 0.5500
2026-06-08 14:09:01,583 - INFO - Epoch [36/100] | Train Loss: 0.8712 | Val Loss: 1.1632 | Macro-F1: 0.5503 | Balanced Acc: 0.5750
2026-06-08 14:09:04,296 - INFO - Epoch [37/100] | Train Loss: 0.8346 | Val Loss: 1.1727 | Macro-F1: 0.5124 | Balanced Acc: 0.5679
2026-06-08 14:09:06,966 - INFO - Epoch [38/100] | Train Loss: 0.8284 | Val Loss: 1.0375 | Macro-F1: 0.5812 | Balanced Acc: 0.6214
2026-06-08 14:09:09,632 - INFO - Epoch [39/100] | Train Loss: 0.8200 | Val Loss: 1.0350 | Macro-F1: 0.6641 | Balanced Acc: 0.6786
2026-06-08 14:09:12,299 - INFO - Epoch [40/100] | Train Loss: 0.9355 | Val Loss: 1.0032 | Macro-F1: 0.7157 | Balanced Acc: 0.7107
2026-06-08 14:09:14,962 - INFO - Epoch [41/100] | Train Loss: 0.8035 | Val Loss: 1.1214 | Macro-F1: 0.6397 | Balanced Acc: 0.6536
2026-06-08 14:09:17,617 - INFO - Epoch [42/100] | Train Loss: 0.8659 | Val Loss: 1.1517 | Macro-F1: 0.5459 | Balanced Acc: 0.5464
2026-06-08 14:09:20,335 - INFO - Epoch [43/100] | Train Loss: 0.8228 | Val Loss: 1.2167 | Macro-F1: 0.5658 | Balanced Acc: 0.5750
2026-06-08 14:09:23,002 - INFO - Epoch [44/100] | Train Loss: 0.8592 | Val Loss: 1.1786 | Macro-F1: 0.4025 | Balanced Acc: 0.4179
2026-06-08 14:09:25,657 - INFO - Epoch [45/100] | Train Loss: 0.9658 | Val Loss: 1.0072 | Macro-F1: 0.5612 | Balanced Acc: 0.5500
2026-06-08 14:09:28,342 - INFO - Epoch [46/100] | Train Loss: 0.9219 | Val Loss: 1.0824 | Macro-F1: 0.6516 | Balanced Acc: 0.6536
2026-06-08 14:09:31,033 - INFO - Epoch [47/100] | Train Loss: 0.7924 | Val Loss: 1.0232 | Macro-F1: 0.6558 | Balanced Acc: 0.6536
2026-06-08 14:09:33,718 - INFO - Epoch [48/100] | Train Loss: 0.6517 | Val Loss: 1.2255 | Macro-F1: 0.5076 | Balanced Acc: 0.5250
2026-06-08 14:09:36,408 - INFO - Epoch [49/100] | Train Loss: 0.9549 | Val Loss: 1.2343 | Macro-F1: 0.5192 | Balanced Acc: 0.5321
2026-06-08 14:09:39,084 - INFO - Epoch [50/100] | Train Loss: 0.7551 | Val Loss: 1.2073 | Macro-F1: 0.6666 | Balanced Acc: 0.6643
2026-06-08 14:09:41,795 - INFO - Epoch [51/100] | Train Loss: 0.6839 | Val Loss: 1.1672 | Macro-F1: 0.5084 | Balanced Acc: 0.5286
2026-06-08 14:09:44,509 - INFO - Epoch [52/100] | Train Loss: 0.7949 | Val Loss: 1.0895 | Macro-F1: 0.6447 | Balanced Acc: 0.6321
2026-06-08 14:09:47,266 - INFO - Epoch [53/100] | Train Loss: 0.9815 | Val Loss: 1.1075 | Macro-F1: 0.5944 | Balanced Acc: 0.5964
2026-06-08 14:09:49,971 - INFO - Epoch [54/100] | Train Loss: 0.7735 | Val Loss: 1.1716 | Macro-F1: 0.5497 | Balanced Acc: 0.5750
2026-06-08 14:09:52,653 - INFO - Epoch [55/100] | Train Loss: 0.9005 | Val Loss: 1.2149 | Macro-F1: 0.4985 | Balanced Acc: 0.5036
2026-06-08 14:09:55,348 - INFO - Epoch [56/100] | Train Loss: 0.6494 | Val Loss: 1.1207 | Macro-F1: 0.5529 | Balanced Acc: 0.5464
2026-06-08 14:09:58,016 - INFO - Epoch [57/100] | Train Loss: 0.8150 | Val Loss: 1.1343 | Macro-F1: 0.6437 | Balanced Acc: 0.6321
2026-06-08 14:10:00,734 - INFO - Epoch [58/100] | Train Loss: 0.6732 | Val Loss: 1.1303 | Macro-F1: 0.5736 | Balanced Acc: 0.5857
2026-06-08 14:10:03,439 - INFO - Epoch [59/100] | Train Loss: 0.7153 | Val Loss: 1.1094 | Macro-F1: 0.6118 | Balanced Acc: 0.6036
2026-06-08 14:10:06,137 - INFO - Epoch [60/100] | Train Loss: 0.7805 | Val Loss: 1.1303 | Macro-F1: 0.5231 | Balanced Acc: 0.5571
2026-06-08 14:10:08,848 - INFO - Epoch [61/100] | Train Loss: 0.7234 | Val Loss: 1.2024 | Macro-F1: 0.4820 | Balanced Acc: 0.4964
2026-06-08 14:10:11,554 - INFO - Epoch [62/100] | Train Loss: 0.7865 | Val Loss: 1.0723 | Macro-F1: 0.5599 | Balanced Acc: 0.5500
2026-06-08 14:10:14,248 - INFO - Epoch [63/100] | Train Loss: 0.6038 | Val Loss: 1.1653 | Macro-F1: 0.6235 | Balanced Acc: 0.6286
2026-06-08 14:10:16,954 - INFO - Epoch [64/100] | Train Loss: 0.7565 | Val Loss: 1.2641 | Macro-F1: 0.6314 | Balanced Acc: 0.6321
2026-06-08 14:10:19,664 - INFO - Epoch [65/100] | Train Loss: 0.7254 | Val Loss: 1.2420 | Macro-F1: 0.5835 | Balanced Acc: 0.5750
2026-06-08 14:10:22,351 - INFO - Epoch [66/100] | Train Loss: 0.6899 | Val Loss: 1.2036 | Macro-F1: 0.5866 | Balanced Acc: 0.5821
2026-06-08 14:10:25,057 - INFO - Epoch [67/100] | Train Loss: 0.5385 | Val Loss: 1.3398 | Macro-F1: 0.4831 | Balanced Acc: 0.5214
2026-06-08 14:10:27,744 - INFO - Epoch [68/100] | Train Loss: 0.8243 | Val Loss: 1.1688 | Macro-F1: 0.6063 | Balanced Acc: 0.6036
2026-06-08 14:10:30,420 - INFO - Epoch [69/100] | Train Loss: 0.9368 | Val Loss: 1.1957 | Macro-F1: 0.6605 | Balanced Acc: 0.6536
2026-06-08 14:10:33,111 - INFO - Epoch [70/100] | Train Loss: 0.8049 | Val Loss: 1.2664 | Macro-F1: 0.5464 | Balanced Acc: 0.5500
2026-06-08 14:10:35,825 - INFO - Epoch [71/100] | Train Loss: 0.6020 | Val Loss: 1.3322 | Macro-F1: 0.5135 | Balanced Acc: 0.5250
2026-06-08 14:10:38,524 - INFO - Epoch [72/100] | Train Loss: 0.7053 | Val Loss: 1.3470 | Macro-F1: 0.5231 | Balanced Acc: 0.5571
2026-06-08 14:10:41,292 - INFO - Epoch [73/100] | Train Loss: 0.7595 | Val Loss: 1.1270 | Macro-F1: 0.5442 | Balanced Acc: 0.5536
2026-06-08 14:10:44,010 - INFO - Epoch [74/100] | Train Loss: 0.7341 | Val Loss: 1.2451 | Macro-F1: 0.4965 | Balanced Acc: 0.4929
2026-06-08 14:10:46,665 - INFO - Epoch [75/100] | Train Loss: 0.6270 | Val Loss: 1.2861 | Macro-F1: 0.5390 | Balanced Acc: 0.5643
2026-06-08 14:10:49,332 - INFO - Epoch [76/100] | Train Loss: 0.8240 | Val Loss: 1.1517 | Macro-F1: 0.6359 | Balanced Acc: 0.6357
2026-06-08 14:10:52,010 - INFO - Epoch [77/100] | Train Loss: 0.9846 | Val Loss: 1.1071 | Macro-F1: 0.6429 | Balanced Acc: 0.6536
2026-06-08 14:10:54,743 - INFO - Epoch [78/100] | Train Loss: 0.7887 | Val Loss: 1.1125 | Macro-F1: 0.5071 | Balanced Acc: 0.5214
2026-06-08 14:10:57,448 - INFO - Epoch [79/100] | Train Loss: 0.7834 | Val Loss: 1.1166 | Macro-F1: 0.6128 | Balanced Acc: 0.6107
2026-06-08 14:11:00,160 - INFO - Epoch [80/100] | Train Loss: 0.7382 | Val Loss: 1.0947 | Macro-F1: 0.6547 | Balanced Acc: 0.6571
2026-06-08 14:11:02,862 - INFO - Epoch [81/100] | Train Loss: 0.8390 | Val Loss: 1.2071 | Macro-F1: 0.5428 | Balanced Acc: 0.5536
2026-06-08 14:11:05,565 - INFO - Epoch [82/100] | Train Loss: 0.7902 | Val Loss: 1.1189 | Macro-F1: 0.5781 | Balanced Acc: 0.5786
2026-06-08 14:11:08,298 - INFO - Epoch [83/100] | Train Loss: 0.7801 | Val Loss: 1.2109 | Macro-F1: 0.5080 | Balanced Acc: 0.5000
2026-06-08 14:11:10,976 - INFO - Epoch [84/100] | Train Loss: 0.7944 | Val Loss: 1.3250 | Macro-F1: 0.3858 | Balanced Acc: 0.3893
2026-06-08 14:11:13,691 - INFO - Epoch [85/100] | Train Loss: 0.6994 | Val Loss: 1.3499 | Macro-F1: 0.6077 | Balanced Acc: 0.6071
2026-06-08 14:11:16,337 - INFO - Epoch [86/100] | Train Loss: 0.7213 | Val Loss: 1.3288 | Macro-F1: 0.5072 | Balanced Acc: 0.5036
2026-06-08 14:11:19,061 - INFO - Epoch [87/100] | Train Loss: 0.7941 | Val Loss: 1.4690 | Macro-F1: 0.3980 | Balanced Acc: 0.4179
2026-06-08 14:11:21,744 - INFO - Epoch [88/100] | Train Loss: 0.7260 | Val Loss: 1.1550 | Macro-F1: 0.5281 | Balanced Acc: 0.5250
2026-06-08 14:11:24,405 - INFO - Epoch [89/100] | Train Loss: 0.7353 | Val Loss: 1.0812 | Macro-F1: 0.6315 | Balanced Acc: 0.6357
2026-06-08 14:11:27,125 - INFO - Epoch [90/100] | Train Loss: 0.6343 | Val Loss: 1.1273 | Macro-F1: 0.5389 | Balanced Acc: 0.5571
2026-06-08 14:11:29,835 - INFO - Epoch [91/100] | Train Loss: 0.8408 | Val Loss: 1.2082 | Macro-F1: 0.5810 | Balanced Acc: 0.5750
2026-06-08 14:11:32,546 - INFO - Epoch [92/100] | Train Loss: 0.7549 | Val Loss: 1.3238 | Macro-F1: 0.6018 | Balanced Acc: 0.6000
2026-06-08 14:11:35,281 - INFO - Epoch [93/100] | Train Loss: 0.7992 | Val Loss: 1.1809 | Macro-F1: 0.6622 | Balanced Acc: 0.6571
2026-06-08 14:11:37,980 - INFO - Epoch [94/100] | Train Loss: 0.6410 | Val Loss: 1.1613 | Macro-F1: 0.6326 | Balanced Acc: 0.6321
2026-06-08 14:11:40,703 - INFO - Epoch [95/100] | Train Loss: 0.8712 | Val Loss: 1.1935 | Macro-F1: 0.5145 | Balanced Acc: 0.5286
2026-06-08 14:11:43,386 - INFO - Epoch [96/100] | Train Loss: 0.7110 | Val Loss: 1.2990 | Macro-F1: 0.5103 | Balanced Acc: 0.5286
2026-06-08 14:11:46,096 - INFO - Epoch [97/100] | Train Loss: 0.8303 | Val Loss: 1.2770 | Macro-F1: 0.4640 | Balanced Acc: 0.4750
2026-06-08 14:11:48,816 - INFO - Epoch [98/100] | Train Loss: 0.7450 | Val Loss: 1.1725 | Macro-F1: 0.5205 | Balanced Acc: 0.5214
2026-06-08 14:11:51,532 - INFO - Epoch [99/100] | Train Loss: 0.7771 | Val Loss: 1.1979 | Macro-F1: 0.4970 | Balanced Acc: 0.5000
2026-06-08 14:11:54,257 - INFO - Epoch [100/100] | Train Loss: 0.8401 | Val Loss: 1.1541 | Macro-F1: 0.5488 | Balanced Acc: 0.5571
2026-06-08 14:11:54,349 - INFO - Training completed. Last model saved.
