2026-06-10 17:01:15,797 - INFO - 
--- Preparing Fold 6/7 ---
2026-06-10 17:01:16,130 - INFO - === Starting Training for Fold 6 ===
2026-06-10 17:01:18,558 - INFO - [Fold 6] Epoch [01/90] | LR: 8.00e-04 | Train Loss: 1.8263 | Val Loss: 1.6143 | F1: 0.3564 | B-Acc: 0.4600
2026-06-10 17:01:18,679 - INFO - [Fold 6] --> Saved new best model (F1: 0.3564)
2026-06-10 17:01:21,197 - INFO - [Fold 6] Epoch [02/90] | LR: 8.00e-04 | Train Loss: 1.8036 | Val Loss: 1.6594 | F1: 0.2204 | B-Acc: 0.2200
2026-06-10 17:01:23,555 - INFO - [Fold 6] Epoch [03/90] | LR: 7.99e-04 | Train Loss: 1.7045 | Val Loss: 1.5409 | F1: 0.3166 | B-Acc: 0.3600
2026-06-10 17:01:25,929 - INFO - [Fold 6] Epoch [04/90] | LR: 7.98e-04 | Train Loss: 1.6525 | Val Loss: 1.5940 | F1: 0.1735 | B-Acc: 0.2733
2026-06-10 17:01:28,296 - INFO - [Fold 6] Epoch [05/90] | LR: 7.96e-04 | Train Loss: 1.6967 | Val Loss: 1.6313 | F1: 0.1436 | B-Acc: 0.2467
2026-06-10 17:01:30,683 - INFO - [Fold 6] Epoch [06/90] | LR: 7.94e-04 | Train Loss: 1.6941 | Val Loss: 1.6608 | F1: 0.1579 | B-Acc: 0.2133
2026-06-10 17:01:33,097 - INFO - [Fold 6] Epoch [07/90] | LR: 7.91e-04 | Train Loss: 1.6023 | Val Loss: 1.4210 | F1: 0.2914 | B-Acc: 0.3000
2026-06-10 17:01:35,484 - INFO - [Fold 6] Epoch [08/90] | LR: 7.88e-04 | Train Loss: 1.7962 | Val Loss: 1.5401 | F1: 0.3600 | B-Acc: 0.4133
2026-06-10 17:01:35,700 - INFO - [Fold 6] --> Saved new best model (F1: 0.3600)
2026-06-10 17:01:38,144 - INFO - [Fold 6] Epoch [09/90] | LR: 7.85e-04 | Train Loss: 1.6020 | Val Loss: 1.4295 | F1: 0.2889 | B-Acc: 0.3200
2026-06-10 17:01:40,503 - INFO - [Fold 6] Epoch [10/90] | LR: 7.80e-04 | Train Loss: 1.5287 | Val Loss: 1.3543 | F1: 0.3854 | B-Acc: 0.4067
2026-06-10 17:01:40,653 - INFO - [Fold 6] --> Saved new best model (F1: 0.3854)
2026-06-10 17:01:43,065 - INFO - [Fold 6] Epoch [11/90] | LR: 7.76e-04 | Train Loss: 1.5642 | Val Loss: 1.3020 | F1: 0.6007 | B-Acc: 0.5933
2026-06-10 17:01:43,247 - INFO - [Fold 6] --> Saved new best model (F1: 0.6007)
2026-06-10 17:01:45,677 - INFO - [Fold 6] Epoch [12/90] | LR: 7.71e-04 | Train Loss: 1.5018 | Val Loss: 1.4069 | F1: 0.2456 | B-Acc: 0.3333
2026-06-10 17:01:48,083 - INFO - [Fold 6] Epoch [13/90] | LR: 7.65e-04 | Train Loss: 1.4972 | Val Loss: 1.3008 | F1: 0.4398 | B-Acc: 0.4600
2026-06-10 17:01:50,441 - INFO - [Fold 6] Epoch [14/90] | LR: 7.60e-04 | Train Loss: 1.4034 | Val Loss: 1.2491 | F1: 0.4556 | B-Acc: 0.4933
2026-06-10 17:01:52,861 - INFO - [Fold 6] Epoch [15/90] | LR: 7.53e-04 | Train Loss: 1.3333 | Val Loss: 1.2480 | F1: 0.4466 | B-Acc: 0.4867
2026-06-10 17:01:55,267 - INFO - [Fold 6] Epoch [16/90] | LR: 7.46e-04 | Train Loss: 1.6050 | Val Loss: 1.3333 | F1: 0.3422 | B-Acc: 0.3533
2026-06-10 17:01:57,731 - INFO - [Fold 6] Epoch [17/90] | LR: 7.39e-04 | Train Loss: 1.3415 | Val Loss: 1.2480 | F1: 0.4583 | B-Acc: 0.5067
2026-06-10 17:02:00,063 - INFO - [Fold 6] Epoch [18/90] | LR: 7.32e-04 | Train Loss: 1.3219 | Val Loss: 1.3678 | F1: 0.3456 | B-Acc: 0.3800
2026-06-10 17:02:02,418 - INFO - [Fold 6] Epoch [19/90] | LR: 7.24e-04 | Train Loss: 1.4166 | Val Loss: 1.2358 | F1: 0.4499 | B-Acc: 0.4267
2026-06-10 17:02:04,788 - INFO - [Fold 6] Epoch [20/90] | LR: 7.15e-04 | Train Loss: 1.2339 | Val Loss: 1.1769 | F1: 0.5190 | B-Acc: 0.5400
2026-06-10 17:02:07,200 - INFO - [Fold 6] Epoch [21/90] | LR: 7.07e-04 | Train Loss: 1.2902 | Val Loss: 1.3006 | F1: 0.3720 | B-Acc: 0.4267
2026-06-10 17:02:09,731 - INFO - [Fold 6] Epoch [22/90] | LR: 6.97e-04 | Train Loss: 1.2102 | Val Loss: 1.2153 | F1: 0.4899 | B-Acc: 0.4933
2026-06-10 17:02:12,161 - INFO - [Fold 6] Epoch [23/90] | LR: 6.88e-04 | Train Loss: 1.1783 | Val Loss: 1.4268 | F1: 0.4532 | B-Acc: 0.4667
2026-06-10 17:02:14,587 - INFO - [Fold 6] Epoch [24/90] | LR: 6.78e-04 | Train Loss: 1.2633 | Val Loss: 1.1326 | F1: 0.4621 | B-Acc: 0.5267
2026-06-10 17:02:17,022 - INFO - [Fold 6] Epoch [25/90] | LR: 6.68e-04 | Train Loss: 1.2674 | Val Loss: 1.1730 | F1: 0.4463 | B-Acc: 0.5000
2026-06-10 17:02:19,410 - INFO - [Fold 6] Epoch [26/90] | LR: 6.57e-04 | Train Loss: 1.1626 | Val Loss: 1.4555 | F1: 0.3685 | B-Acc: 0.3933
2026-06-10 17:02:21,817 - INFO - [Fold 6] Epoch [27/90] | LR: 6.46e-04 | Train Loss: 1.2469 | Val Loss: 1.2626 | F1: 0.5008 | B-Acc: 0.5000
2026-06-10 17:02:24,205 - INFO - [Fold 6] Epoch [28/90] | LR: 6.35e-04 | Train Loss: 1.2311 | Val Loss: 1.2682 | F1: 0.4935 | B-Acc: 0.5000
2026-06-10 17:02:26,667 - INFO - [Fold 6] Epoch [29/90] | LR: 6.24e-04 | Train Loss: 1.2417 | Val Loss: 1.4503 | F1: 0.3470 | B-Acc: 0.4067
2026-06-10 17:02:29,117 - INFO - [Fold 6] Epoch [30/90] | LR: 6.12e-04 | Train Loss: 1.1380 | Val Loss: 1.2380 | F1: 0.3520 | B-Acc: 0.4133
2026-06-10 17:02:31,513 - INFO - [Fold 6] Epoch [31/90] | LR: 6.00e-04 | Train Loss: 1.2155 | Val Loss: 1.2096 | F1: 0.5516 | B-Acc: 0.5800
2026-06-10 17:02:33,966 - INFO - [Fold 6] Epoch [32/90] | LR: 5.88e-04 | Train Loss: 1.2482 | Val Loss: 1.4449 | F1: 0.3840 | B-Acc: 0.3533
2026-06-10 17:02:36,518 - INFO - [Fold 6] Epoch [33/90] | LR: 5.76e-04 | Train Loss: 1.2072 | Val Loss: 1.2768 | F1: 0.4407 | B-Acc: 0.4867
2026-06-10 17:02:39,058 - INFO - [Fold 6] Epoch [34/90] | LR: 5.63e-04 | Train Loss: 1.1099 | Val Loss: 1.3098 | F1: 0.3682 | B-Acc: 0.4200
2026-06-10 17:02:41,528 - INFO - [Fold 6] Epoch [35/90] | LR: 5.50e-04 | Train Loss: 1.0953 | Val Loss: 1.1683 | F1: 0.4790 | B-Acc: 0.4667
2026-06-10 17:02:44,030 - INFO - [Fold 6] Epoch [36/90] | LR: 5.37e-04 | Train Loss: 1.0426 | Val Loss: 1.3916 | F1: 0.4070 | B-Acc: 0.4267
2026-06-10 17:02:46,555 - INFO - [Fold 6] Epoch [37/90] | LR: 5.24e-04 | Train Loss: 1.1861 | Val Loss: 1.1052 | F1: 0.5110 | B-Acc: 0.4933
2026-06-10 17:02:49,101 - INFO - [Fold 6] Epoch [38/90] | LR: 5.11e-04 | Train Loss: 1.0433 | Val Loss: 1.2483 | F1: 0.5167 | B-Acc: 0.5400
2026-06-10 17:02:51,537 - INFO - [Fold 6] Epoch [39/90] | LR: 4.97e-04 | Train Loss: 1.0109 | Val Loss: 1.1476 | F1: 0.5040 | B-Acc: 0.5000
2026-06-10 17:02:53,921 - INFO - [Fold 6] Epoch [40/90] | LR: 4.84e-04 | Train Loss: 1.0805 | Val Loss: 1.1620 | F1: 0.4312 | B-Acc: 0.4600
2026-06-10 17:02:56,400 - INFO - [Fold 6] Epoch [41/90] | LR: 4.70e-04 | Train Loss: 1.0362 | Val Loss: 1.1662 | F1: 0.4875 | B-Acc: 0.5067
2026-06-10 17:02:58,800 - INFO - [Fold 6] Epoch [42/90] | LR: 4.56e-04 | Train Loss: 1.0872 | Val Loss: 1.0402 | F1: 0.5431 | B-Acc: 0.5733
2026-06-10 17:03:01,217 - INFO - [Fold 6] Epoch [43/90] | LR: 4.42e-04 | Train Loss: 1.0731 | Val Loss: 1.3249 | F1: 0.3577 | B-Acc: 0.4200
2026-06-10 17:03:03,632 - INFO - [Fold 6] Epoch [44/90] | LR: 4.28e-04 | Train Loss: 1.1299 | Val Loss: 1.2137 | F1: 0.5432 | B-Acc: 0.5333
2026-06-10 17:03:06,073 - INFO - [Fold 6] Epoch [45/90] | LR: 4.14e-04 | Train Loss: 1.0821 | Val Loss: 1.1579 | F1: 0.4745 | B-Acc: 0.5067
2026-06-10 17:03:08,467 - INFO - [Fold 6] Epoch [46/90] | LR: 4.00e-04 | Train Loss: 1.0000 | Val Loss: 1.0646 | F1: 0.5139 | B-Acc: 0.5400
2026-06-10 17:03:10,894 - INFO - [Fold 6] Epoch [47/90] | LR: 3.87e-04 | Train Loss: 1.0623 | Val Loss: 1.2877 | F1: 0.4452 | B-Acc: 0.4267
2026-06-10 17:03:13,409 - INFO - [Fold 6] Epoch [48/90] | LR: 3.73e-04 | Train Loss: 1.0382 | Val Loss: 1.1463 | F1: 0.4767 | B-Acc: 0.5000
2026-06-10 17:03:15,926 - INFO - [Fold 6] Epoch [49/90] | LR: 3.59e-04 | Train Loss: 0.8396 | Val Loss: 1.1894 | F1: 0.4693 | B-Acc: 0.5000
2026-06-10 17:03:18,367 - INFO - [Fold 6] Epoch [50/90] | LR: 3.45e-04 | Train Loss: 0.9598 | Val Loss: 1.1575 | F1: 0.4858 | B-Acc: 0.5000
2026-06-10 17:03:20,861 - INFO - [Fold 6] Epoch [51/90] | LR: 3.31e-04 | Train Loss: 0.9988 | Val Loss: 1.2351 | F1: 0.4756 | B-Acc: 0.5000
2026-06-10 17:03:23,248 - INFO - [Fold 6] Epoch [52/90] | LR: 3.17e-04 | Train Loss: 0.8900 | Val Loss: 1.0832 | F1: 0.4473 | B-Acc: 0.4733
2026-06-10 17:03:25,744 - INFO - [Fold 6] Epoch [53/90] | LR: 3.04e-04 | Train Loss: 1.0998 | Val Loss: 1.1035 | F1: 0.6032 | B-Acc: 0.5733
2026-06-10 17:03:25,900 - INFO - [Fold 6] --> Saved new best model (F1: 0.6032)
2026-06-10 17:03:28,370 - INFO - [Fold 6] Epoch [54/90] | LR: 2.90e-04 | Train Loss: 1.0363 | Val Loss: 1.1094 | F1: 0.4762 | B-Acc: 0.4733
2026-06-10 17:03:30,759 - INFO - [Fold 6] Epoch [55/90] | LR: 2.77e-04 | Train Loss: 0.9374 | Val Loss: 1.2613 | F1: 0.5049 | B-Acc: 0.5267
2026-06-10 17:03:33,155 - INFO - [Fold 6] Epoch [56/90] | LR: 2.64e-04 | Train Loss: 1.0642 | Val Loss: 1.1998 | F1: 0.4481 | B-Acc: 0.4667
2026-06-10 17:03:35,546 - INFO - [Fold 6] Epoch [57/90] | LR: 2.51e-04 | Train Loss: 0.9263 | Val Loss: 1.1243 | F1: 0.5227 | B-Acc: 0.5000
2026-06-10 17:03:37,982 - INFO - [Fold 6] Epoch [58/90] | LR: 2.38e-04 | Train Loss: 0.7587 | Val Loss: 1.1264 | F1: 0.4644 | B-Acc: 0.4667
2026-06-10 17:03:40,343 - INFO - [Fold 6] Epoch [59/90] | LR: 2.25e-04 | Train Loss: 1.0288 | Val Loss: 1.1528 | F1: 0.5230 | B-Acc: 0.5333
2026-06-10 17:03:42,741 - INFO - [Fold 6] Epoch [60/90] | LR: 2.13e-04 | Train Loss: 0.8410 | Val Loss: 1.2303 | F1: 0.4929 | B-Acc: 0.4667
2026-06-10 17:03:45,077 - INFO - [Fold 6] Epoch [61/90] | LR: 2.01e-04 | Train Loss: 0.9076 | Val Loss: 1.1679 | F1: 0.4505 | B-Acc: 0.4600
2026-06-10 17:03:47,456 - INFO - [Fold 6] Epoch [62/90] | LR: 1.89e-04 | Train Loss: 0.8912 | Val Loss: 1.1320 | F1: 0.4619 | B-Acc: 0.4333
2026-06-10 17:03:49,885 - INFO - [Fold 6] Epoch [63/90] | LR: 1.77e-04 | Train Loss: 1.0821 | Val Loss: 1.2225 | F1: 0.4796 | B-Acc: 0.5000
2026-06-10 17:03:52,363 - INFO - [Fold 6] Epoch [64/90] | LR: 1.66e-04 | Train Loss: 0.9856 | Val Loss: 1.1644 | F1: 0.5063 | B-Acc: 0.5400
2026-06-10 17:03:54,779 - INFO - [Fold 6] Epoch [65/90] | LR: 1.55e-04 | Train Loss: 0.8710 | Val Loss: 1.1705 | F1: 0.4796 | B-Acc: 0.5000
2026-06-10 17:03:57,147 - INFO - [Fold 6] Epoch [66/90] | LR: 1.44e-04 | Train Loss: 0.8746 | Val Loss: 1.2730 | F1: 0.4733 | B-Acc: 0.5000
2026-06-10 17:03:59,495 - INFO - [Fold 6] Epoch [67/90] | LR: 1.33e-04 | Train Loss: 1.0767 | Val Loss: 1.2598 | F1: 0.5432 | B-Acc: 0.5333
2026-06-10 17:04:01,865 - INFO - [Fold 6] Epoch [68/90] | LR: 1.23e-04 | Train Loss: 0.8630 | Val Loss: 1.2396 | F1: 0.5156 | B-Acc: 0.5333
2026-06-10 17:04:04,293 - INFO - [Fold 6] Epoch [69/90] | LR: 1.13e-04 | Train Loss: 0.6756 | Val Loss: 1.1756 | F1: 0.4348 | B-Acc: 0.4667
2026-06-10 17:04:06,679 - INFO - [Fold 6] Epoch [70/90] | LR: 1.04e-04 | Train Loss: 0.8952 | Val Loss: 1.2053 | F1: 0.4143 | B-Acc: 0.3933
2026-06-10 17:04:09,042 - INFO - [Fold 6] Epoch [71/90] | LR: 9.45e-05 | Train Loss: 0.7654 | Val Loss: 1.2461 | F1: 0.4533 | B-Acc: 0.4667
2026-06-10 17:04:11,497 - INFO - [Fold 6] Epoch [72/90] | LR: 8.57e-05 | Train Loss: 0.7868 | Val Loss: 1.2803 | F1: 0.5404 | B-Acc: 0.5333
2026-06-10 17:04:13,984 - INFO - [Fold 6] Epoch [73/90] | LR: 7.73e-05 | Train Loss: 0.8381 | Val Loss: 1.2656 | F1: 0.4035 | B-Acc: 0.4267
2026-06-10 17:04:16,426 - INFO - [Fold 6] Epoch [74/90] | LR: 6.93e-05 | Train Loss: 0.7061 | Val Loss: 1.2420 | F1: 0.4045 | B-Acc: 0.4267
2026-06-10 17:04:18,906 - INFO - [Fold 6] Epoch [75/90] | LR: 6.17e-05 | Train Loss: 0.7937 | Val Loss: 1.3005 | F1: 0.4475 | B-Acc: 0.4667
2026-06-10 17:04:21,437 - INFO - [Fold 6] Epoch [76/90] | LR: 5.45e-05 | Train Loss: 0.6949 | Val Loss: 1.2840 | F1: 0.5042 | B-Acc: 0.5000
2026-06-10 17:04:23,839 - INFO - [Fold 6] Epoch [77/90] | LR: 4.78e-05 | Train Loss: 0.7787 | Val Loss: 1.2501 | F1: 0.5204 | B-Acc: 0.5000
2026-06-10 17:04:26,244 - INFO - [Fold 6] Epoch [78/90] | LR: 4.14e-05 | Train Loss: 0.7456 | Val Loss: 1.2454 | F1: 0.3977 | B-Acc: 0.4267
2026-06-10 17:04:28,734 - INFO - [Fold 6] Epoch [79/90] | LR: 3.55e-05 | Train Loss: 1.0571 | Val Loss: 1.2085 | F1: 0.4269 | B-Acc: 0.4267
2026-06-10 17:04:31,187 - INFO - [Fold 6] Epoch [80/90] | LR: 3.01e-05 | Train Loss: 0.9221 | Val Loss: 1.2457 | F1: 0.5182 | B-Acc: 0.5000
2026-06-10 17:04:33,646 - INFO - [Fold 6] Epoch [81/90] | LR: 2.51e-05 | Train Loss: 0.7115 | Val Loss: 1.2570 | F1: 0.5011 | B-Acc: 0.5000
2026-06-10 17:04:36,141 - INFO - [Fold 6] Epoch [82/90] | LR: 2.06e-05 | Train Loss: 0.8318 | Val Loss: 1.2582 | F1: 0.4544 | B-Acc: 0.4600
2026-06-10 17:04:38,581 - INFO - [Fold 6] Epoch [83/90] | LR: 1.65e-05 | Train Loss: 0.8797 | Val Loss: 1.2497 | F1: 0.4544 | B-Acc: 0.4600
2026-06-10 17:04:40,988 - INFO - [Fold 6] Epoch [84/90] | LR: 1.29e-05 | Train Loss: 0.6217 | Val Loss: 1.2405 | F1: 0.3977 | B-Acc: 0.4267
2026-06-10 17:04:43,436 - INFO - [Fold 6] Epoch [85/90] | LR: 9.73e-06 | Train Loss: 0.7420 | Val Loss: 1.2412 | F1: 0.3977 | B-Acc: 0.4267
2026-06-10 17:04:45,803 - INFO - [Fold 6] Epoch [86/90] | LR: 7.07e-06 | Train Loss: 0.9213 | Val Loss: 1.2403 | F1: 0.3980 | B-Acc: 0.4267
2026-06-10 17:04:48,217 - INFO - [Fold 6] Epoch [87/90] | LR: 4.89e-06 | Train Loss: 1.0473 | Val Loss: 1.2406 | F1: 0.3980 | B-Acc: 0.4267
2026-06-10 17:04:50,660 - INFO - [Fold 6] Epoch [88/90] | LR: 3.19e-06 | Train Loss: 0.9202 | Val Loss: 1.2401 | F1: 0.3980 | B-Acc: 0.4267
2026-06-10 17:04:53,112 - INFO - [Fold 6] Epoch [89/90] | LR: 1.97e-06 | Train Loss: 0.8664 | Val Loss: 1.2418 | F1: 0.3980 | B-Acc: 0.4267
2026-06-10 17:04:55,603 - INFO - [Fold 6] Epoch [90/90] | LR: 1.24e-06 | Train Loss: 0.8457 | Val Loss: 1.2422 | F1: 0.3980 | B-Acc: 0.4267
2026-06-10 17:04:55,732 - INFO - [Fold 6] Evaluating best validation model on Test Set...
2026-06-10 17:04:56,345 - INFO - [Fold 6] Test Set Results -> F1: 0.5554 | B-Acc: 0.5600
