2026-06-08 13:24:42,068 - INFO - ==================================================
2026-06-08 13:24:42,068 - INFO - Experiment Started. Results saved to runs/train/cnn
2026-06-08 13:24:42,068 - INFO - ==================================================
2026-06-08 13:24:42,068 - INFO - HYPERPARAMETERS:
2026-06-08 13:24:42,068 - INFO -   data_dir: /root/autodl-tmp/data/train_few_shot/
2026-06-08 13:24:42,068 - INFO -   weight_path: /root/autodl-tmp/weights/convnextv2_nano.bin
2026-06-08 13:24:42,068 - INFO -   name: cnn
2026-06-08 13:24:42,068 - INFO -   epochs: 50
2026-06-08 13:24:42,068 - INFO -   batch_size: 16
2026-06-08 13:24:42,068 - INFO -   lr: 0.001
2026-06-08 13:24:42,068 - INFO -   val_split: 0.15
2026-06-08 13:24:42,068 - INFO -   no_hflip: False
2026-06-08 13:24:42,069 - INFO -   no_vflip: False
2026-06-08 13:24:42,069 - INFO -   rotate_deg: 90.0
2026-06-08 13:24:42,069 - INFO -   color_jitter: 0.2
2026-06-08 13:24:42,069 - INFO -   mixup_alpha: 0.8
2026-06-08 13:24:42,069 - INFO - ==================================================
2026-06-08 13:24:42,069 - INFO - DATA AUGMENTATION SETTINGS:
2026-06-08 13:24:42,069 - INFO -   Horizontal Flip : Enabled
2026-06-08 13:24:42,069 - INFO -   Vertical Flip   : Enabled
2026-06-08 13:24:42,069 - INFO -   Rotation        : Random [-90.0, +90.0] degrees
2026-06-08 13:24:42,069 - INFO -   Color Jitter    : Enabled (Factor: 0.2)
2026-06-08 13:24:42,069 - INFO -   MixUp           : Enabled (Alpha: 0.8)
2026-06-08 13:24:42,069 - INFO - ==================================================
2026-06-08 13:24:42,210 - INFO - Using device: cuda
2026-06-08 13:24:42,212 - INFO - Dataset splits: 212 Train | 38 Val
2026-06-08 13:24:42,212 - INFO - Loading pre-trained ConvNeXt-V2...
2026-06-08 13:24:42,409 - INFO - Loaded weights from /root/autodl-tmp/weights/convnextv2_nano.bin
2026-06-08 13:24:42,410 - INFO - Trainable params: 4485 / 14986005 (0.0299%)
2026-06-08 13:24:47,943 - INFO - Epoch [01/50] | Train Loss: 1.7530 | Val Loss: 1.6964 | Macro-F1: 0.1924 | Balanced Acc: 0.2571
2026-06-08 13:24:48,017 - INFO - --> Saved new best model with Macro-F1: 0.1924
2026-06-08 13:24:48,525 - INFO - Epoch [02/50] | Train Loss: 1.5727 | Val Loss: 1.6184 | Macro-F1: 0.1305 | Balanced Acc: 0.1893
2026-06-08 13:24:49,137 - INFO - Epoch [03/50] | Train Loss: 1.5498 | Val Loss: 1.5703 | Macro-F1: 0.2918 | Balanced Acc: 0.2964
2026-06-08 13:24:49,256 - INFO - --> Saved new best model with Macro-F1: 0.2918
2026-06-08 13:24:49,753 - INFO - Epoch [04/50] | Train Loss: 1.4956 | Val Loss: 1.5433 | Macro-F1: 0.3127 | Balanced Acc: 0.3214
2026-06-08 13:24:49,902 - INFO - --> Saved new best model with Macro-F1: 0.3127
2026-06-08 13:24:50,416 - INFO - Epoch [05/50] | Train Loss: 1.4629 | Val Loss: 1.5755 | Macro-F1: 0.2526 | Balanced Acc: 0.2679
2026-06-08 13:24:50,984 - INFO - Epoch [06/50] | Train Loss: 1.4837 | Val Loss: 1.6226 | Macro-F1: 0.2762 | Balanced Acc: 0.3000
2026-06-08 13:24:51,551 - INFO - Epoch [07/50] | Train Loss: 1.5118 | Val Loss: 1.5672 | Macro-F1: 0.3164 | Balanced Acc: 0.3250
2026-06-08 13:24:51,705 - INFO - --> Saved new best model with Macro-F1: 0.3164
2026-06-08 13:24:52,226 - INFO - Epoch [08/50] | Train Loss: 1.5070 | Val Loss: 1.5513 | Macro-F1: 0.3160 | Balanced Acc: 0.3214
2026-06-08 13:24:52,760 - INFO - Epoch [09/50] | Train Loss: 1.4167 | Val Loss: 1.5449 | Macro-F1: 0.3978 | Balanced Acc: 0.3964
2026-06-08 13:24:52,905 - INFO - --> Saved new best model with Macro-F1: 0.3978
2026-06-08 13:24:53,512 - INFO - Epoch [10/50] | Train Loss: 1.3801 | Val Loss: 1.4655 | Macro-F1: 0.4846 | Balanced Acc: 0.4750
2026-06-08 13:24:53,647 - INFO - --> Saved new best model with Macro-F1: 0.4846
2026-06-08 13:24:54,175 - INFO - Epoch [11/50] | Train Loss: 1.4067 | Val Loss: 1.4804 | Macro-F1: 0.4283 | Balanced Acc: 0.4250
2026-06-08 13:24:54,712 - INFO - Epoch [12/50] | Train Loss: 1.3944 | Val Loss: 1.5029 | Macro-F1: 0.4312 | Balanced Acc: 0.4250
2026-06-08 13:24:55,220 - INFO - Epoch [13/50] | Train Loss: 1.3353 | Val Loss: 1.4815 | Macro-F1: 0.4026 | Balanced Acc: 0.4000
2026-06-08 13:24:55,844 - INFO - Epoch [14/50] | Train Loss: 1.3731 | Val Loss: 1.4678 | Macro-F1: 0.4320 | Balanced Acc: 0.4250
2026-06-08 13:24:56,481 - INFO - Epoch [15/50] | Train Loss: 1.4039 | Val Loss: 1.4369 | Macro-F1: 0.4253 | Balanced Acc: 0.4286
2026-06-08 13:24:57,053 - INFO - Epoch [16/50] | Train Loss: 1.3247 | Val Loss: 1.3960 | Macro-F1: 0.4902 | Balanced Acc: 0.4750
2026-06-08 13:24:57,232 - INFO - --> Saved new best model with Macro-F1: 0.4902
2026-06-08 13:24:57,781 - INFO - Epoch [17/50] | Train Loss: 1.3275 | Val Loss: 1.4560 | Macro-F1: 0.4435 | Balanced Acc: 0.4571
2026-06-08 13:24:58,312 - INFO - Epoch [18/50] | Train Loss: 1.3559 | Val Loss: 1.4104 | Macro-F1: 0.5056 | Balanced Acc: 0.5071
2026-06-08 13:24:58,483 - INFO - --> Saved new best model with Macro-F1: 0.5056
2026-06-08 13:24:58,994 - INFO - Epoch [19/50] | Train Loss: 1.4419 | Val Loss: 1.4294 | Macro-F1: 0.5093 | Balanced Acc: 0.5357
2026-06-08 13:24:59,129 - INFO - --> Saved new best model with Macro-F1: 0.5093
2026-06-08 13:24:59,695 - INFO - Epoch [20/50] | Train Loss: 1.3692 | Val Loss: 1.4274 | Macro-F1: 0.5114 | Balanced Acc: 0.5036
2026-06-08 13:24:59,842 - INFO - --> Saved new best model with Macro-F1: 0.5114
2026-06-08 13:25:00,344 - INFO - Epoch [21/50] | Train Loss: 1.3434 | Val Loss: 1.4723 | Macro-F1: 0.4605 | Balanced Acc: 0.4536
2026-06-08 13:25:00,856 - INFO - Epoch [22/50] | Train Loss: 1.4280 | Val Loss: 1.3836 | Macro-F1: 0.4922 | Balanced Acc: 0.4786
2026-06-08 13:25:01,456 - INFO - Epoch [23/50] | Train Loss: 1.3518 | Val Loss: 1.3594 | Macro-F1: 0.5514 | Balanced Acc: 0.5500
2026-06-08 13:25:01,634 - INFO - --> Saved new best model with Macro-F1: 0.5514
2026-06-08 13:25:02,160 - INFO - Epoch [24/50] | Train Loss: 1.3243 | Val Loss: 1.4325 | Macro-F1: 0.4904 | Balanced Acc: 0.4786
2026-06-08 13:25:02,863 - INFO - Epoch [25/50] | Train Loss: 1.3405 | Val Loss: 1.4887 | Macro-F1: 0.4692 | Balanced Acc: 0.4821
2026-06-08 13:25:03,472 - INFO - Epoch [26/50] | Train Loss: 1.3487 | Val Loss: 1.4055 | Macro-F1: 0.4447 | Balanced Acc: 0.4536
2026-06-08 13:25:04,181 - INFO - Epoch [27/50] | Train Loss: 1.3048 | Val Loss: 1.4142 | Macro-F1: 0.5208 | Balanced Acc: 0.5393
2026-06-08 13:25:04,788 - INFO - Epoch [28/50] | Train Loss: 1.3590 | Val Loss: 1.3679 | Macro-F1: 0.4931 | Balanced Acc: 0.5107
2026-06-08 13:25:05,384 - INFO - Epoch [29/50] | Train Loss: 1.4136 | Val Loss: 1.4237 | Macro-F1: 0.5202 | Balanced Acc: 0.5357
2026-06-08 13:25:05,947 - INFO - Epoch [30/50] | Train Loss: 1.4104 | Val Loss: 1.4601 | Macro-F1: 0.4608 | Balanced Acc: 0.5143
2026-06-08 13:25:06,589 - INFO - Epoch [31/50] | Train Loss: 1.3087 | Val Loss: 1.4607 | Macro-F1: 0.4112 | Balanced Acc: 0.4571
2026-06-08 13:25:07,117 - INFO - Epoch [32/50] | Train Loss: 1.3389 | Val Loss: 1.4989 | Macro-F1: 0.5241 | Balanced Acc: 0.5393
2026-06-08 13:25:07,653 - INFO - Epoch [33/50] | Train Loss: 1.3412 | Val Loss: 1.4284 | Macro-F1: 0.4643 | Balanced Acc: 0.4821
2026-06-08 13:25:08,278 - INFO - Epoch [34/50] | Train Loss: 1.3300 | Val Loss: 1.4577 | Macro-F1: 0.4666 | Balanced Acc: 0.4857
2026-06-08 13:25:08,901 - INFO - Epoch [35/50] | Train Loss: 1.2688 | Val Loss: 1.4300 | Macro-F1: 0.4657 | Balanced Acc: 0.4821
2026-06-08 13:25:09,480 - INFO - Epoch [36/50] | Train Loss: 1.3308 | Val Loss: 1.4049 | Macro-F1: 0.4750 | Balanced Acc: 0.4786
2026-06-08 13:25:10,082 - INFO - Epoch [37/50] | Train Loss: 1.3768 | Val Loss: 1.3639 | Macro-F1: 0.4597 | Balanced Acc: 0.4536
2026-06-08 13:25:10,787 - INFO - Epoch [38/50] | Train Loss: 1.2337 | Val Loss: 1.3944 | Macro-F1: 0.4582 | Balanced Acc: 0.4821
2026-06-08 13:25:11,426 - INFO - Epoch [39/50] | Train Loss: 1.3575 | Val Loss: 1.4389 | Macro-F1: 0.4790 | Balanced Acc: 0.4821
2026-06-08 13:25:12,225 - INFO - Epoch [40/50] | Train Loss: 1.3467 | Val Loss: 1.4517 | Macro-F1: 0.5034 | Balanced Acc: 0.5071
2026-06-08 13:25:12,762 - INFO - Epoch [41/50] | Train Loss: 1.2507 | Val Loss: 1.4329 | Macro-F1: 0.5252 | Balanced Acc: 0.5286
2026-06-08 13:25:13,353 - INFO - Epoch [42/50] | Train Loss: 1.3077 | Val Loss: 1.4481 | Macro-F1: 0.4978 | Balanced Acc: 0.5107
2026-06-08 13:25:13,926 - INFO - Epoch [43/50] | Train Loss: 1.3064 | Val Loss: 1.4862 | Macro-F1: 0.4671 | Balanced Acc: 0.4857
2026-06-08 13:25:14,485 - INFO - Epoch [44/50] | Train Loss: 1.2399 | Val Loss: 1.3999 | Macro-F1: 0.5190 | Balanced Acc: 0.5357
2026-06-08 13:25:15,011 - INFO - Epoch [45/50] | Train Loss: 1.2754 | Val Loss: 1.3672 | Macro-F1: 0.4945 | Balanced Acc: 0.5107
2026-06-08 13:25:15,573 - INFO - Epoch [46/50] | Train Loss: 1.3037 | Val Loss: 1.3602 | Macro-F1: 0.5383 | Balanced Acc: 0.5286
2026-06-08 13:25:16,153 - INFO - Epoch [47/50] | Train Loss: 1.3116 | Val Loss: 1.4268 | Macro-F1: 0.4675 | Balanced Acc: 0.4857
2026-06-08 13:25:16,739 - INFO - Epoch [48/50] | Train Loss: 1.3150 | Val Loss: 1.4196 | Macro-F1: 0.5619 | Balanced Acc: 0.5893
2026-06-08 13:25:16,873 - INFO - --> Saved new best model with Macro-F1: 0.5619
2026-06-08 13:25:17,413 - INFO - Epoch [49/50] | Train Loss: 1.3378 | Val Loss: 1.3851 | Macro-F1: 0.4491 | Balanced Acc: 0.4500
2026-06-08 13:25:17,944 - INFO - Epoch [50/50] | Train Loss: 1.2328 | Val Loss: 1.4377 | Macro-F1: 0.4797 | Balanced Acc: 0.4821
2026-06-08 13:25:18,044 - INFO - Training completed. Last model saved.
